Renesas Optimizing Linker (W3.07.00 )             20-Oct-2025 23:11:02

*** Options ***

-MAKEUD=C:\WorkSpace\rx62n_sci_async\rx62n_sci_async\Debug\rx62n_sci_async.lk.ud
-subcommand=C:\WorkSpace\rx62n_sci_async\rx62n_sci_async\Debug\rx62n_sci_async.clnk
-noprelink
-nomessage
-list=C:\WorkSpace\rx62n_sci_async\rx62n_sci_async\Debug\rx62n_sci_async.map
-show=symbol,total_size
-nooptimize
-start=B_1,R_1,B_2,R_2,B,R,SU,SI,W*/00001000,P/0FFFF0000,PResetPRG/0FFFFD000,C_1,C_2,C,C$*,D_1,D_2,D,PIntPRG,L/0FFFFD100,FIXEDVECT/0FFFFFFD0
-rom=D=R,D_1=R_1,D_2=R_2
-nologo
-input=C:\WorkSpace\rx62n_sci_async\rx62n_sci_async\Debug\dbsct.obj
-input=C:\WorkSpace\rx62n_sci_async\rx62n_sci_async\Debug\main.obj
-input=C:\WorkSpace\rx62n_sci_async\rx62n_sci_async\Debug\resetprg.obj
-input=C:\WorkSpace\rx62n_sci_async\rx62n_sci_async\Debug\sbrk.obj
-input=C:\WorkSpace\rx62n_sci_async\rx62n_sci_async\Debug\sci.obj
-input=C:\WorkSpace\rx62n_sci_async\rx62n_sci_async\Debug\hwsetup.obj
-input=C:\WorkSpace\rx62n_sci_async\rx62n_sci_async\Debug\iic.obj
-input=C:\WorkSpace\rx62n_sci_async\rx62n_sci_async\Debug\Interrupt_INTC.obj
-input=C:\WorkSpace\rx62n_sci_async\rx62n_sci_async\Debug\Interrupt_MTU2.obj
-input=C:\WorkSpace\rx62n_sci_async\rx62n_sci_async\Debug\R_PG_Clock.obj
-input=C:\WorkSpace\rx62n_sci_async\rx62n_sci_async\Debug\R_PG_IO_PORT_P1.obj
-input=C:\WorkSpace\rx62n_sci_async\rx62n_sci_async\Debug\R_PG_IO_PORT_PE.obj
-input=C:\WorkSpace\rx62n_sci_async\rx62n_sci_async\Debug\R_PG_Timer_MTU_U0.obj
-input=C:\WorkSpace\rx62n_sci_async\rx62n_sci_async\Debug\R_PG_Timer_MTU_U0_C0.obj
-input=C:\WorkSpace\rx62n_sci_async\rx62n_sci_async\Debug\R_PG_Timer_MTU_U1.obj
-input=C:\WorkSpace\rx62n_sci_async\rx62n_sci_async\Debug\R_PG_Timer_MTU_U1_C6.obj
-input=C:\WorkSpace\rx62n_sci_async\rx62n_sci_async\Debug\R_PG_Timer_MTU_U1_C7.obj
-input=C:\WorkSpace\rx62n_sci_async\rx62n_sci_async\Debug\command.obj
-input=C:\WorkSpace\rx62n_sci_async\rx62n_sci_async\Debug\iicComExe.obj
-library=C:\Renesas\PDG2\lib\RX62N\RX62N_library_144_little.lib
-library=C:\WorkSpace\rx62n_sci_async\rx62n_sci_async\Debug\rx62n_sci_async.lib
-output=C:\WorkSpace\rx62n_sci_async\rx62n_sci_async\Debug\rx62n_sci_async.abs
-end

*** Error information ***

W0561100:Cannot find "PIntPRG" specified in option "start"

*** Mapping List ***

SECTION                            START      END         SIZE   ALIGN
B_1
                                  00001000  00001038        39   1
R_1
                                  00001039  00001042         a   1
B_2
                                  00001044  00001047         4   2
R_2
                                  00001048  00001048         0   1
B
                                  00001048  00001637       5f0   4
R
                                  00001638  000017c7       190   4
SU
                                  000017c8  000018c7       100   4
SI
                                  000018c8  00001bc7       300   4
W
                                  00001bc8  00001bc8         0   4
W_1
                                  00001bc8  00001c37        70   1
W_2
                                  00001c38  00001da5       16e   2
P
                                  ffff0000  ffff7ef4      7ef5   1
PResetPRG
                                  ffffd000  ffffd034        35   1
C_1
                                  ffffd100  ffffd2c7       1c8   1
C_2
                                  ffffd2c8  ffffd6cb       404   2
C
                                  ffffd6cc  ffffd72f        64   4
C$DSEC
                                  ffffd730  ffffd753        24   4
C$BSEC
                                  ffffd754  ffffd76b        18   4
C$VECT
                                  ffffd76c  ffffdb6b       400   4
D_1
                                  ffffdb6c  ffffdb75         a   1
D_2
                                  ffffdb76  ffffdb76         0   1
D
                                  ffffdb78  ffffdd07       190   4
L
                                  ffffdd08  ffffdd3c        35   4
FIXEDVECT
                                  ffffffd0  ffffffff        30   4

*** Total Section Size ***

RAMDATA SECTION:  00000bc7 Byte(s)
ROMDATA SECTION:  00000e49 Byte(s)
PROGRAM SECTION:  00007f2a Byte(s)

*** Symbol List ***

SECTION=
FILE=                               START        END    SIZE
  SYMBOL                            ADDR        SIZE    INFO      COUNTS  OPT

SECTION=B_1
FILE=C:\WorkSpace\rx62n_sci_async\rx62n_sci_async\Debug\main.obj
                                  00001000  00001013        14
  _rx_buf
                                  00001000         c   data ,l         * 
  _isRbuffFull
                                  0000100c         1   data ,g         * 
  _write_data
                                  0000100d         3   data ,g         * 
  _addr
                                  00001010         2   data ,g         * 
  _tr
                                  00001012         1   data ,g         * 
  _rcv
                                  00001013         1   data ,g         * 
FILE=C:\WorkSpace\rx62n_sci_async\rx62n_sci_async\Debug\sci.obj
                                  00001014  00001016         3
  _tx_cnt
                                  00001014         1   data ,l         * 
  _rx_cnt
                                  00001015         1   data ,l         * 
  _last_received_byte
                                  00001016         1   data ,g         * 
FILE=C:\WorkSpace\rx62n_sci_async\rx62n_sci_async\Debug\iicComExe.obj
                                  00001017  00001032        1c
  _trm_eeprom_adr
                                  00001017         2   data ,g         * 
  _rcv_eeprom_adr
                                  00001019         2   data ,g         * 
  _trm_buff
                                  0000101b         c   data ,g         * 
  _rcv_buff
                                  00001027         c   data ,g         * 
FILE=globals_INTC
                                  00001033  00001034         2
  _rpdl_INTC_brk_command
                                  00001033         1   data ,g         * 
  _rpdl_INTC_brk_data8
                                  00001034         1   data ,g         * 
FILE=globals_MTU2
                                  00001035  00001036         2
  _rpdl_MTU2_tmdr_copy
                                  00001035         2   data ,g         * 
FILE=globals_ADC_10
                                  00001037  00001038         2
  _rpdl_adcsr0_copy
                                  00001037         1   data ,g         * 
  _rpdl_adcsr1_copy
                                  00001038         1   data ,g         * 

SECTION=R_1
FILE=C:\WorkSpace\rx62n_sci_async\rx62n_sci_async\Debug\main.obj
                                  00001039  0000103e         6
  _sci_state
                                  00001039         1   data ,l         * 
  _tx_buf
                                  0000103a         5   data ,l         * 
FILE=C:\WorkSpace\rx62n_sci_async\rx62n_sci_async\Debug\sci.obj
                                  0000103f  00001041         3
  _state
                                  0000103f         1   data ,l         * 
  _rx_index
                                  00001040         1   data ,g         * 
  _data_received_flag
                                  00001041         1   data ,g         * 
FILE=xstate
                                  00001042  00001042         1
  __Mbcurmax
                                  00001042         1   data ,g         * 

SECTION=B_2
FILE=C:\WorkSpace\rx62n_sci_async\rx62n_sci_async\Debug\main.obj
                                  00001044  00001045         2
  _Under_over_flow_cnt
                                  00001044         2   data ,g         * 
FILE=C:\WorkSpace\rx62n_sci_async\rx62n_sci_async\Debug\iic.obj
                                  00001046  00001047         2
  _ssr
                                  00001046         2   data ,g         * 

SECTION=B
FILE=C:\WorkSpace\rx62n_sci_async\rx62n_sci_async\Debug\sbrk.obj
                                  00001048  00001447       400
  _heap_area
                                  00001048       400   data ,l         * 
FILE=C:\WorkSpace\rx62n_sci_async\rx62n_sci_async\Debug\sci.obj
                                  00001448  0000145b        14
  _pbuf_tx
                                  00001448         4   data ,l         * 
  _pbuf_rx
                                  0000144c         4   data ,l         * 
  _pcb_sci_tx_end
                                  00001450         4   data ,g         * 
  _pcb_sci_rx_end
                                  00001454         4   data ,g         * 
  _pcb_sci_rx_error
                                  00001458         4   data ,g         * 
FILE=C:\WorkSpace\rx62n_sci_async\rx62n_sci_async\Debug\iic.obj
                                  0000145c  0000147b        20
  _iic_buff
                                  0000145c        10   data ,l         * 
  _iic_mode
                                  0000146c         4   data ,l         * 
  _iic_status
                                  00001470         4   data ,l         * 
  _iic_trm_cnt
                                  00001474         4   data ,l         * 
  _iic_rcv_cnt
                                  00001478         4   data ,l         * 
FILE=C:\WorkSpace\rx62n_sci_async\rx62n_sci_async\Debug\iicComExe.obj
                                  0000147c  0000149b        20
  _iic_buff_prm
                                  0000147c        20   data ,g         * 
FILE=globals_INTC
                                  0000149c  0000149f         4
  _rpdl_INTC_saved_isp
                                  0000149c         4   data ,g         * 
FILE=globals_MTU2
                                  000014a0  0000161f       180
  _rpdl_MTU2_func1_callback_func
                                  000014a0        30   data ,g         * 
  _rpdl_MTU2_func2_callback_func
                                  000014d0        30   data ,g         * 
  _rpdl_MTU2_func3_callback_func
                                  00001500        30   data ,g         * 
  _rpdl_MTU2_func4_callback_func
                                  00001530        30   data ,g         * 
  _rpdl_MTU2_TGRE_callback_func
                                  00001560        30   data ,g         * 
  _rpdl_MTU2_TGRF_callback_func
                                  00001590        30   data ,g         * 
  _rpdl_MTU2_Overflow_callback_func
                                  000015c0        30   data ,g         * 
  _rpdl_MTU2_Underflow_callback_func
                                  000015f0        30   data ,g         * 
FILE=globals_ADC_10
                                  00001620  00001627         8
  _rpdl_ADC_10_callback_func
                                  00001620         8   data ,g         * 
FILE=globals_CGC
                                  00001628  00001633         c
  _rpdl_CGC_f_pclk
                                  00001628         4   data ,g         * 
  _rpdl_CGC_f_iclk
                                  0000162c         4   data ,g         * 
  _rpdl_CGC_f_bclk
                                  00001630         4   data ,g         * 
FILE=_errno
                                  00001634  00001637         4
  __errno
                                  00001634         4   data ,g         * 

SECTION=R
FILE=C:\WorkSpace\rx62n_sci_async\rx62n_sci_async\Debug\main.obj
                                  00001638  00001647        10
  _received_value
                                  00001638         4   data ,g         * 
  _isReadI2C
                                  0000163c         4   data ,g         * 
  _cnt
                                  00001640         4   data ,g         * 
  _a
                                  00001644         4   data ,g         * 
FILE=C:\WorkSpace\rx62n_sci_async\rx62n_sci_async\Debug\sbrk.obj
                                  00001648  0000164b         4
  _brk
                                  00001648         4   data ,l         * 
FILE=globals_INTC
                                  0000164c  000016a3        58
  _rpdl_INTC_callback_func
                                  0000164c        58   data ,g         * 
FILE=xctype
                                  000016a4  000016ab         8
  __Ctype
                                  000016a4         4   data ,g         * 
  __Tls_setup__Ctype
                                  000016a8         4   data ,g         * 
FILE=localeco
                                  000016ac  000016ff        54
  __Locale
                                  000016ac        50   data ,g         * 
  __Tls_setup__Locale
                                  000016fc         4   data ,g         * 
FILE=xstate
                                  00001700  00001747        48
  __Tls_setup__Mbcurmax
                                  00001700         4   data ,g         * 
  __Mbstate
                                  00001704        40   data ,g         * 
  __Tls_setup__Mbstate
                                  00001744         4   data ,g         * 
FILE=xfvalues
                                  00001748  000017bf        78
  __FDenorm
                                  00001748        10   data ,g         * 
  __FEps
                                  00001758        10   data ,g         * 
  __FHugeval
                                  00001768        10   data ,g         * 
  __FInf
                                  00001778        10   data ,g         * 
  __FNan
                                  00001788        10   data ,g         * 
  __FSnan
                                  00001798        10   data ,g         * 
  __FRteps
                                  000017a8        10   data ,g         * 
  __FXbig
                                  000017b8         4   data ,g         * 
  __FZero
                                  000017bc         4   data ,g         * 
FILE=xtolotab
                                  000017c0  000017c7         8
  __Tolotab
                                  000017c0         4   data ,g         * 
  __Tls_setup__Tolotab
                                  000017c4         4   data ,g         * 

SECTION=SU
FILE=C:\WorkSpace\rx62n_sci_async\rx62n_sci_async\Debug\resetprg.obj
                                  000017c8  000018c7       100

SECTION=SI
FILE=C:\WorkSpace\rx62n_sci_async\rx62n_sci_async\Debug\resetprg.obj
                                  000018c8  00001bc7       300

SECTION=W_1
FILE=R_IO_PORT_SetAll
                                  00001bc8  00001bcf         8
FILE=R_MTU2_ControlChannelAll
                                  00001bd0  00001bf3        24
FILE=R_MTU2_CreateAll
                                  00001bf4  00001c37        44

SECTION=W_2
FILE=C:\WorkSpace\rx62n_sci_async\rx62n_sci_async\Debug\Interrupt_INTC.obj
                                  00001c38  00001c4b        14
FILE=R_MTU2_ControlChannelAll
                                  00001c4c  00001c63        18
FILE=R_MTU2_CreateAll
                                  00001c64  00001ceb        88
FILE=R_MTU2_ReadChannelAll
                                  00001cec  00001d4b        60
FILE=utilities_MTU2
                                  00001d4c  00001da5        5a

SECTION=P
FILE=C:\WorkSpace\rx62n_sci_async\rx62n_sci_async\Debug\main.obj
                                  ffff0000  ffff026e       26f
  _main
                                  ffff0000        9b   func ,g         * 
  _port_init
                                  ffff009b         1   func ,l         * 
  _CpuCreate
                                  ffff009c        12   func ,l         * 
  _CpuIntCreate
                                  ffff00ae        59   func ,l         * 
  _IICPortCreate
                                  ffff0107        10   func ,l         * 
  _peripheral_init
                                  ffff0117         4   func ,l         * 
  _cb_sci_tx_end
                                  ffff011b         a   func ,l         * 
  _tolower_local
                                  ffff0125         e   func ,l         * 
  _cb_sci_rx_end
                                  ffff0133        b6   func ,l         * 
  _cb_sci_rx_error
                                  ffff01e9        14   func ,l         * 
  _Mtu0IcCmAIntFunc
                                  ffff01fd        49   func ,g         * 
  _Mtu6IcCmBIntFunc
                                  ffff0246         1   func ,g         * 
  _Mtu6IcCmCIntFunc
                                  ffff0247         0   func ,g         * 
  _irMtu7_A
                                  ffff0247         e   func ,l         * 
  _Mtu7OvIntFunc
                                  ffff0255         d   func ,g         * 
  _Mtu7UnIntFunc
                                  ffff0262         d   func ,g         * 
FILE=C:\WorkSpace\rx62n_sci_async\rx62n_sci_async\Debug\sbrk.obj
                                  ffff026f  ffff028f        21
  _sbrk
                                  ffff026f        21   func ,g         * 
FILE=C:\WorkSpace\rx62n_sci_async\rx62n_sci_async\Debug\sci.obj
                                  ffff0290  ffff0541       2b2
  _SCI_Init
                                  ffff0290        8a   func ,g         * 
  _SCI_StartReceive
                                  ffff031a        48   func ,g         * 
  _SCI_StartTransmit
                                  ffff0362        3a   func ,g         * 
  _SCI_GetState
                                  ffff039c         9   func ,g         * 
  _sci_txi_isr
                                  ffff03a5        34   func ,l         * 
  _sci_tei_isr
                                  ffff03d9        25   func ,l         * 
  _sci_rxi_isr
                                  ffff03fe        50   func ,l         * 
  _sci_eri_isr
                                  ffff044e        8e   func ,l         * 
  _Excep_SCIn_ERIn
                                  ffff04dc        28   func ,l         * 
  _Excep_SCIn_RXIn
                                  ffff0504         d   func ,l         * 
  _Excep_SCIn_TXIn
                                  ffff0511         d   func ,l         * 
  _Excep_SCIn_TEIn
                                  ffff051e        24   func ,l         * 
FILE=C:\WorkSpace\rx62n_sci_async\rx62n_sci_async\Debug\hwsetup.obj
                                  ffff0542  ffff0565        24
  _HardwareSetup
                                  ffff0542        24   func ,g         * 
FILE=C:\WorkSpace\rx62n_sci_async\rx62n_sci_async\Debug\iic.obj
                                  ffff0566  ffff0990       42b
  _IIC_Create
                                  ffff0566        6f   func ,g         * 
  _IIC_Destroy
                                  ffff05d5         c   func ,g         * 
  _IIC_EepWrite
                                  ffff05e1        57   func ,g         * 
  _IIC_RandomRead
                                  ffff0638        6a   func ,g         * 
  _IIC_GetStatus
                                  ffff06a2        18   func ,g         * 
  _IIC_EEI_Int
                                  ffff06ba        3d   func ,g         * 
  _IIC_EEI_IntTimeOut
                                  ffff06f7         3   func ,l         * 
  _IIC_EEI_IntAL
                                  ffff06fa         3   func ,l         * 
  _IIC_EEI_IntSP
                                  ffff06fd        66   func ,l         * 
  _IIC_EEI_IntST
                                  ffff0763        17   func ,l         * 
  _IIC_EEI_IntNack
                                  ffff077a        20   func ,l         * 
  _IIC_RXI_Int
                                  ffff079a        19   func ,g         * 
  _IIC_RXI_IntEepRead
                                  ffff07b3        73   func ,l         * 
  _IIC_TXI_Int
                                  ffff0826        16   func ,g         * 
  _IIC_TXI_IntEepWrite
                                  ffff083c        4d   func ,l         * 
  _IIC_TXI_IntEepRead
                                  ffff0889        39   func ,l         * 
  _IIC_TEI_Int
                                  ffff08c2        16   func ,g         * 
  _IIC_TEI_IntEepWrite
                                  ffff08d8         e   func ,l         * 
  _IIC_TEI_IntEepRead
                                  ffff08e6        11   func ,l         * 
  _IIC_GenClkSP
                                  ffff08f7        98   func ,l         * 
  _IIC_Error
                                  ffff098f         2   func ,l         * 
FILE=C:\WorkSpace\rx62n_sci_async\rx62n_sci_async\Debug\Interrupt_INTC.obj
                                  ffff0991  ffff0d41       3b1
  _Interrupt_IRQ0
                                  ffff0991        1c   func ,g         * 
  _Interrupt_IRQ1
                                  ffff09ad        1c   func ,g         * 
  _Interrupt_IRQ2
                                  ffff09c9        1c   func ,g         * 
  _Interrupt_IRQ3
                                  ffff09e5        1c   func ,g         * 
  _Interrupt_IRQ4
                                  ffff0a01        1c   func ,g         * 
  _Interrupt_IRQ5
                                  ffff0a1d        1c   func ,g         * 
  _Interrupt_IRQ6
                                  ffff0a39        1c   func ,g         * 
  _Interrupt_IRQ7
                                  ffff0a55        1c   func ,g         * 
  _Interrupt_IRQ8
                                  ffff0a71        1c   func ,g         * 
  _Interrupt_IRQ9
                                  ffff0a8d        1c   func ,g         * 
  _Interrupt_IRQ10
                                  ffff0aa9        1c   func ,g         * 
  _Interrupt_IRQ11
                                  ffff0ac5        1c   func ,g         * 
  _Interrupt_IRQ12
                                  ffff0ae1        1c   func ,g         * 
  _Interrupt_IRQ13
                                  ffff0afd        1c   func ,g         * 
  _Interrupt_IRQ14
                                  ffff0b19        1c   func ,g         * 
  _Interrupt_IRQ15
                                  ffff0b35        1c   func ,g         * 
  _Interrupt_SWINT
                                  ffff0b51        1c   func ,g         * 
  _Interrupt_BRK
                                  ffff0b6d       110   func ,g         * 
  _Excep_PrivilegedInst
                                  ffff0c7d        1c   func ,g         * 
  _Excep_Access
                                  ffff0c99        1c   func ,g         * 
  _Excep_UndefinedInst
                                  ffff0cb5        1c   func ,g         * 
  _Excep_FloatingPoint
                                  ffff0cd1        1c   func ,g         * 
  _Interrupt_NMI
                                  ffff0ced        1c   func ,g         * 
  _Excep_RIIC0_EEI0
                                  ffff0d09         e   func ,g         * 
  _Excep_RIIC0_RXI0
                                  ffff0d17         e   func ,g         * 
  _Excep_RIIC0_TXI0
                                  ffff0d25         e   func ,g         * 
  _Excep_RIIC0_TEI0
                                  ffff0d33         e   func ,g         * 
  _Dummy
                                  ffff0d41         1   func ,g         * 
FILE=C:\WorkSpace\rx62n_sci_async\rx62n_sci_async\Debug\Interrupt_MTU2.obj
                                  ffff0d42  ffff1361       620
  _Interrupt_MTU0_TGIA0
                                  ffff0d42        1c   func ,g         * 
  _Interrupt_MTU1_TGIA1
                                  ffff0d5e        1c   func ,g         * 
  _Interrupt_MTU2_TGIA2
                                  ffff0d7a        1c   func ,g         * 
  _Interrupt_MTU3_TGIA3
                                  ffff0d96        1c   func ,g         * 
  _Interrupt_MTU4_TGIA4
                                  ffff0db2        1c   func ,g         * 
  _Interrupt_MTU6_TGIA6
                                  ffff0dce        1c   func ,g         * 
  _Interrupt_MTU7_TGIA7
                                  ffff0dea        1c   func ,g         * 
  _Interrupt_MTU8_TGIA8
                                  ffff0e06        1c   func ,g         * 
  _Interrupt_MTU9_TGIA9
                                  ffff0e22        1c   func ,g         * 
  _Interrupt_MTU10_TGIA10
                                  ffff0e3e        1c   func ,g         * 
  _Interrupt_MTU0_TGIB0
                                  ffff0e5a        1c   func ,g         * 
  _Interrupt_MTU1_TGIB1
                                  ffff0e76        1c   func ,g         * 
  _Interrupt_MTU2_TGIB2
                                  ffff0e92        1c   func ,g         * 
  _Interrupt_MTU3_TGIB3
                                  ffff0eae        1c   func ,g         * 
  _Interrupt_MTU4_TGIB4
                                  ffff0eca        1c   func ,g         * 
  _Interrupt_MTU6_TGIB6
                                  ffff0ee6        1c   func ,g         * 
  _Interrupt_MTU7_TGIB7
                                  ffff0f02        1c   func ,g         * 
  _Interrupt_MTU8_TGIB8
                                  ffff0f1e        1c   func ,g         * 
  _Interrupt_MTU9_TGIB9
                                  ffff0f3a        1c   func ,g         * 
  _Interrupt_MTU10_TGIB10
                                  ffff0f56        1c   func ,g         * 
  _Interrupt_MTU0_TGIC0
                                  ffff0f72        1c   func ,g         * 
  _Interrupt_MTU3_TGIC3
                                  ffff0f8e        1c   func ,g         * 
  _Interrupt_MTU4_TGIC4
                                  ffff0faa        1c   func ,g         * 
  _Interrupt_MTU6_TGIC6
                                  ffff0fc6        1c   func ,g         * 
  _Interrupt_MTU9_TGIC9
                                  ffff0fe2        1c   func ,g         * 
  _Interrupt_MTU10_TGIC10
                                  ffff0ffe        1c   func ,g         * 
  _Interrupt_MTU0_TGID0
                                  ffff101a        1c   func ,g         * 
  _Interrupt_MTU3_TGID3
                                  ffff1036        1c   func ,g         * 
  _Interrupt_MTU4_TGID4
                                  ffff1052        1c   func ,g         * 
  _Interrupt_MTU6_TGID6
                                  ffff106e        1c   func ,g         * 
  _Interrupt_MTU9_TGID9
                                  ffff108a        1c   func ,g         * 
  _Interrupt_MTU10_TGID10
                                  ffff10a6        1c   func ,g         * 
  _Interrupt_MTU0_TGIE0
                                  ffff10c2        1c   func ,g         * 
  _Interrupt_MTU6_TGIE6
                                  ffff10de        1c   func ,g         * 
  _Interrupt_MTU0_TGIF0
                                  ffff10fa        1c   func ,g         * 
  _Interrupt_MTU6_TGIF6
                                  ffff1116        1c   func ,g         * 
  _Interrupt_MTU0_TCIV0
                                  ffff1132        1c   func ,g         * 
  _Interrupt_MTU1_TCIV1
                                  ffff114e        1c   func ,g         * 
  _Interrupt_MTU2_TCIV2
                                  ffff116a        1c   func ,g         * 
  _Interrupt_MTU3_TCIV3
                                  ffff1186        1c   func ,g         * 
  _Interrupt_MTU4_TCIV4
                                  ffff11a2        1c   func ,g         * 
  _Interrupt_MTU6_TCIV6
                                  ffff11be        1c   func ,g         * 
  _Interrupt_MTU7_TCIV7
                                  ffff11da        1c   func ,g         * 
  _Interrupt_MTU8_TCIV8
                                  ffff11f6        1c   func ,g         * 
  _Interrupt_MTU9_TCIV9
                                  ffff1212        1c   func ,g         * 
  _Interrupt_MTU10_TCIV10
                                  ffff122e        1c   func ,g         * 
  _Interrupt_MTU1_TCIU1
                                  ffff124a        1c   func ,g         * 
  _Interrupt_MTU2_TCIU2
                                  ffff1266        1c   func ,g         * 
  _Interrupt_MTU7_TCIU7
                                  ffff1282        1c   func ,g         * 
  _Interrupt_MTU8_TCIU8
                                  ffff129e        1c   func ,g         * 
  _Interrupt_MTU5_TGIU5
                                  ffff12ba        1c   func ,g         * 
  _Interrupt_MTU11_TGIU11
                                  ffff12d6        1c   func ,g         * 
  _Interrupt_MTU5_TGIV5
                                  ffff12f2        1c   func ,g         * 
  _Interrupt_MTU11_TGIV11
                                  ffff130e        1c   func ,g         * 
  _Interrupt_MTU5_TGIW5
                                  ffff132a        1c   func ,g         * 
  _Interrupt_MTU11_TGIW11
                                  ffff1346        1c   func ,g         * 
FILE=C:\WorkSpace\rx62n_sci_async\rx62n_sci_async\Debug\R_PG_Clock.obj
                                  ffff1362  ffff1391        30
  _R_PG_Clock_Set
                                  ffff1362        20   func ,g         * 
  _R_PG_Clock_Start_SUB
                                  ffff1382         8   func ,g         * 
  _R_PG_Clock_Stop_SUB
                                  ffff138a         8   func ,g         * 
FILE=C:\WorkSpace\rx62n_sci_async\rx62n_sci_async\Debug\R_PG_IO_PORT_P1.obj
                                  ffff1392  ffff1492       101
  _R_PG_IO_PORT_Set_P1
                                  ffff1392        27   func ,g         * 
  _R_PG_IO_PORT_Set_P12
                                  ffff13b9         e   func ,g         * 
  _R_PG_IO_PORT_Set_P13
                                  ffff13c7         e   func ,g         * 
  _R_PG_IO_PORT_Read_P1
                                  ffff13d5         c   func ,g         * 
  _R_PG_IO_PORT_Read_P12
                                  ffff13e1         e   func ,g         * 
  _R_PG_IO_PORT_Read_P13
                                  ffff13ef         e   func ,g         * 
  _R_PG_IO_PORT_Read_P14
                                  ffff13fd         f   func ,g         * 
  _R_PG_IO_PORT_Read_P15
                                  ffff140c         f   func ,g         * 
  _R_PG_IO_PORT_Read_P16
                                  ffff141b         f   func ,g         * 
  _R_PG_IO_PORT_Read_P17
                                  ffff142a         f   func ,g         * 
  _R_PG_IO_PORT_Write_P1
                                  ffff1439         8   func ,g         * 
  _R_PG_IO_PORT_Write_P12
                                  ffff1441         d   func ,g         * 
  _R_PG_IO_PORT_Write_P13
                                  ffff144e         d   func ,g         * 
  _R_PG_IO_PORT_Write_P14
                                  ffff145b         e   func ,g         * 
  _R_PG_IO_PORT_Write_P15
                                  ffff1469         e   func ,g         * 
  _R_PG_IO_PORT_Write_P16
                                  ffff1477         e   func ,g         * 
  _R_PG_IO_PORT_Write_P17
                                  ffff1485         e   func ,g         * 
FILE=C:\WorkSpace\rx62n_sci_async\rx62n_sci_async\Debug\R_PG_IO_PORT_PE.obj
                                  ffff1493  ffff168c       1fa
  _R_PG_IO_PORT_Set_PE
                                  ffff1493        92   func ,g         * 
  _R_PG_IO_PORT_Set_PE0
                                  ffff1525         e   func ,g         * 
  _R_PG_IO_PORT_Set_PE1
                                  ffff1533         e   func ,g         * 
  _R_PG_IO_PORT_Set_PE2
                                  ffff1541         e   func ,g         * 
  _R_PG_IO_PORT_Set_PE3
                                  ffff154f         e   func ,g         * 
  _R_PG_IO_PORT_Set_PE4
                                  ffff155d         f   func ,g         * 
  _R_PG_IO_PORT_Set_PE5
                                  ffff156c         f   func ,g         * 
  _R_PG_IO_PORT_Set_PE6
                                  ffff157b         f   func ,g         * 
  _R_PG_IO_PORT_Set_PE7
                                  ffff158a         f   func ,g         * 
  _R_PG_IO_PORT_Read_PE
                                  ffff1599         c   func ,g         * 
  _R_PG_IO_PORT_Read_PE0
                                  ffff15a5         e   func ,g         * 
  _R_PG_IO_PORT_Read_PE1
                                  ffff15b3         e   func ,g         * 
  _R_PG_IO_PORT_Read_PE2
                                  ffff15c1         e   func ,g         * 
  _R_PG_IO_PORT_Read_PE3
                                  ffff15cf         e   func ,g         * 
  _R_PG_IO_PORT_Read_PE4
                                  ffff15dd         f   func ,g         * 
  _R_PG_IO_PORT_Read_PE5
                                  ffff15ec         f   func ,g         * 
  _R_PG_IO_PORT_Read_PE6
                                  ffff15fb         f   func ,g         * 
  _R_PG_IO_PORT_Read_PE7
                                  ffff160a         f   func ,g         * 
  _R_PG_IO_PORT_Write_PE
                                  ffff1619         8   func ,g         * 
  _R_PG_IO_PORT_Write_PE0
                                  ffff1621         d   func ,g         * 
  _R_PG_IO_PORT_Write_PE1
                                  ffff162e         d   func ,g         * 
  _R_PG_IO_PORT_Write_PE2
                                  ffff163b         d   func ,g         * 
  _R_PG_IO_PORT_Write_PE3
                                  ffff1648         d   func ,g         * 
  _R_PG_IO_PORT_Write_PE4
                                  ffff1655         e   func ,g         * 
  _R_PG_IO_PORT_Write_PE5
                                  ffff1663         e   func ,g         * 
  _R_PG_IO_PORT_Write_PE6
                                  ffff1671         e   func ,g         * 
  _R_PG_IO_PORT_Write_PE7
                                  ffff167f         e   func ,g         * 
FILE=C:\WorkSpace\rx62n_sci_async\rx62n_sci_async\Debug\R_PG_Timer_MTU_U0.obj
                                  ffff168d  ffff1692         6
  _R_PG_Timer_StopModule_MTU_U0
                                  ffff168d         6   func ,g         * 
FILE=C:\WorkSpace\rx62n_sci_async\rx62n_sci_async\Debug\R_PG_Timer_MTU_U0_C0.obj
                                  ffff1693  ffff1964       2d2
  _R_PG_Timer_Set_MTU_U0_C0
                                  ffff1693        66   func ,g         * 
  _R_PG_Timer_StartCount_MTU_U0_C0
                                  ffff16f9        29   func ,g         * 
  _R_PG_Timer_HaltCount_MTU_U0_C0
                                  ffff1722        29   func ,g         * 
  _R_PG_Timer_GetCounterValue_MTU_U0_C0
                                  ffff174b        22   func ,g         * 
  _R_PG_Timer_SetCounterValue_MTU_U0_C0
                                  ffff176d        2a   func ,g         * 
  _R_PG_Timer_GetTGR_MTU_U0_C0
                                  ffff1797        47   func ,g         * 
  _R_PG_Timer_SetTGR_A_MTU_U0_C0
                                  ffff17de        2a   func ,g         * 
  _R_PG_Timer_SetTGR_B_MTU_U0_C0
                                  ffff1808        2a   func ,g         * 
  _R_PG_Timer_SetTGR_C_MTU_U0_C0
                                  ffff1832        2a   func ,g         * 
  _R_PG_Timer_SetTGR_D_MTU_U0_C0
                                  ffff185c        2a   func ,g         * 
  _R_PG_Timer_SetTGR_E_MTU_U0_C0
                                  ffff1886        2a   func ,g         * 
  _R_PG_Timer_SetTGR_F_MTU_U0_C0
                                  ffff18b0        2a   func ,g         * 
  _R_PG_Timer_GetRequestFlag_MTU_U0_C0
                                  ffff18da        8b   func ,g         * 
FILE=C:\WorkSpace\rx62n_sci_async\rx62n_sci_async\Debug\R_PG_Timer_MTU_U1.obj
                                  ffff1965  ffff196a         6
  _R_PG_Timer_StopModule_MTU_U1
                                  ffff1965         6   func ,g         * 
FILE=C:\WorkSpace\rx62n_sci_async\rx62n_sci_async\Debug\R_PG_Timer_MTU_U1_C6.obj
                                  ffff196b  ffff1c4e       2e4
  _R_PG_Timer_Set_MTU_U1_C6
                                  ffff196b        74   func ,g         * 
  _R_PG_Timer_StartCount_MTU_U1_C6
                                  ffff19df        2b   func ,g         * 
  _R_PG_Timer_HaltCount_MTU_U1_C6
                                  ffff1a0a        2b   func ,g         * 
  _R_PG_Timer_GetCounterValue_MTU_U1_C6
                                  ffff1a35        22   func ,g         * 
  _R_PG_Timer_SetCounterValue_MTU_U1_C6
                                  ffff1a57        2a   func ,g         * 
  _R_PG_Timer_GetTGR_MTU_U1_C6
                                  ffff1a81        47   func ,g         * 
  _R_PG_Timer_SetTGR_A_MTU_U1_C6
                                  ffff1ac8        2a   func ,g         * 
  _R_PG_Timer_SetTGR_B_MTU_U1_C6
                                  ffff1af2        2a   func ,g         * 
  _R_PG_Timer_SetTGR_C_MTU_U1_C6
                                  ffff1b1c        2a   func ,g         * 
  _R_PG_Timer_SetTGR_D_MTU_U1_C6
                                  ffff1b46        2a   func ,g         * 
  _R_PG_Timer_SetTGR_E_MTU_U1_C6
                                  ffff1b70        2a   func ,g         * 
  _R_PG_Timer_SetTGR_F_MTU_U1_C6
                                  ffff1b9a        2a   func ,g         * 
  _R_PG_Timer_GetRequestFlag_MTU_U1_C6
                                  ffff1bc4        8b   func ,g         * 
FILE=C:\WorkSpace\rx62n_sci_async\rx62n_sci_async\Debug\R_PG_Timer_MTU_U1_C7.obj
                                  ffff1c4f  ffff1e4d       1ff
  _R_PG_Timer_Set_MTU_U1_C7
                                  ffff1c4f        67   func ,g         * 
  _R_PG_Timer_StartCount_MTU_U1_C7
                                  ffff1cb6        2b   func ,g         * 
  _R_PG_Timer_HaltCount_MTU_U1_C7
                                  ffff1ce1        2b   func ,g         * 
  _R_PG_Timer_GetCounterValue_MTU_U1_C7
                                  ffff1d0c        22   func ,g         * 
  _R_PG_Timer_SetCounterValue_MTU_U1_C7
                                  ffff1d2e        2a   func ,g         * 
  _R_PG_Timer_GetTGR_MTU_U1_C7
                                  ffff1d58        29   func ,g         * 
  _R_PG_Timer_SetTGR_A_MTU_U1_C7
                                  ffff1d81        2a   func ,g         * 
  _R_PG_Timer_SetTGR_B_MTU_U1_C7
                                  ffff1dab        2a   func ,g         * 
  _R_PG_Timer_GetRequestFlag_MTU_U1_C7
                                  ffff1dd5        79   func ,g         * 
FILE=C:\WorkSpace\rx62n_sci_async\rx62n_sci_async\Debug\command.obj
                                  ffff1e4e  ffff1e7a        2d
  _findCommand
                                  ffff1e4e        29   func ,g         * 
  _CommandSpd
                                  ffff1e77         1   func ,g         * 
  _CommandPval
                                  ffff1e78         1   func ,g         * 
  _CommandIval
                                  ffff1e79         1   func ,g         * 
  _CommandDval
                                  ffff1e7a         1   func ,g         * 
FILE=C:\WorkSpace\rx62n_sci_async\rx62n_sci_async\Debug\iicComExe.obj
                                  ffff1e7b  ffff1fc0       146
  _SampleEepromWrite
                                  ffff1e7b        68   func ,g         * 
  _SampleEepromRead
                                  ffff1ee3        6d   func ,g         * 
  _IICAckPolling
                                  ffff1f50        71   func ,g         * 
FILE=R_CGC_ControlAll
                                  ffff1fc1  ffff202c        6c
  _R_CGC_ControlAll
                                  ffff1fc1        6c   func ,g         * 
FILE=R_CGC_SetAll
                                  ffff202d  ffff2255       229
  _R_CGC_SetAll
                                  ffff202d       229   func ,g         * 
FILE=R_IO_PORT_ReadDataAll
                                  ffff2256  ffff2271        1c
  _R_IO_PORT_ReadDataAll
                                  ffff2256        1c   func ,g         * 
FILE=R_IO_PORT_ReadDataRegisterAll
                                  ffff2272  ffff227f         e
  _R_IO_PORT_ReadDataRegisterAll
                                  ffff2272         e   func ,g         * 
FILE=R_IO_PORT_SetAll
                                  ffff2280  ffff233e        bf
  _R_IO_PORT_SetAll
                                  ffff2280        bf   func ,g         * 
FILE=R_IO_PORT_WriteAll
                                  ffff233f  ffff2362        24
  _R_IO_PORT_WriteAll
                                  ffff233f        24   func ,g         * 
FILE=R_IO_PORT_WriteRegisterAll
                                  ffff2363  ffff2370         e
  _R_IO_PORT_WriteRegisterAll
                                  ffff2363         e   func ,g         * 
FILE=R_MTU2_ControlChannelAll
                                  ffff2371  ffff27c2       452
  _R_MTU2_ControlChannelAll
                                  ffff2371       452   func ,g         * 
FILE=R_MTU2_CreateAll
                                  ffff27c3  ffff4ff6      2834
  _R_MTU2_CreateAll
                                  ffff27c3      2834   func ,g         * 
FILE=R_MTU2_DestroyAll
                                  ffff4ff7  ffff5090        9a
  _R_MTU2_DestroyAll
                                  ffff4ff7        9a   func ,g         * 
FILE=R_MTU2_ReadChannelAll
                                  ffff5091  ffff5614       584
  _R_MTU2_ReadChannelAll
                                  ffff5091       584   func ,g         * 
FILE=R_MTU2_SetAll
                                  ffff5615  ffff56c7        b3
  _R_MTU2_SetAll
                                  ffff5615        b3   func ,g         * 
FILE=utilities_ADC_10
                                  ffff56c8  ffff571f        58
  _rpdl_ADC_10_Start
                                  ffff56c8        19   func ,g         * 
  _rpdl_ADC_10_ModifyIEN
                                  ffff56e1        3f   func ,g         * 
FILE=utilities_MTU2
                                  ffff5720  ffff5ec2       7a3
  _R_MTU2_Create_load_defaults
                                  ffff5720        36   func ,g         * 
  _rpdl_MTU2_DisableIER
                                  ffff5756       1c4   func ,g         * 
  _rpdl_MTU2_EnableTGRAIER
                                  ffff591a        f8   func ,g         * 
  _rpdl_MTU2_EnableTGRBIER
                                  ffff5a12        f8   func ,g         * 
  _rpdl_MTU2_EnableTGRCIER
                                  ffff5b0a        a1   func ,g         * 
  _rpdl_MTU2_EnableTGRDIER
                                  ffff5bab        a1   func ,g         * 
  _rpdl_MTU2_EnableTGREIER
                                  ffff5c4c        37   func ,g         * 
  _rpdl_MTU2_EnableTGRFIER
                                  ffff5c83        37   func ,g         * 
  _rpdl_MTU2_EnableTGRUIER
                                  ffff5cba        37   func ,g         * 
  _rpdl_MTU2_EnableTGRVIER
                                  ffff5cf1        37   func ,g         * 
  _rpdl_MTU2_EnableTGRWIER
                                  ffff5d28        37   func ,g         * 
  _rpdl_MTU2_EnableTCIVIER
                                  ffff5d5f        f8   func ,g         * 
  _rpdl_MTU2_EnableTCIUIER
                                  ffff5e57        6c   func ,g         * 
FILE=sscanf
                                  ffff5ec3  ffff5efc        3a
  _scin
                                  ffff5ec3        1d   func ,l         * 
  _sscanf
                                  ffff5ee0        1d   func ,g         * 
FILE=atoi
                                  ffff5efd  ffff5f04         8
  _atoi
                                  ffff5efd         8   func ,g         * 
FILE=__initsct
                                  ffff5f05  ffff5f4e        4a
  __INITSCT
                                  ffff5f05         0   none ,g         * 
  loop1
                                  ffff5f17         0   none ,l         * 
  next_loop1
                                  ffff5f25         0   none ,l         * 
  loop3
                                  ffff5f37         0   none ,l         * 
  next_loop3
                                  ffff5f48         0   none ,l         * 
FILE=memset
                                  ffff5f4f  ffff5f55         7
  _memset
                                  ffff5f4f         7   func ,g         * 
FILE=xscanf
                                  ffff5f56  ffff61e7       292
  __Scanf
                                  ffff5f56       292   func ,g         * 
FILE=strtol
                                  ffff61e8  ffff6396       1af
  _strtol
                                  ffff61e8       1af   func ,g         * 
FILE=xgetfld
                                  ffff6397  ffff64f0       15a
  __Getfld
                                  ffff6397       15a   func ,g         * 
FILE=xvacopy
                                  ffff64f1  ffff64f3         3
  __Vacopy
                                  ffff64f1         3   func ,g         * 
FILE=strchr
                                  ffff64f4  ffff6506        13
  _strchr
                                  ffff64f4        13   func ,g         * 
FILE=_strchek
                                  ffff6507  ffff6524        1e
  __strchek
                                  ffff6507        1e   func ,g         * 
FILE=xctype
                                  ffff6525  ffff653a        16
  __Getpctype
                                  ffff6525        16   func ,g         * 
FILE=xgetint
                                  ffff653b  ffff67cc       292
  __Getint
                                  ffff653b       292   func ,g         * 
FILE=xgetfloa
                                  ffff67cd  ffff6f0b       73f
  __Getfloat
                                  ffff67cd       73f   func ,g         * 
FILE=xgetstr
                                  ffff6f0c  ffff7226       31b
  _ranmatch
                                  ffff6f0c        42   func ,l         * 
  __Getstr
                                  ffff6f4e       2d9   func ,g         * 
FILE=xstold
                                  ffff7227  ffff7313        ed
  __Stoldx
                                  ffff7227        e8   func ,g         * 
  __Stold
                                  ffff730f         5   func ,g         * 
FILE=localeco
                                  ffff7314  ffff731a         7
  _localeconv
                                  ffff7314         7   func ,g         * 
FILE=xmbtowc
                                  ffff731b  ffff7475       15b
  __Mbtowcx
                                  ffff731b       12c   func ,g         * 
  __Mbtowc
                                  ffff7447        2f   func ,g         * 
FILE=xldscale
                                  ffff7476  ffff7479         4
  __LDscale
                                  ffff7476         4   func ,g         * 
FILE=xstoull
                                  ffff747a  ffff7602       189
  __Stoullx
                                  ffff747a       184   func ,g         * 
  __Stoull
                                  ffff75fe         5   func ,g         * 
FILE=xstoll
                                  ffff7603  ffff76b2        b0
  __Stollx
                                  ffff7603        ab   func ,g         * 
  __Stoll
                                  ffff76ae         5   func ,g         * 
FILE=xstate
                                  ffff76b3  ffff76e4        32
  __Getmbcurmax
                                  ffff76b3        16   func ,g         * 
  __Getpmbstate
                                  ffff76c9        1c   func ,g         * 
FILE=xfdscale
                                  ffff76e5  ffff77f4       110
  __FDscale
                                  ffff76e5       110   func ,g         * 
FILE=xtolotab
                                  ffff77f5  ffff780a        16
  __Getptolower
                                  ffff77f5        16   func ,g         * 
FILE=xfdtento
                                  ffff780b  ffff78f5        eb
  _dmul
                                  ffff780b        21   func ,l         * 
  __FDtentox
                                  ffff782c        ca   func ,g         * 
FILE=xstoxflt
                                  ffff78f6  ffff7ae1       1ec
  __Stoxflt
                                  ffff78f6       1ec   func ,g         * 
FILE=xstoflt
                                  ffff7ae2  ffff7ca2       1c1
  __Stoflt
                                  ffff7ae2       1c1   func ,g         * 
FILE=xstopfx
                                  ffff7ca3  ffff7d9b        f9
  __Stopfx
                                  ffff7ca3        f9   func ,g         * 
FILE=__COM_DIV64u
                                  ffff7d9c  ffff7e34        99
  __COM_DIV64u
                                  ffff7d9c         0   none ,g         * 
  _Loop_Init
                                  ffff7da6         0   none ,l         * 
  _Loop
                                  ffff7dae         0   none ,l         * 
  _DivStart
                                  ffff7dba         0   none ,l         * 
  _Success
                                  ffff7dc8         0   none ,l         * 
  _DivEnd
                                  ffff7dd4         0   none ,l         * 
  IXI6DIV
                                  ffff7dd9         0   none ,l         * 
  IXI4DIV
                                  ffff7deb         0   none ,l         * 
  IXI2DIV
                                  ffff7dfb         0   none ,l         * 
  I8I2DIV
                                  ffff7e03         0   none ,l         * 
  I4I2DIV
                                  ffff7e31         0   none ,l         * 
  _i8divU_End
                                  ffff7e34         0   none ,l         * 
FILE=xfdnorm
                                  ffff7e35  ffff7e9d        69
  __FDnorm
                                  ffff7e35        69   func ,g         * 
FILE=xfdunsca
                                  ffff7e9e  ffff7ef4        57
  __FDunscale
                                  ffff7e9e        57   func ,g         * 

SECTION=PResetPRG
FILE=C:\WorkSpace\rx62n_sci_async\rx62n_sci_async\Debug\resetprg.obj
                                  ffffd000  ffffd034        35
  _PowerON_Reset_PC
                                  ffffd000        35   entry,g         * 

SECTION=C_1
FILE=globals_MTU2
                                  ffffd100  ffffd104         5
  _rpdl_MTU2_TSTR_mask
                                  ffffd100         5   data ,g         * 
FILE=globals_ADC_10
                                  ffffd105  ffffd108         4
  _rpdl_ADC_10_div_value
                                  ffffd105         4   data ,g         * 
FILE=globals_CGC
                                  ffffd109  ffffd10c         4
  _rpdl_CGC_xCLK_mul_value
                                  ffffd109         4   data ,g         * 
FILE=xscanf
                                  ffffd10d  ffffd112         6
  _fchar$1
                                  ffffd10d         6   data ,l         * 
FILE=_ctype
                                  ffffd113  ffffd212       100
  __ctype
                                  ffffd113       100   data ,g         * 
FILE=xgetint
                                  ffffd213  ffffd238        26
  _digits$1
                                  ffffd213        17   data ,l         * 
  _flit$2
                                  ffffd22a         8   data ,l         * 
  _barr$3
                                  ffffd232         7   data ,l         * 
FILE=xgetfloa
                                  ffffd239  ffffd24f        17
  _digits$1
                                  ffffd239        17   data ,l         * 
FILE=localeco
                                  ffffd250  ffffd250         1
  _null
                                  ffffd250         1   data ,l         * 
FILE=xstoull
                                  ffffd251  ffffd29a        4a
  _digits
                                  ffffd251        25   data ,l         * 
  _ndigs
                                  ffffd276        25   data ,l         * 
FILE=xstoxflt
                                  ffffd29b  ffffd2c7        2d
  _digits$1
                                  ffffd29b        17   data ,l         * 
  _vals$2
                                  ffffd2b2        16   data ,l         * 

SECTION=C_2
FILE=xctype
                                  ffffd2c8  ffffd4c9       202
  _ctyp_tab
                                  ffffd2c8       202   data ,l         * 
FILE=xtolotab
                                  ffffd4ca  ffffd6cb       202
  _tolow_tab
                                  ffffd4ca       202   data ,l         * 

SECTION=C
FILE=C:\WorkSpace\rx62n_sci_async\rx62n_sci_async\Debug\dbsct.obj
                                  ffffd6cc  ffffd6e3        18
  __CTBL
                                  ffffd6cc        18   data ,g         * 
FILE=C:\WorkSpace\rx62n_sci_async\rx62n_sci_async\Debug\command.obj
                                  ffffd6e4  ffffd717        34
  _commandTable
                                  ffffd6e4        30   data ,g         * 
  _COMMAND_COUNT
                                  ffffd714         4   data ,g         * 
FILE=xfdtento
                                  ffffd718  ffffd72f        18
  _pows
                                  ffffd718        18   data ,l         * 

SECTION=C$DSEC
FILE=C:\WorkSpace\rx62n_sci_async\rx62n_sci_async\Debug\dbsct.obj
                                  ffffd730  ffffd753        24
  __DTBL
                                  ffffd730        24   data ,g         * 

SECTION=C$BSEC
FILE=C:\WorkSpace\rx62n_sci_async\rx62n_sci_async\Debug\dbsct.obj
                                  ffffd754  ffffd76b        18
  __BTBL
                                  ffffd754        18   data ,g         * 

SECTION=C$VECT
FILE=C:\WorkSpace\rx62n_sci_async\rx62n_sci_async\Debug\resetprg.obj
                                  ffffd76c  ffffdb6b       400

SECTION=D_1
FILE=C:\WorkSpace\rx62n_sci_async\rx62n_sci_async\Debug\main.obj
                                  ffffdb6c  ffffdb71         6
FILE=C:\WorkSpace\rx62n_sci_async\rx62n_sci_async\Debug\sci.obj
                                  ffffdb72  ffffdb74         3
FILE=xstate
                                  ffffdb75  ffffdb75         1

SECTION=D
FILE=C:\WorkSpace\rx62n_sci_async\rx62n_sci_async\Debug\main.obj
                                  ffffdb78  ffffdb87        10
FILE=C:\WorkSpace\rx62n_sci_async\rx62n_sci_async\Debug\sbrk.obj
                                  ffffdb88  ffffdb8b         4
FILE=globals_INTC
                                  ffffdb8c  ffffdbe3        58
FILE=xctype
                                  ffffdbe4  ffffdbeb         8
FILE=localeco
                                  ffffdbec  ffffdc3f        54
FILE=xstate
                                  ffffdc40  ffffdc87        48
FILE=xfvalues
                                  ffffdc88  ffffdcff        78
FILE=xtolotab
                                  ffffdd00  ffffdd07         8

SECTION=L
FILE=C:\WorkSpace\rx62n_sci_async\rx62n_sci_async\Debug\main.obj
                                  ffffdd08  ffffdd11         a
FILE=C:\WorkSpace\rx62n_sci_async\rx62n_sci_async\Debug\command.obj
                                  ffffdd14  ffffdd23        10
FILE=xscanf
                                  ffffdd24  ffffdd2f         c
FILE=localeco
                                  ffffdd30  ffffdd3c         d

SECTION=FIXEDVECT
FILE=C:\WorkSpace\rx62n_sci_async\rx62n_sci_async\Debug\Interrupt_INTC.obj
                                  ffffffd0  ffffffff        30
  _Fixed_Vectors
                                  ffffffd0        30   data ,g         * 

*** Unfilled Areas ***

AREA                                START    END

*** Delete Symbols ***

SYMBOL                                SIZE    INFO
