Renesas Optimizing Linker (W3.07.00 )             12-Oct-2025 15:28:23

*** Options ***

-MAKEUD=C:\WorkSpace\rx62n_sci_async\rx62n_sci_async\Debug\rx62n_sci_async.lk.ud
-subcommand=C:\WorkSpace\rx62n_sci_async\rx62n_sci_async\Debug\rx62n_sci_async.clnk
-noprelink
-nomessage
-list=C:\WorkSpace\rx62n_sci_async\rx62n_sci_async\Debug\rx62n_sci_async.map
-show=symbol,total_size
-nooptimize
-start=B_1,R_1,B_2,R_2,B,R,SU,SI,W*/01000,PResetPRG/0FFFF8000,C_1,C_2,C,C$*,D_1,D_2,D,P,PIntPRG,L/0FFFF8100,FIXEDVECT/0FFFFFFD0
-rom=D=R,D_1=R_1,D_2=R_2
-nologo
-input=C:\WorkSpace\rx62n_sci_async\rx62n_sci_async\Debug\dbsct.obj
-input=C:\WorkSpace\rx62n_sci_async\rx62n_sci_async\Debug\main.obj
-input=C:\WorkSpace\rx62n_sci_async\rx62n_sci_async\Debug\resetprg.obj
-input=C:\WorkSpace\rx62n_sci_async\rx62n_sci_async\Debug\sbrk.obj
-input=C:\WorkSpace\rx62n_sci_async\rx62n_sci_async\Debug\sci.obj
-input=C:\WorkSpace\rx62n_sci_async\rx62n_sci_async\Debug\hwsetup.obj
-input=C:\WorkSpace\rx62n_sci_async\rx62n_sci_async\Debug\iic.obj
-input=C:\WorkSpace\rx62n_sci_async\rx62n_sci_async\Debug\Interrupt_INTC.obj
-input=C:\WorkSpace\rx62n_sci_async\rx62n_sci_async\Debug\Interrupt_MTU2.obj
-input=C:\WorkSpace\rx62n_sci_async\rx62n_sci_async\Debug\R_PG_Clock.obj
-input=C:\WorkSpace\rx62n_sci_async\rx62n_sci_async\Debug\R_PG_I2C_C0.obj
-input=C:\WorkSpace\rx62n_sci_async\rx62n_sci_async\Debug\R_PG_IO_PORT_P1.obj
-input=C:\WorkSpace\rx62n_sci_async\rx62n_sci_async\Debug\R_PG_IO_PORT_PE.obj
-input=C:\WorkSpace\rx62n_sci_async\rx62n_sci_async\Debug\R_PG_Timer_MTU_U0.obj
-input=C:\WorkSpace\rx62n_sci_async\rx62n_sci_async\Debug\R_PG_Timer_MTU_U0_C0.obj
-input=C:\WorkSpace\rx62n_sci_async\rx62n_sci_async\Debug\R_PG_Timer_MTU_U1.obj
-input=C:\WorkSpace\rx62n_sci_async\rx62n_sci_async\Debug\R_PG_Timer_MTU_U1_C6.obj
-input=C:\WorkSpace\rx62n_sci_async\rx62n_sci_async\Debug\R_PG_Timer_MTU_U1_C7.obj
-library=C:\Renesas\PDG2\lib\RX62N\RX62N_library_144_little.lib
-library=C:\WorkSpace\rx62n_sci_async\rx62n_sci_async\Debug\rx62n_sci_async.lib
-output=C:\WorkSpace\rx62n_sci_async\rx62n_sci_async\Debug\rx62n_sci_async.abs
-end

*** Error information ***

W0561100:Cannot find "PIntPRG" specified in option "start"
W0561100:Cannot find "L" specified in option "start"

*** Mapping List ***

SECTION                            START      END         SIZE   ALIGN
B_1
                                  00001000  0000104c        4d   1
R_1
                                  0000104d  00001055         9   1
B_2
                                  00001056  00001069        14   2
R_2
                                  0000106a  0000106a         0   1
B
                                  0000106c  00001683       618   4
R
                                  00001684  000016ef        6c   4
SU
                                  000016f0  000017ef       100   4
SI
                                  000017f0  00001aef       300   4
W
                                  00001af0  00001af0         0   4
W_1
                                  00001af0  00001b5f        70   1
W_2
                                  00001b60  00001ccd       16e   2
PResetPRG
                                  ffff8000  ffff8034        35   1
C_1
                                  ffff8100  ffff8214       115   1
C_2
                                  ffff8215  ffff8215         0   1
C
                                  ffff8218  ffff822f        18   4
C$DSEC
                                  ffff8230  ffff8253        24   4
C$BSEC
                                  ffff8254  ffff826b        18   4
C$VECT
                                  ffff826c  ffff866b       400   4
D_1
                                  ffff866c  ffff8674         9   1
D_2
                                  ffff8675  ffff8675         0   1
D
                                  ffff8678  ffff86e3        6c   4
P
                                  ffff86e4  fffff9d8      72f5   1
FIXEDVECT
                                  ffffffd0  ffffffff        30   4

*** Total Section Size ***

RAMDATA SECTION:  00000aee Byte(s)
ROMDATA SECTION:  000007ec Byte(s)
PROGRAM SECTION:  0000732a Byte(s)

*** Symbol List ***

SECTION=
FILE=                               START        END    SIZE
  SYMBOL                            ADDR        SIZE    INFO      COUNTS  OPT

SECTION=B_1
FILE=C:\WorkSpace\rx62n_sci_async\rx62n_sci_async\Debug\main.obj
                                  00001000  0000102f        30
  _rx_buf
                                  00001000         c   data ,l         * 
  _isRbuffFull
                                  0000100c         1   data ,g         * 
  _write_data
                                  0000100d         3   data ,g         * 
  _addr
                                  00001010         2   data ,g         * 
  _tr
                                  00001012         1   data ,g         * 
  _rcv
                                  00001013         1   data ,g         * 
  _trm_eeprom_adr
                                  00001014         2   data ,g         * 
  _rcv_eeprom_adr
                                  00001016         2   data ,g         * 
  _trm_buff
                                  00001018         c   data ,g         * 
  _rcv_buff
                                  00001024         c   data ,g         * 
FILE=C:\WorkSpace\rx62n_sci_async\rx62n_sci_async\Debug\sci.obj
                                  00001030  00001032         3
  _tx_cnt
                                  00001030         1   data ,l         * 
  _rx_cnt
                                  00001031         1   data ,l         * 
  _last_received_byte
                                  00001032         1   data ,g         * 
FILE=globals_INTC
                                  00001033  00001034         2
  _rpdl_INTC_brk_command
                                  00001033         1   data ,g         * 
  _rpdl_INTC_brk_data8
                                  00001034         1   data ,g         * 
FILE=globals_MTU2
                                  00001035  00001036         2
  _rpdl_MTU2_tmdr_copy
                                  00001035         2   data ,g         * 
FILE=globals_ADC_10
                                  00001037  00001038         2
  _rpdl_adcsr0_copy
                                  00001037         1   data ,g         * 
  _rpdl_adcsr1_copy
                                  00001038         1   data ,g         * 
FILE=globals_IIC
                                  00001039  0000104c        14
  _rpdl_IIC_stop
                                  00001039         2   data ,g         * 
  _rpdl_IIC_current_state
                                  0000103b         2   data ,g         * 
  _rpdl_IIC_next_state
                                  0000103d         2   data ,g         * 
  _rpdl_IIC_slave_address_lower
                                  0000103f         2   data ,g         * 
  _rpdl_IIC_slave_address_upper
                                  00001041         2   data ,g         * 
  _rpdl_IIC_detected_address
                                  00001043         2   data ,g         * 
  _rpdl_IIC_rx_dmac_channel
                                  00001045         2   data ,g         * 
  _rpdl_IIC_tx_dmac_channel
                                  00001047         2   data ,g         * 
  _rpdl_IIC_rx_transfer_method
                                  00001049         2   data ,g         * 
  _rpdl_IIC_tx_transfer_method
                                  0000104b         2   data ,g         * 

SECTION=R_1
FILE=C:\WorkSpace\rx62n_sci_async\rx62n_sci_async\Debug\main.obj
                                  0000104d  00001052         6
  _sci_state
                                  0000104d         1   data ,l         * 
  _tx_buf
                                  0000104e         5   data ,l         * 
FILE=C:\WorkSpace\rx62n_sci_async\rx62n_sci_async\Debug\sci.obj
                                  00001053  00001055         3
  _state
                                  00001053         1   data ,l         * 
  _rx_index
                                  00001054         1   data ,g         * 
  _data_received_flag
                                  00001055         1   data ,g         * 

SECTION=B_2
FILE=C:\WorkSpace\rx62n_sci_async\rx62n_sci_async\Debug\main.obj
                                  00001056  00001057         2
  _Under_over_flow_cnt
                                  00001056         2   data ,g         * 
FILE=C:\WorkSpace\rx62n_sci_async\rx62n_sci_async\Debug\iic.obj
                                  00001058  00001059         2
  _ssr
                                  00001058         2   data ,g         * 
FILE=globals_IIC
                                  0000105a  00001069        10
  _rpdl_IIC_rx_counter
                                  0000105a         4   data ,g         * 
  _rpdl_IIC_tx_counter
                                  0000105e         4   data ,g         * 
  _rpdl_IIC_rx_threshold
                                  00001062         4   data ,g         * 
  _rpdl_IIC_tx_threshold
                                  00001066         4   data ,g         * 

SECTION=B
FILE=C:\WorkSpace\rx62n_sci_async\rx62n_sci_async\Debug\main.obj
                                  0000106c  0000108b        20
  _iic_buff_prm
                                  0000106c        20   data ,g         * 
FILE=C:\WorkSpace\rx62n_sci_async\rx62n_sci_async\Debug\sbrk.obj
                                  0000108c  0000148b       400
  _heap_area
                                  0000108c       400   data ,l         * 
FILE=C:\WorkSpace\rx62n_sci_async\rx62n_sci_async\Debug\sci.obj
                                  0000148c  0000149f        14
  _pbuf_tx
                                  0000148c         4   data ,l         * 
  _pbuf_rx
                                  00001490         4   data ,l         * 
  _pcb_sci_tx_end
                                  00001494         4   data ,g         * 
  _pcb_sci_rx_end
                                  00001498         4   data ,g         * 
  _pcb_sci_rx_error
                                  0000149c         4   data ,g         * 
FILE=C:\WorkSpace\rx62n_sci_async\rx62n_sci_async\Debug\iic.obj
                                  000014a0  000014bf        20
  _iic_buff
                                  000014a0        10   data ,l         * 
  _iic_mode
                                  000014b0         4   data ,l         * 
  _iic_status
                                  000014b4         4   data ,l         * 
  _iic_trm_cnt
                                  000014b8         4   data ,l         * 
  _iic_rcv_cnt
                                  000014bc         4   data ,l         * 
FILE=globals_INTC
                                  000014c0  000014c3         4
  _rpdl_INTC_saved_isp
                                  000014c0         4   data ,g         * 
FILE=globals_MTU2
                                  000014c4  00001643       180
  _rpdl_MTU2_func1_callback_func
                                  000014c4        30   data ,g         * 
  _rpdl_MTU2_func2_callback_func
                                  000014f4        30   data ,g         * 
  _rpdl_MTU2_func3_callback_func
                                  00001524        30   data ,g         * 
  _rpdl_MTU2_func4_callback_func
                                  00001554        30   data ,g         * 
  _rpdl_MTU2_TGRE_callback_func
                                  00001584        30   data ,g         * 
  _rpdl_MTU2_TGRF_callback_func
                                  000015b4        30   data ,g         * 
  _rpdl_MTU2_Overflow_callback_func
                                  000015e4        30   data ,g         * 
  _rpdl_MTU2_Underflow_callback_func
                                  00001614        30   data ,g         * 
FILE=globals_ADC_10
                                  00001644  0000164b         8
  _rpdl_ADC_10_callback_func
                                  00001644         8   data ,g         * 
FILE=globals_CGC
                                  0000164c  00001657         c
  _rpdl_CGC_f_pclk
                                  0000164c         4   data ,g         * 
  _rpdl_CGC_f_iclk
                                  00001650         4   data ,g         * 
  _rpdl_CGC_f_bclk
                                  00001654         4   data ,g         * 
FILE=globals_IIC
                                  00001658  0000167f        28
  _rpdl_IIC_tx_data_pointer
                                  00001658         8   data ,g         * 
  _rpdl_IIC_tx_data_start
                                  00001660         8   data ,g         * 
  _rpdl_IIC_rx_data_pointer
                                  00001668         8   data ,g         * 
  _rpdl_IIC_rx_data_start
                                  00001670         8   data ,g         * 
  _rpdl_IIC_callback_func
                                  00001678         8   data ,g         * 
FILE=_errno
                                  00001680  00001683         4
  __errno
                                  00001680         4   data ,g         * 

SECTION=R
FILE=C:\WorkSpace\rx62n_sci_async\rx62n_sci_async\Debug\main.obj
                                  00001684  00001693        10
  _received_value
                                  00001684         4   data ,g         * 
  _isReadI2C
                                  00001688         4   data ,g         * 
  _cnt
                                  0000168c         4   data ,g         * 
  _a
                                  00001690         4   data ,g         * 
FILE=C:\WorkSpace\rx62n_sci_async\rx62n_sci_async\Debug\sbrk.obj
                                  00001694  00001697         4
  _brk
                                  00001694         4   data ,l         * 
FILE=globals_INTC
                                  00001698  000016ef        58
  _rpdl_INTC_callback_func
                                  00001698        58   data ,g         * 

SECTION=SU
FILE=C:\WorkSpace\rx62n_sci_async\rx62n_sci_async\Debug\resetprg.obj
                                  000016f0  000017ef       100

SECTION=SI
FILE=C:\WorkSpace\rx62n_sci_async\rx62n_sci_async\Debug\resetprg.obj
                                  000017f0  00001aef       300

SECTION=W_1
FILE=R_IO_PORT_SetAll
                                  00001af0  00001af7         8
FILE=R_MTU2_ControlChannelAll
                                  00001af8  00001b1b        24
FILE=R_MTU2_CreateAll
                                  00001b1c  00001b5f        44

SECTION=W_2
FILE=C:\WorkSpace\rx62n_sci_async\rx62n_sci_async\Debug\Interrupt_INTC.obj
                                  00001b60  00001b73        14
FILE=R_MTU2_ControlChannelAll
                                  00001b74  00001b8b        18
FILE=R_MTU2_CreateAll
                                  00001b8c  00001c13        88
FILE=R_MTU2_ReadChannelAll
                                  00001c14  00001c73        60
FILE=utilities_MTU2
                                  00001c74  00001ccd        5a

SECTION=PResetPRG
FILE=C:\WorkSpace\rx62n_sci_async\rx62n_sci_async\Debug\resetprg.obj
                                  ffff8000  ffff8034        35
  _PowerON_Reset_PC
                                  ffff8000        35   entry,g         * 

SECTION=C_1
FILE=globals_MTU2
                                  ffff8100  ffff8104         5
  _rpdl_MTU2_TSTR_mask
                                  ffff8100         5   data ,g         * 
FILE=globals_ADC_10
                                  ffff8105  ffff8108         4
  _rpdl_ADC_10_div_value
                                  ffff8105         4   data ,g         * 
FILE=globals_CGC
                                  ffff8109  ffff810c         4
  _rpdl_CGC_xCLK_mul_value
                                  ffff8109         4   data ,g         * 
FILE=globals_IIC
                                  ffff810d  ffff8114         8
  _rpdl_IIC_div_value
                                  ffff810d         8   data ,g         * 
FILE=_ctype
                                  ffff8115  ffff8214       100
  __ctype
                                  ffff8115       100   data ,g         * 

SECTION=C
FILE=C:\WorkSpace\rx62n_sci_async\rx62n_sci_async\Debug\dbsct.obj
                                  ffff8218  ffff822f        18
  __CTBL
                                  ffff8218        18   data ,g         * 

SECTION=C$DSEC
FILE=C:\WorkSpace\rx62n_sci_async\rx62n_sci_async\Debug\dbsct.obj
                                  ffff8230  ffff8253        24
  __DTBL
                                  ffff8230        24   data ,g         * 

SECTION=C$BSEC
FILE=C:\WorkSpace\rx62n_sci_async\rx62n_sci_async\Debug\dbsct.obj
                                  ffff8254  ffff826b        18
  __BTBL
                                  ffff8254        18   data ,g         * 

SECTION=C$VECT
FILE=C:\WorkSpace\rx62n_sci_async\rx62n_sci_async\Debug\resetprg.obj
                                  ffff826c  ffff866b       400

SECTION=D_1
FILE=C:\WorkSpace\rx62n_sci_async\rx62n_sci_async\Debug\main.obj
                                  ffff866c  ffff8671         6
FILE=C:\WorkSpace\rx62n_sci_async\rx62n_sci_async\Debug\sci.obj
                                  ffff8672  ffff8674         3

SECTION=D
FILE=C:\WorkSpace\rx62n_sci_async\rx62n_sci_async\Debug\main.obj
                                  ffff8678  ffff8687        10
FILE=C:\WorkSpace\rx62n_sci_async\rx62n_sci_async\Debug\sbrk.obj
                                  ffff8688  ffff868b         4
FILE=globals_INTC
                                  ffff868c  ffff86e3        58

SECTION=P
FILE=C:\WorkSpace\rx62n_sci_async\rx62n_sci_async\Debug\main.obj
                                  ffff86e4  ffff8a5b       378
  _main
                                  ffff86e4        98   func ,g         * 
  _port_init
                                  ffff877c         1   func ,l         * 
  _CpuCreate
                                  ffff877d        12   func ,l         * 
  _CpuIntCreate
                                  ffff878f        59   func ,l         * 
  _IICPortCreate
                                  ffff87e8        10   func ,l         * 
  _peripheral_init
                                  ffff87f8         4   func ,l         * 
  _cb_sci_tx_end
                                  ffff87fc         a   func ,l         * 
  _cb_sci_rx_end
                                  ffff8806        5a   func ,l         * 
  _cb_sci_rx_error
                                  ffff8860        14   func ,l         * 
  _SampleEepromWrite
                                  ffff8874        70   func ,l         * 
  _wait_ms
                                  ffff88e4        1f   func ,g         * 
  _SampleEepromRead
                                  ffff8903        74   func ,l         * 
  _IICAckPolling
                                  ffff8977        71   func ,g         * 
  _Mtu0IcCmAIntFunc
                                  ffff89e8        49   func ,g         * 
  _Mtu6IcCmBIntFunc
                                  ffff8a31         1   func ,g         * 
  _Mtu6IcCmCIntFunc
                                  ffff8a32         0   func ,g         * 
  _irMtu7_A
                                  ffff8a32         e   func ,l         * 
  _Mtu7OvIntFunc
                                  ffff8a40         d   func ,g         * 
  _Mtu7UnIntFunc
                                  ffff8a4d         d   func ,g         * 
  _IIC0MasterReFunc
                                  ffff8a5a         1   func ,g         * 
  _IIC0MasterTrFunc
                                  ffff8a5b         1   func ,g         * 
FILE=C:\WorkSpace\rx62n_sci_async\rx62n_sci_async\Debug\sbrk.obj
                                  ffff8a5c  ffff8a7c        21
  _sbrk
                                  ffff8a5c        21   func ,g         * 
FILE=C:\WorkSpace\rx62n_sci_async\rx62n_sci_async\Debug\sci.obj
                                  ffff8a7d  ffff8d2e       2b2
  _SCI_Init
                                  ffff8a7d        8a   func ,g         * 
  _SCI_StartReceive
                                  ffff8b07        48   func ,g         * 
  _SCI_StartTransmit
                                  ffff8b4f        3a   func ,g         * 
  _SCI_GetState
                                  ffff8b89         9   func ,g         * 
  _sci_txi_isr
                                  ffff8b92        34   func ,l         * 
  _sci_tei_isr
                                  ffff8bc6        25   func ,l         * 
  _sci_rxi_isr
                                  ffff8beb        50   func ,l         * 
  _sci_eri_isr
                                  ffff8c3b        8e   func ,l         * 
  _Excep_SCIn_ERIn
                                  ffff8cc9        28   func ,l         * 
  _Excep_SCIn_RXIn
                                  ffff8cf1         d   func ,l         * 
  _Excep_SCIn_TXIn
                                  ffff8cfe         d   func ,l         * 
  _Excep_SCIn_TEIn
                                  ffff8d0b        24   func ,l         * 
FILE=C:\WorkSpace\rx62n_sci_async\rx62n_sci_async\Debug\hwsetup.obj
                                  ffff8d2f  ffff8d56        28
  _HardwareSetup
                                  ffff8d2f        28   func ,g         * 
FILE=C:\WorkSpace\rx62n_sci_async\rx62n_sci_async\Debug\iic.obj
                                  ffff8d57  ffff9181       42b
  _IIC_Create
                                  ffff8d57        6f   func ,g         * 
  _IIC_Destroy
                                  ffff8dc6         c   func ,g         * 
  _IIC_EepWrite
                                  ffff8dd2        57   func ,g         * 
  _IIC_RandomRead
                                  ffff8e29        6a   func ,g         * 
  _IIC_GetStatus
                                  ffff8e93        18   func ,g         * 
  _IIC_EEI_Int
                                  ffff8eab        3d   func ,g         * 
  _IIC_EEI_IntTimeOut
                                  ffff8ee8         3   func ,l         * 
  _IIC_EEI_IntAL
                                  ffff8eeb         3   func ,l         * 
  _IIC_EEI_IntSP
                                  ffff8eee        66   func ,l         * 
  _IIC_EEI_IntST
                                  ffff8f54        17   func ,l         * 
  _IIC_EEI_IntNack
                                  ffff8f6b        20   func ,l         * 
  _IIC_RXI_Int
                                  ffff8f8b        19   func ,g         * 
  _IIC_RXI_IntEepRead
                                  ffff8fa4        73   func ,l         * 
  _IIC_TXI_Int
                                  ffff9017        16   func ,g         * 
  _IIC_TXI_IntEepWrite
                                  ffff902d        4d   func ,l         * 
  _IIC_TXI_IntEepRead
                                  ffff907a        39   func ,l         * 
  _IIC_TEI_Int
                                  ffff90b3        16   func ,g         * 
  _IIC_TEI_IntEepWrite
                                  ffff90c9         e   func ,l         * 
  _IIC_TEI_IntEepRead
                                  ffff90d7        11   func ,l         * 
  _IIC_GenClkSP
                                  ffff90e8        98   func ,l         * 
  _IIC_Error
                                  ffff9180         2   func ,l         * 
FILE=C:\WorkSpace\rx62n_sci_async\rx62n_sci_async\Debug\Interrupt_INTC.obj
                                  ffff9182  ffff9532       3b1
  _Interrupt_IRQ0
                                  ffff9182        1c   func ,g         * 
  _Interrupt_IRQ1
                                  ffff919e        1c   func ,g         * 
  _Interrupt_IRQ2
                                  ffff91ba        1c   func ,g         * 
  _Interrupt_IRQ3
                                  ffff91d6        1c   func ,g         * 
  _Interrupt_IRQ4
                                  ffff91f2        1c   func ,g         * 
  _Interrupt_IRQ5
                                  ffff920e        1c   func ,g         * 
  _Interrupt_IRQ6
                                  ffff922a        1c   func ,g         * 
  _Interrupt_IRQ7
                                  ffff9246        1c   func ,g         * 
  _Interrupt_IRQ8
                                  ffff9262        1c   func ,g         * 
  _Interrupt_IRQ9
                                  ffff927e        1c   func ,g         * 
  _Interrupt_IRQ10
                                  ffff929a        1c   func ,g         * 
  _Interrupt_IRQ11
                                  ffff92b6        1c   func ,g         * 
  _Interrupt_IRQ12
                                  ffff92d2        1c   func ,g         * 
  _Interrupt_IRQ13
                                  ffff92ee        1c   func ,g         * 
  _Interrupt_IRQ14
                                  ffff930a        1c   func ,g         * 
  _Interrupt_IRQ15
                                  ffff9326        1c   func ,g         * 
  _Interrupt_SWINT
                                  ffff9342        1c   func ,g         * 
  _Interrupt_BRK
                                  ffff935e       110   func ,g         * 
  _Excep_PrivilegedInst
                                  ffff946e        1c   func ,g         * 
  _Excep_Access
                                  ffff948a        1c   func ,g         * 
  _Excep_UndefinedInst
                                  ffff94a6        1c   func ,g         * 
  _Excep_FloatingPoint
                                  ffff94c2        1c   func ,g         * 
  _Interrupt_NMI
                                  ffff94de        1c   func ,g         * 
  _Excep_RIIC0_EEI0
                                  ffff94fa         e   func ,g         * 
  _Excep_RIIC0_RXI0
                                  ffff9508         e   func ,g         * 
  _Excep_RIIC0_TXI0
                                  ffff9516         e   func ,g         * 
  _Excep_RIIC0_TEI0
                                  ffff9524         e   func ,g         * 
  _Dummy
                                  ffff9532         1   func ,g         * 
FILE=C:\WorkSpace\rx62n_sci_async\rx62n_sci_async\Debug\Interrupt_MTU2.obj
                                  ffff9533  ffff9b52       620
  _Interrupt_MTU0_TGIA0
                                  ffff9533        1c   func ,g         * 
  _Interrupt_MTU1_TGIA1
                                  ffff954f        1c   func ,g         * 
  _Interrupt_MTU2_TGIA2
                                  ffff956b        1c   func ,g         * 
  _Interrupt_MTU3_TGIA3
                                  ffff9587        1c   func ,g         * 
  _Interrupt_MTU4_TGIA4
                                  ffff95a3        1c   func ,g         * 
  _Interrupt_MTU6_TGIA6
                                  ffff95bf        1c   func ,g         * 
  _Interrupt_MTU7_TGIA7
                                  ffff95db        1c   func ,g         * 
  _Interrupt_MTU8_TGIA8
                                  ffff95f7        1c   func ,g         * 
  _Interrupt_MTU9_TGIA9
                                  ffff9613        1c   func ,g         * 
  _Interrupt_MTU10_TGIA10
                                  ffff962f        1c   func ,g         * 
  _Interrupt_MTU0_TGIB0
                                  ffff964b        1c   func ,g         * 
  _Interrupt_MTU1_TGIB1
                                  ffff9667        1c   func ,g         * 
  _Interrupt_MTU2_TGIB2
                                  ffff9683        1c   func ,g         * 
  _Interrupt_MTU3_TGIB3
                                  ffff969f        1c   func ,g         * 
  _Interrupt_MTU4_TGIB4
                                  ffff96bb        1c   func ,g         * 
  _Interrupt_MTU6_TGIB6
                                  ffff96d7        1c   func ,g         * 
  _Interrupt_MTU7_TGIB7
                                  ffff96f3        1c   func ,g         * 
  _Interrupt_MTU8_TGIB8
                                  ffff970f        1c   func ,g         * 
  _Interrupt_MTU9_TGIB9
                                  ffff972b        1c   func ,g         * 
  _Interrupt_MTU10_TGIB10
                                  ffff9747        1c   func ,g         * 
  _Interrupt_MTU0_TGIC0
                                  ffff9763        1c   func ,g         * 
  _Interrupt_MTU3_TGIC3
                                  ffff977f        1c   func ,g         * 
  _Interrupt_MTU4_TGIC4
                                  ffff979b        1c   func ,g         * 
  _Interrupt_MTU6_TGIC6
                                  ffff97b7        1c   func ,g         * 
  _Interrupt_MTU9_TGIC9
                                  ffff97d3        1c   func ,g         * 
  _Interrupt_MTU10_TGIC10
                                  ffff97ef        1c   func ,g         * 
  _Interrupt_MTU0_TGID0
                                  ffff980b        1c   func ,g         * 
  _Interrupt_MTU3_TGID3
                                  ffff9827        1c   func ,g         * 
  _Interrupt_MTU4_TGID4
                                  ffff9843        1c   func ,g         * 
  _Interrupt_MTU6_TGID6
                                  ffff985f        1c   func ,g         * 
  _Interrupt_MTU9_TGID9
                                  ffff987b        1c   func ,g         * 
  _Interrupt_MTU10_TGID10
                                  ffff9897        1c   func ,g         * 
  _Interrupt_MTU0_TGIE0
                                  ffff98b3        1c   func ,g         * 
  _Interrupt_MTU6_TGIE6
                                  ffff98cf        1c   func ,g         * 
  _Interrupt_MTU0_TGIF0
                                  ffff98eb        1c   func ,g         * 
  _Interrupt_MTU6_TGIF6
                                  ffff9907        1c   func ,g         * 
  _Interrupt_MTU0_TCIV0
                                  ffff9923        1c   func ,g         * 
  _Interrupt_MTU1_TCIV1
                                  ffff993f        1c   func ,g         * 
  _Interrupt_MTU2_TCIV2
                                  ffff995b        1c   func ,g         * 
  _Interrupt_MTU3_TCIV3
                                  ffff9977        1c   func ,g         * 
  _Interrupt_MTU4_TCIV4
                                  ffff9993        1c   func ,g         * 
  _Interrupt_MTU6_TCIV6
                                  ffff99af        1c   func ,g         * 
  _Interrupt_MTU7_TCIV7
                                  ffff99cb        1c   func ,g         * 
  _Interrupt_MTU8_TCIV8
                                  ffff99e7        1c   func ,g         * 
  _Interrupt_MTU9_TCIV9
                                  ffff9a03        1c   func ,g         * 
  _Interrupt_MTU10_TCIV10
                                  ffff9a1f        1c   func ,g         * 
  _Interrupt_MTU1_TCIU1
                                  ffff9a3b        1c   func ,g         * 
  _Interrupt_MTU2_TCIU2
                                  ffff9a57        1c   func ,g         * 
  _Interrupt_MTU7_TCIU7
                                  ffff9a73        1c   func ,g         * 
  _Interrupt_MTU8_TCIU8
                                  ffff9a8f        1c   func ,g         * 
  _Interrupt_MTU5_TGIU5
                                  ffff9aab        1c   func ,g         * 
  _Interrupt_MTU11_TGIU11
                                  ffff9ac7        1c   func ,g         * 
  _Interrupt_MTU5_TGIV5
                                  ffff9ae3        1c   func ,g         * 
  _Interrupt_MTU11_TGIV11
                                  ffff9aff        1c   func ,g         * 
  _Interrupt_MTU5_TGIW5
                                  ffff9b1b        1c   func ,g         * 
  _Interrupt_MTU11_TGIW11
                                  ffff9b37        1c   func ,g         * 
FILE=C:\WorkSpace\rx62n_sci_async\rx62n_sci_async\Debug\R_PG_Clock.obj
                                  ffff9b53  ffff9b82        30
  _R_PG_Clock_Set
                                  ffff9b53        20   func ,g         * 
  _R_PG_Clock_Start_SUB
                                  ffff9b73         8   func ,g         * 
  _R_PG_Clock_Stop_SUB
                                  ffff9b7b         8   func ,g         * 
FILE=C:\WorkSpace\rx62n_sci_async\rx62n_sci_async\Debug\R_PG_I2C_C0.obj
                                  ffff9b83  ffff9cde       15c
  _R_PG_I2C_Set_C0
                                  ffff9b83        25   func ,g         * 
  _R_PG_I2C_MasterReceive_C0
                                  ffff9ba8        2c   func ,g         * 
  _R_PG_I2C_MasterSend_C0
                                  ffff9bd4        2c   func ,g         * 
  _R_PG_I2C_MasterSendWithoutStop_C0
                                  ffff9c00        2c   func ,g         * 
  _R_PG_I2C_GenerateStopCondition_C0
                                  ffff9c2c         8   func ,g         * 
  _R_PG_I2C_GetBusState_C0
                                  ffff9c34        23   func ,g         * 
  _R_PG_I2C_GetEvent_C0
                                  ffff9c57        57   func ,g         * 
  _R_PG_I2C_GetReceivedDataCount_C0
                                  ffff9cae        11   func ,g         * 
  _R_PG_I2C_GetSentDataCount_C0
                                  ffff9cbf        11   func ,g         * 
  _R_PG_I2C_Reset_C0
                                  ffff9cd0         9   func ,g         * 
  _R_PG_I2C_StopModule_C0
                                  ffff9cd9         6   func ,g         * 
FILE=C:\WorkSpace\rx62n_sci_async\rx62n_sci_async\Debug\R_PG_IO_PORT_P1.obj
                                  ffff9cdf  ffff9ddf       101
  _R_PG_IO_PORT_Set_P1
                                  ffff9cdf        27   func ,g         * 
  _R_PG_IO_PORT_Set_P12
                                  ffff9d06         e   func ,g         * 
  _R_PG_IO_PORT_Set_P13
                                  ffff9d14         e   func ,g         * 
  _R_PG_IO_PORT_Read_P1
                                  ffff9d22         c   func ,g         * 
  _R_PG_IO_PORT_Read_P12
                                  ffff9d2e         e   func ,g         * 
  _R_PG_IO_PORT_Read_P13
                                  ffff9d3c         e   func ,g         * 
  _R_PG_IO_PORT_Read_P14
                                  ffff9d4a         f   func ,g         * 
  _R_PG_IO_PORT_Read_P15
                                  ffff9d59         f   func ,g         * 
  _R_PG_IO_PORT_Read_P16
                                  ffff9d68         f   func ,g         * 
  _R_PG_IO_PORT_Read_P17
                                  ffff9d77         f   func ,g         * 
  _R_PG_IO_PORT_Write_P1
                                  ffff9d86         8   func ,g         * 
  _R_PG_IO_PORT_Write_P12
                                  ffff9d8e         d   func ,g         * 
  _R_PG_IO_PORT_Write_P13
                                  ffff9d9b         d   func ,g         * 
  _R_PG_IO_PORT_Write_P14
                                  ffff9da8         e   func ,g         * 
  _R_PG_IO_PORT_Write_P15
                                  ffff9db6         e   func ,g         * 
  _R_PG_IO_PORT_Write_P16
                                  ffff9dc4         e   func ,g         * 
  _R_PG_IO_PORT_Write_P17
                                  ffff9dd2         e   func ,g         * 
FILE=C:\WorkSpace\rx62n_sci_async\rx62n_sci_async\Debug\R_PG_IO_PORT_PE.obj
                                  ffff9de0  ffff9fd9       1fa
  _R_PG_IO_PORT_Set_PE
                                  ffff9de0        92   func ,g         * 
  _R_PG_IO_PORT_Set_PE0
                                  ffff9e72         e   func ,g         * 
  _R_PG_IO_PORT_Set_PE1
                                  ffff9e80         e   func ,g         * 
  _R_PG_IO_PORT_Set_PE2
                                  ffff9e8e         e   func ,g         * 
  _R_PG_IO_PORT_Set_PE3
                                  ffff9e9c         e   func ,g         * 
  _R_PG_IO_PORT_Set_PE4
                                  ffff9eaa         f   func ,g         * 
  _R_PG_IO_PORT_Set_PE5
                                  ffff9eb9         f   func ,g         * 
  _R_PG_IO_PORT_Set_PE6
                                  ffff9ec8         f   func ,g         * 
  _R_PG_IO_PORT_Set_PE7
                                  ffff9ed7         f   func ,g         * 
  _R_PG_IO_PORT_Read_PE
                                  ffff9ee6         c   func ,g         * 
  _R_PG_IO_PORT_Read_PE0
                                  ffff9ef2         e   func ,g         * 
  _R_PG_IO_PORT_Read_PE1
                                  ffff9f00         e   func ,g         * 
  _R_PG_IO_PORT_Read_PE2
                                  ffff9f0e         e   func ,g         * 
  _R_PG_IO_PORT_Read_PE3
                                  ffff9f1c         e   func ,g         * 
  _R_PG_IO_PORT_Read_PE4
                                  ffff9f2a         f   func ,g         * 
  _R_PG_IO_PORT_Read_PE5
                                  ffff9f39         f   func ,g         * 
  _R_PG_IO_PORT_Read_PE6
                                  ffff9f48         f   func ,g         * 
  _R_PG_IO_PORT_Read_PE7
                                  ffff9f57         f   func ,g         * 
  _R_PG_IO_PORT_Write_PE
                                  ffff9f66         8   func ,g         * 
  _R_PG_IO_PORT_Write_PE0
                                  ffff9f6e         d   func ,g         * 
  _R_PG_IO_PORT_Write_PE1
                                  ffff9f7b         d   func ,g         * 
  _R_PG_IO_PORT_Write_PE2
                                  ffff9f88         d   func ,g         * 
  _R_PG_IO_PORT_Write_PE3
                                  ffff9f95         d   func ,g         * 
  _R_PG_IO_PORT_Write_PE4
                                  ffff9fa2         e   func ,g         * 
  _R_PG_IO_PORT_Write_PE5
                                  ffff9fb0         e   func ,g         * 
  _R_PG_IO_PORT_Write_PE6
                                  ffff9fbe         e   func ,g         * 
  _R_PG_IO_PORT_Write_PE7
                                  ffff9fcc         e   func ,g         * 
FILE=C:\WorkSpace\rx62n_sci_async\rx62n_sci_async\Debug\R_PG_Timer_MTU_U0.obj
                                  ffff9fda  ffff9fdf         6
  _R_PG_Timer_StopModule_MTU_U0
                                  ffff9fda         6   func ,g         * 
FILE=C:\WorkSpace\rx62n_sci_async\rx62n_sci_async\Debug\R_PG_Timer_MTU_U0_C0.obj
                                  ffff9fe0  ffffa2b1       2d2
  _R_PG_Timer_Set_MTU_U0_C0
                                  ffff9fe0        66   func ,g         * 
  _R_PG_Timer_StartCount_MTU_U0_C0
                                  ffffa046        29   func ,g         * 
  _R_PG_Timer_HaltCount_MTU_U0_C0
                                  ffffa06f        29   func ,g         * 
  _R_PG_Timer_GetCounterValue_MTU_U0_C0
                                  ffffa098        22   func ,g         * 
  _R_PG_Timer_SetCounterValue_MTU_U0_C0
                                  ffffa0ba        2a   func ,g         * 
  _R_PG_Timer_GetTGR_MTU_U0_C0
                                  ffffa0e4        47   func ,g         * 
  _R_PG_Timer_SetTGR_A_MTU_U0_C0
                                  ffffa12b        2a   func ,g         * 
  _R_PG_Timer_SetTGR_B_MTU_U0_C0
                                  ffffa155        2a   func ,g         * 
  _R_PG_Timer_SetTGR_C_MTU_U0_C0
                                  ffffa17f        2a   func ,g         * 
  _R_PG_Timer_SetTGR_D_MTU_U0_C0
                                  ffffa1a9        2a   func ,g         * 
  _R_PG_Timer_SetTGR_E_MTU_U0_C0
                                  ffffa1d3        2a   func ,g         * 
  _R_PG_Timer_SetTGR_F_MTU_U0_C0
                                  ffffa1fd        2a   func ,g         * 
  _R_PG_Timer_GetRequestFlag_MTU_U0_C0
                                  ffffa227        8b   func ,g         * 
FILE=C:\WorkSpace\rx62n_sci_async\rx62n_sci_async\Debug\R_PG_Timer_MTU_U1.obj
                                  ffffa2b2  ffffa2b7         6
  _R_PG_Timer_StopModule_MTU_U1
                                  ffffa2b2         6   func ,g         * 
FILE=C:\WorkSpace\rx62n_sci_async\rx62n_sci_async\Debug\R_PG_Timer_MTU_U1_C6.obj
                                  ffffa2b8  ffffa59b       2e4
  _R_PG_Timer_Set_MTU_U1_C6
                                  ffffa2b8        74   func ,g         * 
  _R_PG_Timer_StartCount_MTU_U1_C6
                                  ffffa32c        2b   func ,g         * 
  _R_PG_Timer_HaltCount_MTU_U1_C6
                                  ffffa357        2b   func ,g         * 
  _R_PG_Timer_GetCounterValue_MTU_U1_C6
                                  ffffa382        22   func ,g         * 
  _R_PG_Timer_SetCounterValue_MTU_U1_C6
                                  ffffa3a4        2a   func ,g         * 
  _R_PG_Timer_GetTGR_MTU_U1_C6
                                  ffffa3ce        47   func ,g         * 
  _R_PG_Timer_SetTGR_A_MTU_U1_C6
                                  ffffa415        2a   func ,g         * 
  _R_PG_Timer_SetTGR_B_MTU_U1_C6
                                  ffffa43f        2a   func ,g         * 
  _R_PG_Timer_SetTGR_C_MTU_U1_C6
                                  ffffa469        2a   func ,g         * 
  _R_PG_Timer_SetTGR_D_MTU_U1_C6
                                  ffffa493        2a   func ,g         * 
  _R_PG_Timer_SetTGR_E_MTU_U1_C6
                                  ffffa4bd        2a   func ,g         * 
  _R_PG_Timer_SetTGR_F_MTU_U1_C6
                                  ffffa4e7        2a   func ,g         * 
  _R_PG_Timer_GetRequestFlag_MTU_U1_C6
                                  ffffa511        8b   func ,g         * 
FILE=C:\WorkSpace\rx62n_sci_async\rx62n_sci_async\Debug\R_PG_Timer_MTU_U1_C7.obj
                                  ffffa59c  ffffa79a       1ff
  _R_PG_Timer_Set_MTU_U1_C7
                                  ffffa59c        67   func ,g         * 
  _R_PG_Timer_StartCount_MTU_U1_C7
                                  ffffa603        2b   func ,g         * 
  _R_PG_Timer_HaltCount_MTU_U1_C7
                                  ffffa62e        2b   func ,g         * 
  _R_PG_Timer_GetCounterValue_MTU_U1_C7
                                  ffffa659        22   func ,g         * 
  _R_PG_Timer_SetCounterValue_MTU_U1_C7
                                  ffffa67b        2a   func ,g         * 
  _R_PG_Timer_GetTGR_MTU_U1_C7
                                  ffffa6a5        29   func ,g         * 
  _R_PG_Timer_SetTGR_A_MTU_U1_C7
                                  ffffa6ce        2a   func ,g         * 
  _R_PG_Timer_SetTGR_B_MTU_U1_C7
                                  ffffa6f8        2a   func ,g         * 
  _R_PG_Timer_GetRequestFlag_MTU_U1_C7
                                  ffffa722        79   func ,g         * 
FILE=R_CGC_ControlAll
                                  ffffa79b  ffffa806        6c
  _R_CGC_ControlAll
                                  ffffa79b        6c   func ,g         * 
FILE=R_CGC_SetAll
                                  ffffa807  ffffaa2f       229
  _R_CGC_SetAll
                                  ffffa807       229   func ,g         * 
FILE=R_IIC_ControlAll
                                  ffffaa30  ffffaac3        94
  _R_IIC_ControlAll
                                  ffffaa30        94   func ,g         * 
FILE=R_IIC_CreateAll
                                  ffffaac4  ffffb0b4       5f1
  _R_IIC_CreateAll
                                  ffffaac4       5f1   func ,g         * 
FILE=R_IIC_DestroyAll
                                  ffffb0b5  ffffb0e6        32
  _R_IIC_DestroyAll
                                  ffffb0b5        32   func ,g         * 
FILE=R_IIC_GetStatusAll
                                  ffffb0e7  ffffb170        8a
  _R_IIC_GetStatusAll
                                  ffffb0e7        8a   func ,g         * 
FILE=R_IIC_MasterReceiveAll
                                  ffffb171  ffffb57b       40b
  _R_IIC_MasterReceiveAll
                                  ffffb171       40b   func ,g         * 
FILE=R_IIC_MasterSendAll
                                  ffffb57c  ffffb98b       410
  _R_IIC_MasterSendAll
                                  ffffb57c       410   func ,g         * 
FILE=R_IO_PORT_ReadDataAll
                                  ffffb98c  ffffb9a7        1c
  _R_IO_PORT_ReadDataAll
                                  ffffb98c        1c   func ,g         * 
FILE=R_IO_PORT_ReadDataRegisterAll
                                  ffffb9a8  ffffb9b5         e
  _R_IO_PORT_ReadDataRegisterAll
                                  ffffb9a8         e   func ,g         * 
FILE=R_IO_PORT_SetAll
                                  ffffb9b6  ffffba74        bf
  _R_IO_PORT_SetAll
                                  ffffb9b6        bf   func ,g         * 
FILE=R_IO_PORT_WriteAll
                                  ffffba75  ffffba98        24
  _R_IO_PORT_WriteAll
                                  ffffba75        24   func ,g         * 
FILE=R_IO_PORT_WriteRegisterAll
                                  ffffba99  ffffbaa6         e
  _R_IO_PORT_WriteRegisterAll
                                  ffffba99         e   func ,g         * 
FILE=R_MTU2_ControlChannelAll
                                  ffffbaa7  ffffbef8       452
  _R_MTU2_ControlChannelAll
                                  ffffbaa7       452   func ,g         * 
FILE=R_MTU2_CreateAll
                                  ffffbef9  ffffe72c      2834
  _R_MTU2_CreateAll
                                  ffffbef9      2834   func ,g         * 
FILE=R_MTU2_DestroyAll
                                  ffffe72d  ffffe7c6        9a
  _R_MTU2_DestroyAll
                                  ffffe72d        9a   func ,g         * 
FILE=R_MTU2_ReadChannelAll
                                  ffffe7c7  ffffed4a       584
  _R_MTU2_ReadChannelAll
                                  ffffe7c7       584   func ,g         * 
FILE=R_MTU2_SetAll
                                  ffffed4b  ffffedfd        b3
  _R_MTU2_SetAll
                                  ffffed4b        b3   func ,g         * 
FILE=utilities_ADC_10
                                  ffffedfe  ffffee55        58
  _rpdl_ADC_10_Start
                                  ffffedfe        19   func ,g         * 
  _rpdl_ADC_10_ModifyIEN
                                  ffffee17        3f   func ,g         * 
FILE=utilities_MTU2
                                  ffffee56  fffff5f8       7a3
  _R_MTU2_Create_load_defaults
                                  ffffee56        36   func ,g         * 
  _rpdl_MTU2_DisableIER
                                  ffffee8c       1c4   func ,g         * 
  _rpdl_MTU2_EnableTGRAIER
                                  fffff050        f8   func ,g         * 
  _rpdl_MTU2_EnableTGRBIER
                                  fffff148        f8   func ,g         * 
  _rpdl_MTU2_EnableTGRCIER
                                  fffff240        a1   func ,g         * 
  _rpdl_MTU2_EnableTGRDIER
                                  fffff2e1        a1   func ,g         * 
  _rpdl_MTU2_EnableTGREIER
                                  fffff382        37   func ,g         * 
  _rpdl_MTU2_EnableTGRFIER
                                  fffff3b9        37   func ,g         * 
  _rpdl_MTU2_EnableTGRUIER
                                  fffff3f0        37   func ,g         * 
  _rpdl_MTU2_EnableTGRVIER
                                  fffff427        37   func ,g         * 
  _rpdl_MTU2_EnableTGRWIER
                                  fffff45e        37   func ,g         * 
  _rpdl_MTU2_EnableTCIVIER
                                  fffff495        f8   func ,g         * 
  _rpdl_MTU2_EnableTCIUIER
                                  fffff58d        6c   func ,g         * 
FILE=atoi
                                  fffff5f9  fffff600         8
  _atoi
                                  fffff5f9         8   func ,g         * 
FILE=__initsct
                                  fffff601  fffff64a        4a
  __INITSCT
                                  fffff601         0   none ,g         * 
  loop1
                                  fffff613         0   none ,l         * 
  next_loop1
                                  fffff621         0   none ,l         * 
  loop3
                                  fffff633         0   none ,l         * 
  next_loop3
                                  fffff644         0   none ,l         * 
FILE=memset
                                  fffff64b  fffff651         7
  _memset
                                  fffff64b         7   func ,g         * 
FILE=utilities_DMAC
                                  fffff652  fffff6f5        a4
  _rpdl_DMAC_ModifyIEN
                                  fffff652        7a   func ,g         * 
  _rpdl_DMAC_get_channel
                                  fffff6cc        2a   func ,g         * 
FILE=utilities_IIC
                                  fffff6f6  fffff80b       116
  _rpdl_IIC_EnableIEN
                                  fffff6f6        4f   func ,g         * 
  _rpdl_IIC_DisableIEN
                                  fffff745        4b   func ,g         * 
  _Send_IIC_byte
                                  fffff790        25   func ,g         * 
  _rpdl_IIC_Store_detected_address
                                  fffff7b5        27   func ,g         * 
  _rpdl_IIC_Reset_TimeOut_Counter
                                  fffff7dc        30   func ,g         * 
FILE=strtol
                                  fffff80c  fffff9ba       1af
  _strtol
                                  fffff80c       1af   func ,g         * 
FILE=_strchek
                                  fffff9bb  fffff9d8        1e
  __strchek
                                  fffff9bb        1e   func ,g         * 

SECTION=FIXEDVECT
FILE=C:\WorkSpace\rx62n_sci_async\rx62n_sci_async\Debug\Interrupt_INTC.obj
                                  ffffffd0  ffffffff        30
  _Fixed_Vectors
                                  ffffffd0        30   data ,g         * 

*** Unfilled Areas ***

AREA                                START    END

*** Delete Symbols ***

SYMBOL                                SIZE    INFO
