Renesas Optimizing Linker (W3.07.00 )             26-Oct-2025 17:17:07

*** Options ***

-MAKEUD=C:\WorkSpace\rx62n_sci_async\rx62n_sci_async\Debug\rx62n_sci_async.lk.ud
-subcommand=C:\WorkSpace\rx62n_sci_async\rx62n_sci_async\Debug\rx62n_sci_async.clnk
-noprelink
-nomessage
-list=C:\WorkSpace\rx62n_sci_async\rx62n_sci_async\Debug\rx62n_sci_async.map
-show=symbol,total_size
-nooptimize
-start=B_1,R_1,B_2,R_2,B,R,SU,SI,W*/00001000,P/0FFFF0000,PResetPRG/0FFFFD000,C_1,C_2,C,C$*,D_1,D_2,D,PIntPRG,L/0FFFFD100,FIXEDVECT/0FFFFFFD0
-rom=D=R,D_1=R_1,D_2=R_2
-nologo
-input=C:\WorkSpace\rx62n_sci_async\rx62n_sci_async\Debug\dbsct.obj
-input=C:\WorkSpace\rx62n_sci_async\rx62n_sci_async\Debug\main.obj
-input=C:\WorkSpace\rx62n_sci_async\rx62n_sci_async\Debug\resetprg.obj
-input=C:\WorkSpace\rx62n_sci_async\rx62n_sci_async\Debug\sbrk.obj
-input=C:\WorkSpace\rx62n_sci_async\rx62n_sci_async\Debug\sci.obj
-input=C:\WorkSpace\rx62n_sci_async\rx62n_sci_async\Debug\hwsetup.obj
-input=C:\WorkSpace\rx62n_sci_async\rx62n_sci_async\Debug\iic.obj
-input=C:\WorkSpace\rx62n_sci_async\rx62n_sci_async\Debug\Interrupt_INTC.obj
-input=C:\WorkSpace\rx62n_sci_async\rx62n_sci_async\Debug\Interrupt_MTU2.obj
-input=C:\WorkSpace\rx62n_sci_async\rx62n_sci_async\Debug\R_PG_Clock.obj
-input=C:\WorkSpace\rx62n_sci_async\rx62n_sci_async\Debug\R_PG_IO_PORT_P1.obj
-input=C:\WorkSpace\rx62n_sci_async\rx62n_sci_async\Debug\R_PG_IO_PORT_PE.obj
-input=C:\WorkSpace\rx62n_sci_async\rx62n_sci_async\Debug\R_PG_Timer_MTU_U0.obj
-input=C:\WorkSpace\rx62n_sci_async\rx62n_sci_async\Debug\R_PG_Timer_MTU_U0_C0.obj
-input=C:\WorkSpace\rx62n_sci_async\rx62n_sci_async\Debug\R_PG_Timer_MTU_U1.obj
-input=C:\WorkSpace\rx62n_sci_async\rx62n_sci_async\Debug\R_PG_Timer_MTU_U1_C6.obj
-input=C:\WorkSpace\rx62n_sci_async\rx62n_sci_async\Debug\R_PG_Timer_MTU_U1_C7.obj
-input=C:\WorkSpace\rx62n_sci_async\rx62n_sci_async\Debug\command.obj
-input=C:\WorkSpace\rx62n_sci_async\rx62n_sci_async\Debug\iicComExe.obj
-library=C:\Renesas\PDG2\lib\RX62N\RX62N_library_144_little.lib
-library=C:\WorkSpace\rx62n_sci_async\rx62n_sci_async\Debug\rx62n_sci_async.lib
-output=C:\WorkSpace\rx62n_sci_async\rx62n_sci_async\Debug\rx62n_sci_async.abs
-end

*** Error information ***

W0561100:Cannot find "PIntPRG" specified in option "start"

*** Mapping List ***

SECTION                            START      END         SIZE   ALIGN
B_1
                                  00001000  00001038        39   1
R_1
                                  00001039  00001049        11   1
B_2
                                  0000104a  0000104d         4   2
R_2
                                  0000104e  0000104e         0   1
B
                                  00001050  0000163f       5f0   4
R
                                  00001640  000016bf        80   4
SU
                                  000016c0  000017bf       100   4
SI
                                  000017c0  00001abf       300   4
W
                                  00001ac0  00001ac0         0   4
W_1
                                  00001ac0  00001b2f        70   1
W_2
                                  00001b30  00001c9d       16e   2
P
                                  ffff0000  ffff72f2      72f3   1
PResetPRG
                                  ffffd000  ffffd034        35   1
C_1
                                  ffffd100  ffffd10c         d   1
C_2
                                  ffffd10d  ffffd10d         0   1
C
                                  ffffd110  ffffd15b        4c   4
C$DSEC
                                  ffffd15c  ffffd17f        24   4
C$BSEC
                                  ffffd180  ffffd197        18   4
C$VECT
                                  ffffd198  ffffd597       400   4
D_1
                                  ffffd598  ffffd5a8        11   1
D_2
                                  ffffd5a9  ffffd5a9         0   1
D
                                  ffffd5ac  ffffd62b        80   4
L
                                  ffffd62c  ffffd63f        14   4
FIXEDVECT
                                  ffffffd0  ffffffff        30   4

*** Total Section Size ***

RAMDATA SECTION:  00000abe Byte(s)
ROMDATA SECTION:  00000748 Byte(s)
PROGRAM SECTION:  00007328 Byte(s)

*** Symbol List ***

SECTION=
FILE=                               START        END    SIZE
  SYMBOL                            ADDR        SIZE    INFO      COUNTS  OPT

SECTION=B_1
FILE=C:\WorkSpace\rx62n_sci_async\rx62n_sci_async\Debug\main.obj
                                  00001000  00001013        14
  _rx_buf
                                  00001000         c   data ,l         * 
  _isRbuffFull
                                  0000100c         1   data ,g         * 
  _write_data
                                  0000100d         3   data ,g         * 
  _addr
                                  00001010         2   data ,g         * 
  _tr
                                  00001012         1   data ,g         * 
  _rcv
                                  00001013         1   data ,g         * 
FILE=C:\WorkSpace\rx62n_sci_async\rx62n_sci_async\Debug\sci.obj
                                  00001014  00001016         3
  _tx_cnt
                                  00001014         1   data ,l         * 
  _rx_cnt
                                  00001015         1   data ,l         * 
  _last_received_byte
                                  00001016         1   data ,g         * 
FILE=C:\WorkSpace\rx62n_sci_async\rx62n_sci_async\Debug\iicComExe.obj
                                  00001017  00001032        1c
  _trm_eeprom_adr
                                  00001017         2   data ,g         * 
  _rcv_eeprom_adr
                                  00001019         2   data ,g         * 
  _trm_buff
                                  0000101b         c   data ,g         * 
  _rcv_buff
                                  00001027         c   data ,g         * 
FILE=globals_INTC
                                  00001033  00001034         2
  _rpdl_INTC_brk_command
                                  00001033         1   data ,g         * 
  _rpdl_INTC_brk_data8
                                  00001034         1   data ,g         * 
FILE=globals_MTU2
                                  00001035  00001036         2
  _rpdl_MTU2_tmdr_copy
                                  00001035         2   data ,g         * 
FILE=globals_ADC_10
                                  00001037  00001038         2
  _rpdl_adcsr0_copy
                                  00001037         1   data ,g         * 
  _rpdl_adcsr1_copy
                                  00001038         1   data ,g         * 

SECTION=R_1
FILE=C:\WorkSpace\rx62n_sci_async\rx62n_sci_async\Debug\main.obj
                                  00001039  00001046         e
  _sci_state
                                  00001039         1   data ,l         * 
  _tx_buf
                                  0000103a         5   data ,l         * 
  _lastCmd
                                  0000103f         8   data ,g         * 
FILE=C:\WorkSpace\rx62n_sci_async\rx62n_sci_async\Debug\sci.obj
                                  00001047  00001049         3
  _state
                                  00001047         1   data ,l         * 
  _rx_index
                                  00001048         1   data ,g         * 
  _data_received_flag
                                  00001049         1   data ,g         * 

SECTION=B_2
FILE=C:\WorkSpace\rx62n_sci_async\rx62n_sci_async\Debug\main.obj
                                  0000104a  0000104b         2
  _Under_over_flow_cnt
                                  0000104a         2   data ,g         * 
FILE=C:\WorkSpace\rx62n_sci_async\rx62n_sci_async\Debug\iic.obj
                                  0000104c  0000104d         2
  _ssr
                                  0000104c         2   data ,g         * 

SECTION=B
FILE=C:\WorkSpace\rx62n_sci_async\rx62n_sci_async\Debug\main.obj
                                  00001050  00001053         4
  _f_pwm$1
                                  00001050         4   data ,l         * 
FILE=C:\WorkSpace\rx62n_sci_async\rx62n_sci_async\Debug\sbrk.obj
                                  00001054  00001453       400
  _heap_area
                                  00001054       400   data ,l         * 
FILE=C:\WorkSpace\rx62n_sci_async\rx62n_sci_async\Debug\sci.obj
                                  00001454  00001467        14
  _pbuf_tx
                                  00001454         4   data ,l         * 
  _pbuf_rx
                                  00001458         4   data ,l         * 
  _pcb_sci_tx_end
                                  0000145c         4   data ,g         * 
  _pcb_sci_rx_end
                                  00001460         4   data ,g         * 
  _pcb_sci_rx_error
                                  00001464         4   data ,g         * 
FILE=C:\WorkSpace\rx62n_sci_async\rx62n_sci_async\Debug\iic.obj
                                  00001468  00001487        20
  _iic_buff
                                  00001468        10   data ,l         * 
  _iic_mode
                                  00001478         4   data ,l         * 
  _iic_status
                                  0000147c         4   data ,l         * 
  _iic_trm_cnt
                                  00001480         4   data ,l         * 
  _iic_rcv_cnt
                                  00001484         4   data ,l         * 
FILE=C:\WorkSpace\rx62n_sci_async\rx62n_sci_async\Debug\iicComExe.obj
                                  00001488  000014a7        20
  _iic_buff_prm
                                  00001488        20   data ,g         * 
FILE=globals_INTC
                                  000014a8  000014ab         4
  _rpdl_INTC_saved_isp
                                  000014a8         4   data ,g         * 
FILE=globals_MTU2
                                  000014ac  0000162b       180
  _rpdl_MTU2_func1_callback_func
                                  000014ac        30   data ,g         * 
  _rpdl_MTU2_func2_callback_func
                                  000014dc        30   data ,g         * 
  _rpdl_MTU2_func3_callback_func
                                  0000150c        30   data ,g         * 
  _rpdl_MTU2_func4_callback_func
                                  0000153c        30   data ,g         * 
  _rpdl_MTU2_TGRE_callback_func
                                  0000156c        30   data ,g         * 
  _rpdl_MTU2_TGRF_callback_func
                                  0000159c        30   data ,g         * 
  _rpdl_MTU2_Overflow_callback_func
                                  000015cc        30   data ,g         * 
  _rpdl_MTU2_Underflow_callback_func
                                  000015fc        30   data ,g         * 
FILE=globals_ADC_10
                                  0000162c  00001633         8
  _rpdl_ADC_10_callback_func
                                  0000162c         8   data ,g         * 
FILE=globals_CGC
                                  00001634  0000163f         c
  _rpdl_CGC_f_pclk
                                  00001634         4   data ,g         * 
  _rpdl_CGC_f_iclk
                                  00001638         4   data ,g         * 
  _rpdl_CGC_f_bclk
                                  0000163c         4   data ,g         * 

SECTION=R
FILE=C:\WorkSpace\rx62n_sci_async\rx62n_sci_async\Debug\main.obj
                                  00001640  00001663        24
  _received_value
                                  00001640         4   data ,g         * 
  _isReadI2C
                                  00001644         4   data ,g         * 
  _motorParams
                                  00001648        10   data ,g         * 
  _isGetData
                                  00001658         4   data ,g         * 
  _cnt
                                  0000165c         4   data ,g         * 
  _a
                                  00001660         4   data ,g         * 
FILE=C:\WorkSpace\rx62n_sci_async\rx62n_sci_async\Debug\sbrk.obj
                                  00001664  00001667         4
  _brk
                                  00001664         4   data ,l         * 
FILE=globals_INTC
                                  00001668  000016bf        58
  _rpdl_INTC_callback_func
                                  00001668        58   data ,g         * 

SECTION=SU
FILE=C:\WorkSpace\rx62n_sci_async\rx62n_sci_async\Debug\resetprg.obj
                                  000016c0  000017bf       100

SECTION=SI
FILE=C:\WorkSpace\rx62n_sci_async\rx62n_sci_async\Debug\resetprg.obj
                                  000017c0  00001abf       300

SECTION=W_1
FILE=R_IO_PORT_SetAll
                                  00001ac0  00001ac7         8
FILE=R_MTU2_ControlChannelAll
                                  00001ac8  00001aeb        24
FILE=R_MTU2_CreateAll
                                  00001aec  00001b2f        44

SECTION=W_2
FILE=C:\WorkSpace\rx62n_sci_async\rx62n_sci_async\Debug\Interrupt_INTC.obj
                                  00001b30  00001b43        14
FILE=R_MTU2_ControlChannelAll
                                  00001b44  00001b5b        18
FILE=R_MTU2_CreateAll
                                  00001b5c  00001be3        88
FILE=R_MTU2_ReadChannelAll
                                  00001be4  00001c43        60
FILE=utilities_MTU2
                                  00001c44  00001c9d        5a

SECTION=P
FILE=C:\WorkSpace\rx62n_sci_async\rx62n_sci_async\Debug\main.obj
                                  ffff0000  ffff043f       440
  _main
                                  ffff0000        f6   func ,g         * 
  _port_init
                                  ffff00f6         1   func ,l         * 
  _CpuCreate
                                  ffff00f7        12   func ,l         * 
  _CpuIntCreate
                                  ffff0109        90   func ,l         * 
  _IICPortCreate
                                  ffff0199        1f   func ,l         * 
  _peripheral_init
                                  ffff01b8         5   func ,l         * 
  _cb_sci_tx_end
                                  ffff01bd         a   func ,l         * 
  _cb_sci_rx_end
                                  ffff01c7       1eb   func ,l         * 
  _cb_sci_rx_error
                                  ffff03b2        14   func ,l         * 
  _Mtu0IcCmAIntFunc
                                  ffff03c6        4c   func ,g         * 
  _Mtu6IcCmBIntFunc
                                  ffff0412         1   func ,g         * 
  _Mtu6IcCmCIntFunc
                                  ffff0413         4   func ,g         * 
  _irMtu7_A
                                  ffff0417         f   func ,l         * 
  _Mtu7OvIntFunc
                                  ffff0426         d   func ,g         * 
  _Mtu7UnIntFunc
                                  ffff0433         d   func ,g         * 
FILE=C:\WorkSpace\rx62n_sci_async\rx62n_sci_async\Debug\sbrk.obj
                                  ffff0440  ffff047b        3c
  _sbrk
                                  ffff0440        3c   func ,g         * 
FILE=C:\WorkSpace\rx62n_sci_async\rx62n_sci_async\Debug\sci.obj
                                  ffff047c  ffff08e1       466
  _SCI_Init
                                  ffff047c        d7   func ,g         * 
  _SCI_StartReceive
                                  ffff0553        86   func ,g         * 
  _SCI_StartTransmit
                                  ffff05d9        65   func ,g         * 
  _SCI_GetState
                                  ffff063e         9   func ,g         * 
  _sci_txi_isr
                                  ffff0647        52   func ,l         * 
  _sci_tei_isr
                                  ffff0699        2a   func ,l         * 
  _sci_rxi_isr
                                  ffff06c3        70   func ,l         * 
  _sci_eri_isr
                                  ffff0733       11d   func ,l         * 
  _Excep_SCIn_ERIn
                                  ffff0850        3e   func ,l         * 
  _Excep_SCIn_RXIn
                                  ffff088e         d   func ,l         * 
  _Excep_SCIn_TXIn
                                  ffff089b         d   func ,l         * 
  _Excep_SCIn_TEIn
                                  ffff08a8        3a   func ,l         * 
FILE=C:\WorkSpace\rx62n_sci_async\rx62n_sci_async\Debug\hwsetup.obj
                                  ffff08e2  ffff0906        25
  _HardwareSetup
                                  ffff08e2        25   func ,g         * 
FILE=C:\WorkSpace\rx62n_sci_async\rx62n_sci_async\Debug\iic.obj
                                  ffff0907  ffff1046       740
  _IIC_Create
                                  ffff0907        b7   func ,g         * 
  _IIC_Destroy
                                  ffff09be        16   func ,g         * 
  _IIC_EepWrite
                                  ffff09d4        73   func ,g         * 
  _IIC_RandomRead
                                  ffff0a47        a5   func ,g         * 
  _IIC_GetStatus
                                  ffff0aec        2b   func ,g         * 
  _IIC_EEI_Int
                                  ffff0b17        a6   func ,g         * 
  _IIC_EEI_IntTimeOut
                                  ffff0bbd         4   func ,l         * 
  _IIC_EEI_IntAL
                                  ffff0bc1         4   func ,l         * 
  _IIC_EEI_IntSP
                                  ffff0bc5        9c   func ,l         * 
  _IIC_EEI_IntST
                                  ffff0c61        21   func ,l         * 
  _IIC_EEI_IntNack
                                  ffff0c82        39   func ,l         * 
  _IIC_RXI_Int
                                  ffff0cbb        1f   func ,g         * 
  _IIC_RXI_IntEepRead
                                  ffff0cda        d3   func ,l         * 
  _IIC_TXI_Int
                                  ffff0dad        1c   func ,g         * 
  _IIC_TXI_IntEepWrite
                                  ffff0dc9        8d   func ,l         * 
  _IIC_TXI_IntEepRead
                                  ffff0e56        60   func ,l         * 
  _IIC_TEI_Int
                                  ffff0eb6        1c   func ,g         * 
  _IIC_TEI_IntEepWrite
                                  ffff0ed2        18   func ,l         * 
  _IIC_TEI_IntEepRead
                                  ffff0eea        20   func ,l         * 
  _IIC_GenClkSP
                                  ffff0f0a       137   func ,l         * 
  _IIC_Error
                                  ffff1041         6   func ,l         * 
FILE=C:\WorkSpace\rx62n_sci_async\rx62n_sci_async\Debug\Interrupt_INTC.obj
                                  ffff1047  ffff15a7       561
  _Interrupt_IRQ0
                                  ffff1047        29   func ,g         * 
  _Interrupt_IRQ1
                                  ffff1070        29   func ,g         * 
  _Interrupt_IRQ2
                                  ffff1099        29   func ,g         * 
  _Interrupt_IRQ3
                                  ffff10c2        29   func ,g         * 
  _Interrupt_IRQ4
                                  ffff10eb        29   func ,g         * 
  _Interrupt_IRQ5
                                  ffff1114        29   func ,g         * 
  _Interrupt_IRQ6
                                  ffff113d        29   func ,g         * 
  _Interrupt_IRQ7
                                  ffff1166        29   func ,g         * 
  _Interrupt_IRQ8
                                  ffff118f        29   func ,g         * 
  _Interrupt_IRQ9
                                  ffff11b8        29   func ,g         * 
  _Interrupt_IRQ10
                                  ffff11e1        29   func ,g         * 
  _Interrupt_IRQ11
                                  ffff120a        29   func ,g         * 
  _Interrupt_IRQ12
                                  ffff1233        29   func ,g         * 
  _Interrupt_IRQ13
                                  ffff125c        29   func ,g         * 
  _Interrupt_IRQ14
                                  ffff1285        29   func ,g         * 
  _Interrupt_IRQ15
                                  ffff12ae        29   func ,g         * 
  _Interrupt_SWINT
                                  ffff12d7        29   func ,g         * 
  _Interrupt_BRK
                                  ffff1300       1a2   func ,g         * 
  _Excep_PrivilegedInst
                                  ffff14a2        29   func ,g         * 
  _Excep_Access
                                  ffff14cb        29   func ,g         * 
  _Excep_UndefinedInst
                                  ffff14f4        29   func ,g         * 
  _Excep_FloatingPoint
                                  ffff151d        29   func ,g         * 
  _Interrupt_NMI
                                  ffff1546        29   func ,g         * 
  _Excep_RIIC0_EEI0
                                  ffff156f         e   func ,g         * 
  _Excep_RIIC0_RXI0
                                  ffff157d         e   func ,g         * 
  _Excep_RIIC0_TXI0
                                  ffff158b         e   func ,g         * 
  _Excep_RIIC0_TEI0
                                  ffff1599         e   func ,g         * 
  _Dummy
                                  ffff15a7         1   func ,g         * 
FILE=C:\WorkSpace\rx62n_sci_async\rx62n_sci_async\Debug\Interrupt_MTU2.obj
                                  ffff15a8  ffff1e9f       8f8
  _Interrupt_MTU0_TGIA0
                                  ffff15a8        29   func ,g         * 
  _Interrupt_MTU1_TGIA1
                                  ffff15d1        29   func ,g         * 
  _Interrupt_MTU2_TGIA2
                                  ffff15fa        29   func ,g         * 
  _Interrupt_MTU3_TGIA3
                                  ffff1623        29   func ,g         * 
  _Interrupt_MTU4_TGIA4
                                  ffff164c        29   func ,g         * 
  _Interrupt_MTU6_TGIA6
                                  ffff1675        29   func ,g         * 
  _Interrupt_MTU7_TGIA7
                                  ffff169e        29   func ,g         * 
  _Interrupt_MTU8_TGIA8
                                  ffff16c7        29   func ,g         * 
  _Interrupt_MTU9_TGIA9
                                  ffff16f0        29   func ,g         * 
  _Interrupt_MTU10_TGIA10
                                  ffff1719        29   func ,g         * 
  _Interrupt_MTU0_TGIB0
                                  ffff1742        29   func ,g         * 
  _Interrupt_MTU1_TGIB1
                                  ffff176b        29   func ,g         * 
  _Interrupt_MTU2_TGIB2
                                  ffff1794        29   func ,g         * 
  _Interrupt_MTU3_TGIB3
                                  ffff17bd        29   func ,g         * 
  _Interrupt_MTU4_TGIB4
                                  ffff17e6        29   func ,g         * 
  _Interrupt_MTU6_TGIB6
                                  ffff180f        29   func ,g         * 
  _Interrupt_MTU7_TGIB7
                                  ffff1838        29   func ,g         * 
  _Interrupt_MTU8_TGIB8
                                  ffff1861        29   func ,g         * 
  _Interrupt_MTU9_TGIB9
                                  ffff188a        29   func ,g         * 
  _Interrupt_MTU10_TGIB10
                                  ffff18b3        29   func ,g         * 
  _Interrupt_MTU0_TGIC0
                                  ffff18dc        29   func ,g         * 
  _Interrupt_MTU3_TGIC3
                                  ffff1905        29   func ,g         * 
  _Interrupt_MTU4_TGIC4
                                  ffff192e        29   func ,g         * 
  _Interrupt_MTU6_TGIC6
                                  ffff1957        29   func ,g         * 
  _Interrupt_MTU9_TGIC9
                                  ffff1980        29   func ,g         * 
  _Interrupt_MTU10_TGIC10
                                  ffff19a9        29   func ,g         * 
  _Interrupt_MTU0_TGID0
                                  ffff19d2        29   func ,g         * 
  _Interrupt_MTU3_TGID3
                                  ffff19fb        29   func ,g         * 
  _Interrupt_MTU4_TGID4
                                  ffff1a24        29   func ,g         * 
  _Interrupt_MTU6_TGID6
                                  ffff1a4d        29   func ,g         * 
  _Interrupt_MTU9_TGID9
                                  ffff1a76        29   func ,g         * 
  _Interrupt_MTU10_TGID10
                                  ffff1a9f        29   func ,g         * 
  _Interrupt_MTU0_TGIE0
                                  ffff1ac8        29   func ,g         * 
  _Interrupt_MTU6_TGIE6
                                  ffff1af1        29   func ,g         * 
  _Interrupt_MTU0_TGIF0
                                  ffff1b1a        29   func ,g         * 
  _Interrupt_MTU6_TGIF6
                                  ffff1b43        29   func ,g         * 
  _Interrupt_MTU0_TCIV0
                                  ffff1b6c        29   func ,g         * 
  _Interrupt_MTU1_TCIV1
                                  ffff1b95        29   func ,g         * 
  _Interrupt_MTU2_TCIV2
                                  ffff1bbe        29   func ,g         * 
  _Interrupt_MTU3_TCIV3
                                  ffff1be7        29   func ,g         * 
  _Interrupt_MTU4_TCIV4
                                  ffff1c10        29   func ,g         * 
  _Interrupt_MTU6_TCIV6
                                  ffff1c39        29   func ,g         * 
  _Interrupt_MTU7_TCIV7
                                  ffff1c62        29   func ,g         * 
  _Interrupt_MTU8_TCIV8
                                  ffff1c8b        29   func ,g         * 
  _Interrupt_MTU9_TCIV9
                                  ffff1cb4        29   func ,g         * 
  _Interrupt_MTU10_TCIV10
                                  ffff1cdd        29   func ,g         * 
  _Interrupt_MTU1_TCIU1
                                  ffff1d06        29   func ,g         * 
  _Interrupt_MTU2_TCIU2
                                  ffff1d2f        29   func ,g         * 
  _Interrupt_MTU7_TCIU7
                                  ffff1d58        29   func ,g         * 
  _Interrupt_MTU8_TCIU8
                                  ffff1d81        29   func ,g         * 
  _Interrupt_MTU5_TGIU5
                                  ffff1daa        29   func ,g         * 
  _Interrupt_MTU11_TGIU11
                                  ffff1dd3        29   func ,g         * 
  _Interrupt_MTU5_TGIV5
                                  ffff1dfc        29   func ,g         * 
  _Interrupt_MTU11_TGIV11
                                  ffff1e25        29   func ,g         * 
  _Interrupt_MTU5_TGIW5
                                  ffff1e4e        29   func ,g         * 
  _Interrupt_MTU11_TGIW11
                                  ffff1e77        29   func ,g         * 
FILE=C:\WorkSpace\rx62n_sci_async\rx62n_sci_async\Debug\R_PG_Clock.obj
                                  ffff1ea0  ffff1ede        3f
  _R_PG_Clock_Set
                                  ffff1ea0        23   func ,g         * 
  _R_PG_Clock_Start_SUB
                                  ffff1ec3         e   func ,g         * 
  _R_PG_Clock_Stop_SUB
                                  ffff1ed1         e   func ,g         * 
FILE=C:\WorkSpace\rx62n_sci_async\rx62n_sci_async\Debug\R_PG_IO_PORT_P1.obj
                                  ffff1edf  ffff20e7       209
  _R_PG_IO_PORT_Set_P1
                                  ffff1edf        54   func ,g         * 
  _R_PG_IO_PORT_Set_P12
                                  ffff1f33        16   func ,g         * 
  _R_PG_IO_PORT_Set_P13
                                  ffff1f49        16   func ,g         * 
  _R_PG_IO_PORT_Read_P1
                                  ffff1f5f        1f   func ,g         * 
  _R_PG_IO_PORT_Read_P12
                                  ffff1f7e        21   func ,g         * 
  _R_PG_IO_PORT_Read_P13
                                  ffff1f9f        21   func ,g         * 
  _R_PG_IO_PORT_Read_P14
                                  ffff1fc0        22   func ,g         * 
  _R_PG_IO_PORT_Read_P15
                                  ffff1fe2        22   func ,g         * 
  _R_PG_IO_PORT_Read_P16
                                  ffff2004        22   func ,g         * 
  _R_PG_IO_PORT_Read_P17
                                  ffff2026        22   func ,g         * 
  _R_PG_IO_PORT_Write_P1
                                  ffff2048        12   func ,g         * 
  _R_PG_IO_PORT_Write_P12
                                  ffff205a        17   func ,g         * 
  _R_PG_IO_PORT_Write_P13
                                  ffff2071        17   func ,g         * 
  _R_PG_IO_PORT_Write_P14
                                  ffff2088        18   func ,g         * 
  _R_PG_IO_PORT_Write_P15
                                  ffff20a0        18   func ,g         * 
  _R_PG_IO_PORT_Write_P16
                                  ffff20b8        18   func ,g         * 
  _R_PG_IO_PORT_Write_P17
                                  ffff20d0        18   func ,g         * 
FILE=C:\WorkSpace\rx62n_sci_async\rx62n_sci_async\Debug\R_PG_IO_PORT_PE.obj
                                  ffff20e8  ffff24e7       400
  _R_PG_IO_PORT_Set_PE
                                  ffff20e8       153   func ,g         * 
  _R_PG_IO_PORT_Set_PE0
                                  ffff223b        16   func ,g         * 
  _R_PG_IO_PORT_Set_PE1
                                  ffff2251        16   func ,g         * 
  _R_PG_IO_PORT_Set_PE2
                                  ffff2267        16   func ,g         * 
  _R_PG_IO_PORT_Set_PE3
                                  ffff227d        16   func ,g         * 
  _R_PG_IO_PORT_Set_PE4
                                  ffff2293        17   func ,g         * 
  _R_PG_IO_PORT_Set_PE5
                                  ffff22aa        17   func ,g         * 
  _R_PG_IO_PORT_Set_PE6
                                  ffff22c1        17   func ,g         * 
  _R_PG_IO_PORT_Set_PE7
                                  ffff22d8        17   func ,g         * 
  _R_PG_IO_PORT_Read_PE
                                  ffff22ef        1f   func ,g         * 
  _R_PG_IO_PORT_Read_PE0
                                  ffff230e        21   func ,g         * 
  _R_PG_IO_PORT_Read_PE1
                                  ffff232f        21   func ,g         * 
  _R_PG_IO_PORT_Read_PE2
                                  ffff2350        21   func ,g         * 
  _R_PG_IO_PORT_Read_PE3
                                  ffff2371        21   func ,g         * 
  _R_PG_IO_PORT_Read_PE4
                                  ffff2392        22   func ,g         * 
  _R_PG_IO_PORT_Read_PE5
                                  ffff23b4        22   func ,g         * 
  _R_PG_IO_PORT_Read_PE6
                                  ffff23d6        22   func ,g         * 
  _R_PG_IO_PORT_Read_PE7
                                  ffff23f8        22   func ,g         * 
  _R_PG_IO_PORT_Write_PE
                                  ffff241a        12   func ,g         * 
  _R_PG_IO_PORT_Write_PE0
                                  ffff242c        17   func ,g         * 
  _R_PG_IO_PORT_Write_PE1
                                  ffff2443        17   func ,g         * 
  _R_PG_IO_PORT_Write_PE2
                                  ffff245a        17   func ,g         * 
  _R_PG_IO_PORT_Write_PE3
                                  ffff2471        17   func ,g         * 
  _R_PG_IO_PORT_Write_PE4
                                  ffff2488        18   func ,g         * 
  _R_PG_IO_PORT_Write_PE5
                                  ffff24a0        18   func ,g         * 
  _R_PG_IO_PORT_Write_PE6
                                  ffff24b8        18   func ,g         * 
  _R_PG_IO_PORT_Write_PE7
                                  ffff24d0        18   func ,g         * 
FILE=C:\WorkSpace\rx62n_sci_async\rx62n_sci_async\Debug\R_PG_Timer_MTU_U0.obj
                                  ffff24e8  ffff24f5         e
  _R_PG_Timer_StopModule_MTU_U0
                                  ffff24e8         e   func ,g         * 
FILE=C:\WorkSpace\rx62n_sci_async\rx62n_sci_async\Debug\R_PG_Timer_MTU_U0_C0.obj
                                  ffff24f6  ffff28e3       3ee
  _R_PG_Timer_Set_MTU_U0_C0
                                  ffff24f6        91   func ,g         * 
  _R_PG_Timer_StartCount_MTU_U0_C0
                                  ffff2587        33   func ,g         * 
  _R_PG_Timer_HaltCount_MTU_U0_C0
                                  ffff25ba        33   func ,g         * 
  _R_PG_Timer_GetCounterValue_MTU_U0_C0
                                  ffff25ed        34   func ,g         * 
  _R_PG_Timer_SetCounterValue_MTU_U0_C0
                                  ffff2621        36   func ,g         * 
  _R_PG_Timer_GetTGR_MTU_U0_C0
                                  ffff2657        8f   func ,g         * 
  _R_PG_Timer_SetTGR_A_MTU_U0_C0
                                  ffff26e6        36   func ,g         * 
  _R_PG_Timer_SetTGR_B_MTU_U0_C0
                                  ffff271c        36   func ,g         * 
  _R_PG_Timer_SetTGR_C_MTU_U0_C0
                                  ffff2752        36   func ,g         * 
  _R_PG_Timer_SetTGR_D_MTU_U0_C0
                                  ffff2788        36   func ,g         * 
  _R_PG_Timer_SetTGR_E_MTU_U0_C0
                                  ffff27be        36   func ,g         * 
  _R_PG_Timer_SetTGR_F_MTU_U0_C0
                                  ffff27f4        36   func ,g         * 
  _R_PG_Timer_GetRequestFlag_MTU_U0_C0
                                  ffff282a        ba   func ,g         * 
FILE=C:\WorkSpace\rx62n_sci_async\rx62n_sci_async\Debug\R_PG_Timer_MTU_U1.obj
                                  ffff28e4  ffff28f1         e
  _R_PG_Timer_StopModule_MTU_U1
                                  ffff28e4         e   func ,g         * 
FILE=C:\WorkSpace\rx62n_sci_async\rx62n_sci_async\Debug\R_PG_Timer_MTU_U1_C6.obj
                                  ffff28f2  ffff2d04       413
  _R_PG_Timer_Set_MTU_U1_C6
                                  ffff28f2        b6   func ,g         * 
  _R_PG_Timer_StartCount_MTU_U1_C6
                                  ffff29a8        33   func ,g         * 
  _R_PG_Timer_HaltCount_MTU_U1_C6
                                  ffff29db        33   func ,g         * 
  _R_PG_Timer_GetCounterValue_MTU_U1_C6
                                  ffff2a0e        34   func ,g         * 
  _R_PG_Timer_SetCounterValue_MTU_U1_C6
                                  ffff2a42        36   func ,g         * 
  _R_PG_Timer_GetTGR_MTU_U1_C6
                                  ffff2a78        8f   func ,g         * 
  _R_PG_Timer_SetTGR_A_MTU_U1_C6
                                  ffff2b07        36   func ,g         * 
  _R_PG_Timer_SetTGR_B_MTU_U1_C6
                                  ffff2b3d        36   func ,g         * 
  _R_PG_Timer_SetTGR_C_MTU_U1_C6
                                  ffff2b73        36   func ,g         * 
  _R_PG_Timer_SetTGR_D_MTU_U1_C6
                                  ffff2ba9        36   func ,g         * 
  _R_PG_Timer_SetTGR_E_MTU_U1_C6
                                  ffff2bdf        36   func ,g         * 
  _R_PG_Timer_SetTGR_F_MTU_U1_C6
                                  ffff2c15        36   func ,g         * 
  _R_PG_Timer_GetRequestFlag_MTU_U1_C6
                                  ffff2c4b        ba   func ,g         * 
FILE=C:\WorkSpace\rx62n_sci_async\rx62n_sci_async\Debug\R_PG_Timer_MTU_U1_C7.obj
                                  ffff2d05  ffff2fe6       2e2
  _R_PG_Timer_Set_MTU_U1_C7
                                  ffff2d05        ac   func ,g         * 
  _R_PG_Timer_StartCount_MTU_U1_C7
                                  ffff2db1        33   func ,g         * 
  _R_PG_Timer_HaltCount_MTU_U1_C7
                                  ffff2de4        33   func ,g         * 
  _R_PG_Timer_GetCounterValue_MTU_U1_C7
                                  ffff2e17        34   func ,g         * 
  _R_PG_Timer_SetCounterValue_MTU_U1_C7
                                  ffff2e4b        36   func ,g         * 
  _R_PG_Timer_GetTGR_MTU_U1_C7
                                  ffff2e81        52   func ,g         * 
  _R_PG_Timer_SetTGR_A_MTU_U1_C7
                                  ffff2ed3        36   func ,g         * 
  _R_PG_Timer_SetTGR_B_MTU_U1_C7
                                  ffff2f09        36   func ,g         * 
  _R_PG_Timer_GetRequestFlag_MTU_U1_C7
                                  ffff2f3f        a8   func ,g         * 
FILE=C:\WorkSpace\rx62n_sci_async\rx62n_sci_async\Debug\command.obj
                                  ffff2fe7  ffff30b2        cc
  _findCommand
                                  ffff2fe7        58   func ,g         * 
  _CommandSpd
                                  ffff303f        1a   func ,g         * 
  _CommandPval
                                  ffff3059        1e   func ,g         * 
  _CommandIval
                                  ffff3077        1e   func ,g         * 
  _CommandDval
                                  ffff3095        1e   func ,g         * 
FILE=C:\WorkSpace\rx62n_sci_async\rx62n_sci_async\Debug\iicComExe.obj
                                  ffff30b3  ffff338a       2d8
  _SampleEepromWrite
                                  ffff30b3        ee   func ,g         * 
  _EepromWrite
                                  ffff31a1        b5   func ,g         * 
  _SampleEepromRead
                                  ffff3256        a0   func ,g         * 
  _IICAckPolling
                                  ffff32f6        95   func ,g         * 
FILE=R_CGC_ControlAll
                                  ffff338b  ffff33f6        6c
  _R_CGC_ControlAll
                                  ffff338b        6c   func ,g         * 
FILE=R_CGC_SetAll
                                  ffff33f7  ffff361f       229
  _R_CGC_SetAll
                                  ffff33f7       229   func ,g         * 
FILE=R_IO_PORT_ReadDataAll
                                  ffff3620  ffff363b        1c
  _R_IO_PORT_ReadDataAll
                                  ffff3620        1c   func ,g         * 
FILE=R_IO_PORT_ReadDataRegisterAll
                                  ffff363c  ffff3649         e
  _R_IO_PORT_ReadDataRegisterAll
                                  ffff363c         e   func ,g         * 
FILE=R_IO_PORT_SetAll
                                  ffff364a  ffff3708        bf
  _R_IO_PORT_SetAll
                                  ffff364a        bf   func ,g         * 
FILE=R_IO_PORT_WriteAll
                                  ffff3709  ffff372c        24
  _R_IO_PORT_WriteAll
                                  ffff3709        24   func ,g         * 
FILE=R_IO_PORT_WriteRegisterAll
                                  ffff372d  ffff373a         e
  _R_IO_PORT_WriteRegisterAll
                                  ffff372d         e   func ,g         * 
FILE=R_MTU2_ControlChannelAll
                                  ffff373b  ffff3b8c       452
  _R_MTU2_ControlChannelAll
                                  ffff373b       452   func ,g         * 
FILE=R_MTU2_CreateAll
                                  ffff3b8d  ffff63c0      2834
  _R_MTU2_CreateAll
                                  ffff3b8d      2834   func ,g         * 
FILE=R_MTU2_DestroyAll
                                  ffff63c1  ffff645a        9a
  _R_MTU2_DestroyAll
                                  ffff63c1        9a   func ,g         * 
FILE=R_MTU2_ReadChannelAll
                                  ffff645b  ffff69de       584
  _R_MTU2_ReadChannelAll
                                  ffff645b       584   func ,g         * 
FILE=R_MTU2_SetAll
                                  ffff69df  ffff6a91        b3
  _R_MTU2_SetAll
                                  ffff69df        b3   func ,g         * 
FILE=utilities_ADC_10
                                  ffff6a92  ffff6ae9        58
  _rpdl_ADC_10_Start
                                  ffff6a92        19   func ,g         * 
  _rpdl_ADC_10_ModifyIEN
                                  ffff6aab        3f   func ,g         * 
FILE=utilities_MTU2
                                  ffff6aea  ffff728c       7a3
  _R_MTU2_Create_load_defaults
                                  ffff6aea        36   func ,g         * 
  _rpdl_MTU2_DisableIER
                                  ffff6b20       1c4   func ,g         * 
  _rpdl_MTU2_EnableTGRAIER
                                  ffff6ce4        f8   func ,g         * 
  _rpdl_MTU2_EnableTGRBIER
                                  ffff6ddc        f8   func ,g         * 
  _rpdl_MTU2_EnableTGRCIER
                                  ffff6ed4        a1   func ,g         * 
  _rpdl_MTU2_EnableTGRDIER
                                  ffff6f75        a1   func ,g         * 
  _rpdl_MTU2_EnableTGREIER
                                  ffff7016        37   func ,g         * 
  _rpdl_MTU2_EnableTGRFIER
                                  ffff704d        37   func ,g         * 
  _rpdl_MTU2_EnableTGRUIER
                                  ffff7084        37   func ,g         * 
  _rpdl_MTU2_EnableTGRVIER
                                  ffff70bb        37   func ,g         * 
  _rpdl_MTU2_EnableTGRWIER
                                  ffff70f2        37   func ,g         * 
  _rpdl_MTU2_EnableTCIVIER
                                  ffff7129        f8   func ,g         * 
  _rpdl_MTU2_EnableTCIUIER
                                  ffff7221        6c   func ,g         * 
FILE=strcmp
                                  ffff728d  ffff729a         e
  _strcmp
                                  ffff728d         e   func ,g         * 
FILE=memcpy
                                  ffff729b  ffff72a1         7
  _memcpy
                                  ffff729b         7   func ,g         * 
FILE=__initsct
                                  ffff72a2  ffff72eb        4a
  __INITSCT
                                  ffff72a2         0   none ,g         * 
  loop1
                                  ffff72b4         0   none ,l         * 
  next_loop1
                                  ffff72c2         0   none ,l         * 
  loop3
                                  ffff72d4         0   none ,l         * 
  next_loop3
                                  ffff72e5         0   none ,l         * 
FILE=memset
                                  ffff72ec  ffff72f2         7
  _memset
                                  ffff72ec         7   func ,g         * 

SECTION=PResetPRG
FILE=C:\WorkSpace\rx62n_sci_async\rx62n_sci_async\Debug\resetprg.obj
                                  ffffd000  ffffd034        35
  _PowerON_Reset_PC
                                  ffffd000        35   entry,g         * 

SECTION=C_1
FILE=globals_MTU2
                                  ffffd100  ffffd104         5
  _rpdl_MTU2_TSTR_mask
                                  ffffd100         5   data ,g         * 
FILE=globals_ADC_10
                                  ffffd105  ffffd108         4
  _rpdl_ADC_10_div_value
                                  ffffd105         4   data ,g         * 
FILE=globals_CGC
                                  ffffd109  ffffd10c         4
  _rpdl_CGC_xCLK_mul_value
                                  ffffd109         4   data ,g         * 

SECTION=C
FILE=C:\WorkSpace\rx62n_sci_async\rx62n_sci_async\Debug\dbsct.obj
                                  ffffd110  ffffd127        18
  __CTBL
                                  ffffd110        18   data ,g         * 
FILE=C:\WorkSpace\rx62n_sci_async\rx62n_sci_async\Debug\command.obj
                                  ffffd128  ffffd15b        34
  _commandTable
                                  ffffd128        30   data ,g         * 
  _COMMAND_COUNT
                                  ffffd158         4   data ,g         * 

SECTION=C$DSEC
FILE=C:\WorkSpace\rx62n_sci_async\rx62n_sci_async\Debug\dbsct.obj
                                  ffffd15c  ffffd17f        24
  __DTBL
                                  ffffd15c        24   data ,g         * 

SECTION=C$BSEC
FILE=C:\WorkSpace\rx62n_sci_async\rx62n_sci_async\Debug\dbsct.obj
                                  ffffd180  ffffd197        18
  __BTBL
                                  ffffd180        18   data ,g         * 

SECTION=C$VECT
FILE=C:\WorkSpace\rx62n_sci_async\rx62n_sci_async\Debug\resetprg.obj
                                  ffffd198  ffffd597       400

SECTION=D_1
FILE=C:\WorkSpace\rx62n_sci_async\rx62n_sci_async\Debug\main.obj
                                  ffffd598  ffffd5a5         e
FILE=C:\WorkSpace\rx62n_sci_async\rx62n_sci_async\Debug\sci.obj
                                  ffffd5a6  ffffd5a8         3

SECTION=D
FILE=C:\WorkSpace\rx62n_sci_async\rx62n_sci_async\Debug\main.obj
                                  ffffd5ac  ffffd5cf        24
FILE=C:\WorkSpace\rx62n_sci_async\rx62n_sci_async\Debug\sbrk.obj
                                  ffffd5d0  ffffd5d3         4
FILE=globals_INTC
                                  ffffd5d4  ffffd62b        58

SECTION=L
FILE=C:\WorkSpace\rx62n_sci_async\rx62n_sci_async\Debug\main.obj
                                  ffffd62c  ffffd62f         4
FILE=C:\WorkSpace\rx62n_sci_async\rx62n_sci_async\Debug\command.obj
                                  ffffd630  ffffd63f        10

SECTION=FIXEDVECT
FILE=C:\WorkSpace\rx62n_sci_async\rx62n_sci_async\Debug\Interrupt_INTC.obj
                                  ffffffd0  ffffffff        30
  _Fixed_Vectors
                                  ffffffd0        30   data ,g         * 

*** Unfilled Areas ***

AREA                                START    END

*** Delete Symbols ***

SYMBOL                                SIZE    INFO
