Renesas Optimizing Linker (W3.07.00 )             18-Dec-2025 00:26:02

*** Options ***

-MAKEUD=C:\WorkSpace\rx62n_sci_async\rx62n_sci_async\Debug\rx62n_sci_async.lk.ud
-subcommand=C:\WorkSpace\rx62n_sci_async\rx62n_sci_async\Debug\rx62n_sci_async.clnk
-noprelink
-nomessage
-list=C:\WorkSpace\rx62n_sci_async\rx62n_sci_async\Debug\rx62n_sci_async.map
-show=symbol,total_size
-nooptimize
-start=B_1,R_1,B_2,R_2,B,R,SU,SI,W*/00001000,P/0FFFF0000,PResetPRG/0FFFFD000,C_1,C_2,C,C$*,D_1,D_2,D,PIntPRG,L/0FFFFD100,FIXEDVECT/0FFFFFFD0
-rom=D=R,D_1=R_1,D_2=R_2
-nologo
-input=C:\WorkSpace\rx62n_sci_async\rx62n_sci_async\Debug\command.obj
-input=C:\WorkSpace\rx62n_sci_async\rx62n_sci_async\Debug\dbsct.obj
-input=C:\WorkSpace\rx62n_sci_async\rx62n_sci_async\Debug\hwsetup.obj
-input=C:\WorkSpace\rx62n_sci_async\rx62n_sci_async\Debug\iic.obj
-input=C:\WorkSpace\rx62n_sci_async\rx62n_sci_async\Debug\iicComExe.obj
-input=C:\WorkSpace\rx62n_sci_async\rx62n_sci_async\Debug\main.obj
-input=C:\WorkSpace\rx62n_sci_async\rx62n_sci_async\Debug\resetprg.obj
-input=C:\WorkSpace\rx62n_sci_async\rx62n_sci_async\Debug\sbrk.obj
-input=C:\WorkSpace\rx62n_sci_async\rx62n_sci_async\Debug\sci.obj
-input=C:\WorkSpace\rx62n_sci_async\rx62n_sci_async\Debug\Interrupt_INTC.obj
-input=C:\WorkSpace\rx62n_sci_async\rx62n_sci_async\Debug\Interrupt_MTU2.obj
-input=C:\WorkSpace\rx62n_sci_async\rx62n_sci_async\Debug\R_PG_Clock.obj
-input=C:\WorkSpace\rx62n_sci_async\rx62n_sci_async\Debug\R_PG_IO_PORT_P1.obj
-input=C:\WorkSpace\rx62n_sci_async\rx62n_sci_async\Debug\R_PG_IO_PORT_PE.obj
-input=C:\WorkSpace\rx62n_sci_async\rx62n_sci_async\Debug\R_PG_Timer_MTU_U0.obj
-input=C:\WorkSpace\rx62n_sci_async\rx62n_sci_async\Debug\R_PG_Timer_MTU_U0_C0.obj
-input=C:\WorkSpace\rx62n_sci_async\rx62n_sci_async\Debug\R_PG_Timer_MTU_U1.obj
-input=C:\WorkSpace\rx62n_sci_async\rx62n_sci_async\Debug\R_PG_Timer_MTU_U1_C6.obj
-input=C:\WorkSpace\rx62n_sci_async\rx62n_sci_async\Debug\R_PG_Timer_MTU_U1_C7.obj
-library=C:\Renesas\PDG2\lib\RX62N\RX62N_library_144_little.lib
-library=C:\WorkSpace\rx62n_sci_async\rx62n_sci_async\Debug\rx62n_sci_async.lib
-output=C:\WorkSpace\rx62n_sci_async\rx62n_sci_async\Debug\rx62n_sci_async.abs
-end

*** Error information ***

W0561100:Cannot find "PIntPRG" specified in option "start"

*** Mapping List ***

SECTION                            START      END         SIZE   ALIGN
B_1
                                  00001000  0000104c        4d   1
R_1
                                  0000104d  0000105d        11   1
B_2
                                  0000105e  00001067         a   2
R_2
                                  00001068  00001068         0   1
B
                                  00001068  0000165b       5f4   4
R
                                  0000165c  000016ef        94   4
SU
                                  000016f0  000017ef       100   4
SI
                                  000017f0  00001aef       300   4
W
                                  00001af0  00001af0         0   4
W_1
                                  00001af0  00001b5f        70   1
W_2
                                  00001b60  00001ccd       16e   2
P
                                  ffff0000  ffff7541      7542   1
PResetPRG
                                  ffffd000  ffffd034        35   1
C_1
                                  ffffd100  ffffd10c         d   1
C_2
                                  ffffd10d  ffffd10d         0   1
C
                                  ffffd110  ffffd153        44   4
C$DSEC
                                  ffffd154  ffffd177        24   4
C$BSEC
                                  ffffd178  ffffd18f        18   4
C$VECT
                                  ffffd190  ffffd58f       400   4
D_1
                                  ffffd590  ffffd5a0        11   1
D_2
                                  ffffd5a1  ffffd5a1         0   1
D
                                  ffffd5a4  ffffd637        94   4
L
                                  ffffd638  ffffd64f        18   4
FIXEDVECT
                                  ffffffd0  ffffffff        30   4

*** Total Section Size ***

RAMDATA SECTION:  00000af0 Byte(s)
ROMDATA SECTION:  00000758 Byte(s)
PROGRAM SECTION:  00007577 Byte(s)

*** Symbol List ***

SECTION=
FILE=                               START        END    SIZE
  SYMBOL                            ADDR        SIZE    INFO      COUNTS  OPT

SECTION=B_1
FILE=C:\WorkSpace\rx62n_sci_async\rx62n_sci_async\Debug\iicComExe.obj
                                  00001000  0000101b        1c
  _trm_eeprom_adr
                                  00001000         2   data ,g         * 
  _rcv_eeprom_adr
                                  00001002         2   data ,g         * 
  _trm_buff
                                  00001004         c   data ,g         * 
  _rcv_buff
                                  00001010         c   data ,g         * 
FILE=C:\WorkSpace\rx62n_sci_async\rx62n_sci_async\Debug\main.obj
                                  0000101c  00001043        28
  _rx_buf
                                  0000101c        20   data ,l         * 
  _isRbuffFull
                                  0000103c         1   data ,g         * 
  _write_data
                                  0000103d         3   data ,g         * 
  _addr
                                  00001040         2   data ,g         * 
  _tr
                                  00001042         1   data ,g         * 
  _rcv
                                  00001043         1   data ,g         * 
FILE=C:\WorkSpace\rx62n_sci_async\rx62n_sci_async\Debug\sci.obj
                                  00001044  00001046         3
  _tx_cnt
                                  00001044         1   data ,l         * 
  _rx_cnt
                                  00001045         1   data ,l         * 
  _last_received_byte
                                  00001046         1   data ,g         * 
FILE=globals_INTC
                                  00001047  00001048         2
  _rpdl_INTC_brk_command
                                  00001047         1   data ,g         * 
  _rpdl_INTC_brk_data8
                                  00001048         1   data ,g         * 
FILE=globals_MTU2
                                  00001049  0000104a         2
  _rpdl_MTU2_tmdr_copy
                                  00001049         2   data ,g         * 
FILE=globals_ADC_10
                                  0000104b  0000104c         2
  _rpdl_adcsr0_copy
                                  0000104b         1   data ,g         * 
  _rpdl_adcsr1_copy
                                  0000104c         1   data ,g         * 

SECTION=R_1
FILE=C:\WorkSpace\rx62n_sci_async\rx62n_sci_async\Debug\main.obj
                                  0000104d  0000105a         e
  _sci_state
                                  0000104d         1   data ,l         * 
  _tx_buf
                                  0000104e         5   data ,l         * 
  _lastCmd
                                  00001053         8   data ,g         * 
FILE=C:\WorkSpace\rx62n_sci_async\rx62n_sci_async\Debug\sci.obj
                                  0000105b  0000105d         3
  _state
                                  0000105b         1   data ,l         * 
  _rx_index
                                  0000105c         1   data ,g         * 
  _data_received_flag
                                  0000105d         1   data ,g         * 

SECTION=B_2
FILE=C:\WorkSpace\rx62n_sci_async\rx62n_sci_async\Debug\iic.obj
                                  0000105e  0000105f         2
  _ssr
                                  0000105e         2   data ,g         * 
FILE=C:\WorkSpace\rx62n_sci_async\rx62n_sci_async\Debug\main.obj
                                  00001060  00001067         8
  _Under_over_flow_cnt
                                  00001060         2   data ,g         * 
  _TGRA1_data
                                  00001062         2   data ,g         * 
  _TGRB1_data_old
                                  00001064         2   data ,g         * 
  _TGRB1_data_diff
                                  00001066         2   data ,g         * 

SECTION=B
FILE=C:\WorkSpace\rx62n_sci_async\rx62n_sci_async\Debug\iic.obj
                                  00001068  00001087        20
  _iic_buff
                                  00001068        10   data ,l         * 
  _iic_mode
                                  00001078         4   data ,l         * 
  _iic_status
                                  0000107c         4   data ,l         * 
  _iic_trm_cnt
                                  00001080         4   data ,l         * 
  _iic_rcv_cnt
                                  00001084         4   data ,l         * 
FILE=C:\WorkSpace\rx62n_sci_async\rx62n_sci_async\Debug\iicComExe.obj
                                  00001088  000010a7        20
  _iic_buff_prm
                                  00001088        20   data ,g         * 
FILE=C:\WorkSpace\rx62n_sci_async\rx62n_sci_async\Debug\main.obj
                                  000010a8  000010af         8
  _TGRD0_B0_data_diff
                                  000010a8         4   data ,g         * 
  _f_pwm$1
                                  000010ac         4   data ,l         * 
FILE=C:\WorkSpace\rx62n_sci_async\rx62n_sci_async\Debug\sbrk.obj
                                  000010b0  000014af       400
  _heap_area
                                  000010b0       400   data ,l         * 
FILE=C:\WorkSpace\rx62n_sci_async\rx62n_sci_async\Debug\sci.obj
                                  000014b0  000014c3        14
  _pbuf_tx
                                  000014b0         4   data ,l         * 
  _pbuf_rx
                                  000014b4         4   data ,l         * 
  _pcb_sci_tx_end
                                  000014b8         4   data ,g         * 
  _pcb_sci_rx_end
                                  000014bc         4   data ,g         * 
  _pcb_sci_rx_error
                                  000014c0         4   data ,g         * 
FILE=globals_INTC
                                  000014c4  000014c7         4
  _rpdl_INTC_saved_isp
                                  000014c4         4   data ,g         * 
FILE=globals_MTU2
                                  000014c8  00001647       180
  _rpdl_MTU2_func1_callback_func
                                  000014c8        30   data ,g         * 
  _rpdl_MTU2_func2_callback_func
                                  000014f8        30   data ,g         * 
  _rpdl_MTU2_func3_callback_func
                                  00001528        30   data ,g         * 
  _rpdl_MTU2_func4_callback_func
                                  00001558        30   data ,g         * 
  _rpdl_MTU2_TGRE_callback_func
                                  00001588        30   data ,g         * 
  _rpdl_MTU2_TGRF_callback_func
                                  000015b8        30   data ,g         * 
  _rpdl_MTU2_Overflow_callback_func
                                  000015e8        30   data ,g         * 
  _rpdl_MTU2_Underflow_callback_func
                                  00001618        30   data ,g         * 
FILE=globals_ADC_10
                                  00001648  0000164f         8
  _rpdl_ADC_10_callback_func
                                  00001648         8   data ,g         * 
FILE=globals_CGC
                                  00001650  0000165b         c
  _rpdl_CGC_f_pclk
                                  00001650         4   data ,g         * 
  _rpdl_CGC_f_iclk
                                  00001654         4   data ,g         * 
  _rpdl_CGC_f_bclk
                                  00001658         4   data ,g         * 

SECTION=R
FILE=C:\WorkSpace\rx62n_sci_async\rx62n_sci_async\Debug\iicComExe.obj
                                  0000165c  0000165f         4
  _g_txEndCb
                                  0000165c         4   data ,l         * 
FILE=C:\WorkSpace\rx62n_sci_async\rx62n_sci_async\Debug\main.obj
                                  00001660  00001693        34
  _received_value
                                  00001660         4   data ,g         * 
  _motorParams
                                  00001664        18   data ,g         * 
  _isGetData
                                  0000167c         4   data ,g         * 
  _nextFunc
                                  00001680         4   data ,l         * 
  _nextFuncVal
                                  00001684         4   data ,l         * 
  _isProcessNextFunc
                                  00001688         4   data ,g         * 
  _cnt
                                  0000168c         4   data ,g         * 
  _a
                                  00001690         4   data ,g         * 
FILE=C:\WorkSpace\rx62n_sci_async\rx62n_sci_async\Debug\sbrk.obj
                                  00001694  00001697         4
  _brk
                                  00001694         4   data ,l         * 
FILE=globals_INTC
                                  00001698  000016ef        58
  _rpdl_INTC_callback_func
                                  00001698        58   data ,g         * 

SECTION=SU
FILE=C:\WorkSpace\rx62n_sci_async\rx62n_sci_async\Debug\resetprg.obj
                                  000016f0  000017ef       100

SECTION=SI
FILE=C:\WorkSpace\rx62n_sci_async\rx62n_sci_async\Debug\resetprg.obj
                                  000017f0  00001aef       300

SECTION=W_1
FILE=R_IO_PORT_SetAll
                                  00001af0  00001af7         8
FILE=R_MTU2_ControlChannelAll
                                  00001af8  00001b1b        24
FILE=R_MTU2_CreateAll
                                  00001b1c  00001b5f        44

SECTION=W_2
FILE=C:\WorkSpace\rx62n_sci_async\rx62n_sci_async\Debug\Interrupt_INTC.obj
                                  00001b60  00001b73        14
FILE=R_MTU2_ControlChannelAll
                                  00001b74  00001b8b        18
FILE=R_MTU2_CreateAll
                                  00001b8c  00001c13        88
FILE=R_MTU2_ReadChannelAll
                                  00001c14  00001c73        60
FILE=utilities_MTU2
                                  00001c74  00001ccd        5a

SECTION=P
FILE=C:\WorkSpace\rx62n_sci_async\rx62n_sci_async\Debug\command.obj
                                  ffff0000  ffff0118       119
  _findCommand
                                  ffff0000        57   func ,g         * 
  _CommandSpd
                                  ffff0057        1b   func ,g         * 
  _CommandPval
                                  ffff0072        1e   func ,g         * 
  _CommandIval
                                  ffff0090        1e   func ,g         * 
  _CommandDval
                                  ffff00ae        1e   func ,g         * 
  _CommandRead
                                  ffff00cc        1e   func ,g         * 
  _CommandReadRom
                                  ffff00ea        2f   func ,g         * 
FILE=C:\WorkSpace\rx62n_sci_async\rx62n_sci_async\Debug\hwsetup.obj
                                  ffff0119  ffff013d        25
  _HardwareSetup
                                  ffff0119        25   func ,g         * 
FILE=C:\WorkSpace\rx62n_sci_async\rx62n_sci_async\Debug\iic.obj
                                  ffff013e  ffff087d       740
  _IIC_Create
                                  ffff013e        b7   func ,g         * 
  _IIC_Destroy
                                  ffff01f5        16   func ,g         * 
  _IIC_EepWrite
                                  ffff020b        73   func ,g         * 
  _IIC_RandomRead
                                  ffff027e        a5   func ,g         * 
  _IIC_GetStatus
                                  ffff0323        2b   func ,g         * 
  _IIC_EEI_Int
                                  ffff034e        a6   func ,g         * 
  _IIC_EEI_IntTimeOut
                                  ffff03f4         4   func ,l         * 
  _IIC_EEI_IntAL
                                  ffff03f8         4   func ,l         * 
  _IIC_EEI_IntSP
                                  ffff03fc        9c   func ,l         * 
  _IIC_EEI_IntST
                                  ffff0498        21   func ,l         * 
  _IIC_EEI_IntNack
                                  ffff04b9        39   func ,l         * 
  _IIC_RXI_Int
                                  ffff04f2        1f   func ,g         * 
  _IIC_RXI_IntEepRead
                                  ffff0511        d3   func ,l         * 
  _IIC_TXI_Int
                                  ffff05e4        1c   func ,g         * 
  _IIC_TXI_IntEepWrite
                                  ffff0600        8d   func ,l         * 
  _IIC_TXI_IntEepRead
                                  ffff068d        60   func ,l         * 
  _IIC_TEI_Int
                                  ffff06ed        1c   func ,g         * 
  _IIC_TEI_IntEepWrite
                                  ffff0709        18   func ,l         * 
  _IIC_TEI_IntEepRead
                                  ffff0721        20   func ,l         * 
  _IIC_GenClkSP
                                  ffff0741       137   func ,l         * 
  _IIC_Error
                                  ffff0878         6   func ,l         * 
FILE=C:\WorkSpace\rx62n_sci_async\rx62n_sci_async\Debug\iicComExe.obj
                                  ffff087e  ffff0c4e       3d1
  _regTxEnd
                                  ffff087e         e   func ,g         * 
  _SampleEepromWrite
                                  ffff088c        ee   func ,g         * 
  _EepromWrite
                                  ffff097a        b7   func ,g         * 
  _SampleEepromRead
                                  ffff0a31        a0   func ,g         * 
  _EepromReadAndResponse
                                  ffff0ad1        aa   func ,g         * 
  _txEndWrapper
                                  ffff0b7b        18   func ,g         * 
  _Test
                                  ffff0b93        27   func ,g         * 
  _IICAckPolling
                                  ffff0bba        95   func ,g         * 
FILE=C:\WorkSpace\rx62n_sci_async\rx62n_sci_async\Debug\main.obj
                                  ffff0c4f  ffff11b2       564
  _main
                                  ffff0c4f       16d   func ,g         * 
  _port_init
                                  ffff0dbc         1   func ,l         * 
  _CpuCreate
                                  ffff0dbd        12   func ,l         * 
  _CpuIntCreate
                                  ffff0dcf        90   func ,l         * 
  _IICPortCreate
                                  ffff0e5f        1f   func ,l         * 
  _peripheral_init
                                  ffff0e7e         5   func ,l         * 
  _cb_sci_tx_end
                                  ffff0e83         a   func ,l         * 
  _txEndWithMorterspd
                                  ffff0e8d        17   func ,l         * 
  _cb_sci_rx_end
                                  ffff0ea4       225   func ,l         * 
  _cb_sci_rx_error
                                  ffff10c9        14   func ,l         * 
  _Mtu0IcCmAIntFunc
                                  ffff10dd        4c   func ,g         * 
  _Mtu6IcCmBIntFunc
                                  ffff1129        30   func ,g         * 
  _Mtu7IcCmBIntFunc
                                  ffff1159        40   func ,g         * 
  _Mtu7OvIntFunc
                                  ffff1199         d   func ,g         * 
  _Mtu7UnIntFunc
                                  ffff11a6         d   func ,g         * 
FILE=C:\WorkSpace\rx62n_sci_async\rx62n_sci_async\Debug\sbrk.obj
                                  ffff11b3  ffff11ee        3c
  _sbrk
                                  ffff11b3        3c   func ,g         * 
FILE=C:\WorkSpace\rx62n_sci_async\rx62n_sci_async\Debug\sci.obj
                                  ffff11ef  ffff1654       466
  _SCI_Init
                                  ffff11ef        d7   func ,g         * 
  _SCI_StartReceive
                                  ffff12c6        86   func ,g         * 
  _SCI_StartTransmit
                                  ffff134c        65   func ,g         * 
  _SCI_GetState
                                  ffff13b1         9   func ,g         * 
  _sci_txi_isr
                                  ffff13ba        52   func ,l         * 
  _sci_tei_isr
                                  ffff140c        2a   func ,l         * 
  _sci_rxi_isr
                                  ffff1436        70   func ,l         * 
  _sci_eri_isr
                                  ffff14a6       11d   func ,l         * 
  _Excep_SCIn_ERIn
                                  ffff15c3        3e   func ,l         * 
  _Excep_SCIn_RXIn
                                  ffff1601         d   func ,l         * 
  _Excep_SCIn_TXIn
                                  ffff160e         d   func ,l         * 
  _Excep_SCIn_TEIn
                                  ffff161b        3a   func ,l         * 
FILE=C:\WorkSpace\rx62n_sci_async\rx62n_sci_async\Debug\Interrupt_INTC.obj
                                  ffff1655  ffff1bb5       561
  _Interrupt_IRQ0
                                  ffff1655        29   func ,g         * 
  _Interrupt_IRQ1
                                  ffff167e        29   func ,g         * 
  _Interrupt_IRQ2
                                  ffff16a7        29   func ,g         * 
  _Interrupt_IRQ3
                                  ffff16d0        29   func ,g         * 
  _Interrupt_IRQ4
                                  ffff16f9        29   func ,g         * 
  _Interrupt_IRQ5
                                  ffff1722        29   func ,g         * 
  _Interrupt_IRQ6
                                  ffff174b        29   func ,g         * 
  _Interrupt_IRQ7
                                  ffff1774        29   func ,g         * 
  _Interrupt_IRQ8
                                  ffff179d        29   func ,g         * 
  _Interrupt_IRQ9
                                  ffff17c6        29   func ,g         * 
  _Interrupt_IRQ10
                                  ffff17ef        29   func ,g         * 
  _Interrupt_IRQ11
                                  ffff1818        29   func ,g         * 
  _Interrupt_IRQ12
                                  ffff1841        29   func ,g         * 
  _Interrupt_IRQ13
                                  ffff186a        29   func ,g         * 
  _Interrupt_IRQ14
                                  ffff1893        29   func ,g         * 
  _Interrupt_IRQ15
                                  ffff18bc        29   func ,g         * 
  _Interrupt_SWINT
                                  ffff18e5        29   func ,g         * 
  _Interrupt_BRK
                                  ffff190e       1a2   func ,g         * 
  _Excep_PrivilegedInst
                                  ffff1ab0        29   func ,g         * 
  _Excep_Access
                                  ffff1ad9        29   func ,g         * 
  _Excep_UndefinedInst
                                  ffff1b02        29   func ,g         * 
  _Excep_FloatingPoint
                                  ffff1b2b        29   func ,g         * 
  _Interrupt_NMI
                                  ffff1b54        29   func ,g         * 
  _Excep_RIIC0_EEI0
                                  ffff1b7d         e   func ,g         * 
  _Excep_RIIC0_RXI0
                                  ffff1b8b         e   func ,g         * 
  _Excep_RIIC0_TXI0
                                  ffff1b99         e   func ,g         * 
  _Excep_RIIC0_TEI0
                                  ffff1ba7         e   func ,g         * 
  _Dummy
                                  ffff1bb5         1   func ,g         * 
FILE=C:\WorkSpace\rx62n_sci_async\rx62n_sci_async\Debug\Interrupt_MTU2.obj
                                  ffff1bb6  ffff24ad       8f8
  _Interrupt_MTU0_TGIA0
                                  ffff1bb6        29   func ,g         * 
  _Interrupt_MTU1_TGIA1
                                  ffff1bdf        29   func ,g         * 
  _Interrupt_MTU2_TGIA2
                                  ffff1c08        29   func ,g         * 
  _Interrupt_MTU3_TGIA3
                                  ffff1c31        29   func ,g         * 
  _Interrupt_MTU4_TGIA4
                                  ffff1c5a        29   func ,g         * 
  _Interrupt_MTU6_TGIA6
                                  ffff1c83        29   func ,g         * 
  _Interrupt_MTU7_TGIA7
                                  ffff1cac        29   func ,g         * 
  _Interrupt_MTU8_TGIA8
                                  ffff1cd5        29   func ,g         * 
  _Interrupt_MTU9_TGIA9
                                  ffff1cfe        29   func ,g         * 
  _Interrupt_MTU10_TGIA10
                                  ffff1d27        29   func ,g         * 
  _Interrupt_MTU0_TGIB0
                                  ffff1d50        29   func ,g         * 
  _Interrupt_MTU1_TGIB1
                                  ffff1d79        29   func ,g         * 
  _Interrupt_MTU2_TGIB2
                                  ffff1da2        29   func ,g         * 
  _Interrupt_MTU3_TGIB3
                                  ffff1dcb        29   func ,g         * 
  _Interrupt_MTU4_TGIB4
                                  ffff1df4        29   func ,g         * 
  _Interrupt_MTU6_TGIB6
                                  ffff1e1d        29   func ,g         * 
  _Interrupt_MTU7_TGIB7
                                  ffff1e46        29   func ,g         * 
  _Interrupt_MTU8_TGIB8
                                  ffff1e6f        29   func ,g         * 
  _Interrupt_MTU9_TGIB9
                                  ffff1e98        29   func ,g         * 
  _Interrupt_MTU10_TGIB10
                                  ffff1ec1        29   func ,g         * 
  _Interrupt_MTU0_TGIC0
                                  ffff1eea        29   func ,g         * 
  _Interrupt_MTU3_TGIC3
                                  ffff1f13        29   func ,g         * 
  _Interrupt_MTU4_TGIC4
                                  ffff1f3c        29   func ,g         * 
  _Interrupt_MTU6_TGIC6
                                  ffff1f65        29   func ,g         * 
  _Interrupt_MTU9_TGIC9
                                  ffff1f8e        29   func ,g         * 
  _Interrupt_MTU10_TGIC10
                                  ffff1fb7        29   func ,g         * 
  _Interrupt_MTU0_TGID0
                                  ffff1fe0        29   func ,g         * 
  _Interrupt_MTU3_TGID3
                                  ffff2009        29   func ,g         * 
  _Interrupt_MTU4_TGID4
                                  ffff2032        29   func ,g         * 
  _Interrupt_MTU6_TGID6
                                  ffff205b        29   func ,g         * 
  _Interrupt_MTU9_TGID9
                                  ffff2084        29   func ,g         * 
  _Interrupt_MTU10_TGID10
                                  ffff20ad        29   func ,g         * 
  _Interrupt_MTU0_TGIE0
                                  ffff20d6        29   func ,g         * 
  _Interrupt_MTU6_TGIE6
                                  ffff20ff        29   func ,g         * 
  _Interrupt_MTU0_TGIF0
                                  ffff2128        29   func ,g         * 
  _Interrupt_MTU6_TGIF6
                                  ffff2151        29   func ,g         * 
  _Interrupt_MTU0_TCIV0
                                  ffff217a        29   func ,g         * 
  _Interrupt_MTU1_TCIV1
                                  ffff21a3        29   func ,g         * 
  _Interrupt_MTU2_TCIV2
                                  ffff21cc        29   func ,g         * 
  _Interrupt_MTU3_TCIV3
                                  ffff21f5        29   func ,g         * 
  _Interrupt_MTU4_TCIV4
                                  ffff221e        29   func ,g         * 
  _Interrupt_MTU6_TCIV6
                                  ffff2247        29   func ,g         * 
  _Interrupt_MTU7_TCIV7
                                  ffff2270        29   func ,g         * 
  _Interrupt_MTU8_TCIV8
                                  ffff2299        29   func ,g         * 
  _Interrupt_MTU9_TCIV9
                                  ffff22c2        29   func ,g         * 
  _Interrupt_MTU10_TCIV10
                                  ffff22eb        29   func ,g         * 
  _Interrupt_MTU1_TCIU1
                                  ffff2314        29   func ,g         * 
  _Interrupt_MTU2_TCIU2
                                  ffff233d        29   func ,g         * 
  _Interrupt_MTU7_TCIU7
                                  ffff2366        29   func ,g         * 
  _Interrupt_MTU8_TCIU8
                                  ffff238f        29   func ,g         * 
  _Interrupt_MTU5_TGIU5
                                  ffff23b8        29   func ,g         * 
  _Interrupt_MTU11_TGIU11
                                  ffff23e1        29   func ,g         * 
  _Interrupt_MTU5_TGIV5
                                  ffff240a        29   func ,g         * 
  _Interrupt_MTU11_TGIV11
                                  ffff2433        29   func ,g         * 
  _Interrupt_MTU5_TGIW5
                                  ffff245c        29   func ,g         * 
  _Interrupt_MTU11_TGIW11
                                  ffff2485        29   func ,g         * 
FILE=C:\WorkSpace\rx62n_sci_async\rx62n_sci_async\Debug\R_PG_Clock.obj
                                  ffff24ae  ffff24ec        3f
  _R_PG_Clock_Set
                                  ffff24ae        23   func ,g         * 
  _R_PG_Clock_Start_SUB
                                  ffff24d1         e   func ,g         * 
  _R_PG_Clock_Stop_SUB
                                  ffff24df         e   func ,g         * 
FILE=C:\WorkSpace\rx62n_sci_async\rx62n_sci_async\Debug\R_PG_IO_PORT_P1.obj
                                  ffff24ed  ffff26f5       209
  _R_PG_IO_PORT_Set_P1
                                  ffff24ed        54   func ,g         * 
  _R_PG_IO_PORT_Set_P12
                                  ffff2541        16   func ,g         * 
  _R_PG_IO_PORT_Set_P13
                                  ffff2557        16   func ,g         * 
  _R_PG_IO_PORT_Read_P1
                                  ffff256d        1f   func ,g         * 
  _R_PG_IO_PORT_Read_P12
                                  ffff258c        21   func ,g         * 
  _R_PG_IO_PORT_Read_P13
                                  ffff25ad        21   func ,g         * 
  _R_PG_IO_PORT_Read_P14
                                  ffff25ce        22   func ,g         * 
  _R_PG_IO_PORT_Read_P15
                                  ffff25f0        22   func ,g         * 
  _R_PG_IO_PORT_Read_P16
                                  ffff2612        22   func ,g         * 
  _R_PG_IO_PORT_Read_P17
                                  ffff2634        22   func ,g         * 
  _R_PG_IO_PORT_Write_P1
                                  ffff2656        12   func ,g         * 
  _R_PG_IO_PORT_Write_P12
                                  ffff2668        17   func ,g         * 
  _R_PG_IO_PORT_Write_P13
                                  ffff267f        17   func ,g         * 
  _R_PG_IO_PORT_Write_P14
                                  ffff2696        18   func ,g         * 
  _R_PG_IO_PORT_Write_P15
                                  ffff26ae        18   func ,g         * 
  _R_PG_IO_PORT_Write_P16
                                  ffff26c6        18   func ,g         * 
  _R_PG_IO_PORT_Write_P17
                                  ffff26de        18   func ,g         * 
FILE=C:\WorkSpace\rx62n_sci_async\rx62n_sci_async\Debug\R_PG_IO_PORT_PE.obj
                                  ffff26f6  ffff2af5       400
  _R_PG_IO_PORT_Set_PE
                                  ffff26f6       153   func ,g         * 
  _R_PG_IO_PORT_Set_PE0
                                  ffff2849        16   func ,g         * 
  _R_PG_IO_PORT_Set_PE1
                                  ffff285f        16   func ,g         * 
  _R_PG_IO_PORT_Set_PE2
                                  ffff2875        16   func ,g         * 
  _R_PG_IO_PORT_Set_PE3
                                  ffff288b        16   func ,g         * 
  _R_PG_IO_PORT_Set_PE4
                                  ffff28a1        17   func ,g         * 
  _R_PG_IO_PORT_Set_PE5
                                  ffff28b8        17   func ,g         * 
  _R_PG_IO_PORT_Set_PE6
                                  ffff28cf        17   func ,g         * 
  _R_PG_IO_PORT_Set_PE7
                                  ffff28e6        17   func ,g         * 
  _R_PG_IO_PORT_Read_PE
                                  ffff28fd        1f   func ,g         * 
  _R_PG_IO_PORT_Read_PE0
                                  ffff291c        21   func ,g         * 
  _R_PG_IO_PORT_Read_PE1
                                  ffff293d        21   func ,g         * 
  _R_PG_IO_PORT_Read_PE2
                                  ffff295e        21   func ,g         * 
  _R_PG_IO_PORT_Read_PE3
                                  ffff297f        21   func ,g         * 
  _R_PG_IO_PORT_Read_PE4
                                  ffff29a0        22   func ,g         * 
  _R_PG_IO_PORT_Read_PE5
                                  ffff29c2        22   func ,g         * 
  _R_PG_IO_PORT_Read_PE6
                                  ffff29e4        22   func ,g         * 
  _R_PG_IO_PORT_Read_PE7
                                  ffff2a06        22   func ,g         * 
  _R_PG_IO_PORT_Write_PE
                                  ffff2a28        12   func ,g         * 
  _R_PG_IO_PORT_Write_PE0
                                  ffff2a3a        17   func ,g         * 
  _R_PG_IO_PORT_Write_PE1
                                  ffff2a51        17   func ,g         * 
  _R_PG_IO_PORT_Write_PE2
                                  ffff2a68        17   func ,g         * 
  _R_PG_IO_PORT_Write_PE3
                                  ffff2a7f        17   func ,g         * 
  _R_PG_IO_PORT_Write_PE4
                                  ffff2a96        18   func ,g         * 
  _R_PG_IO_PORT_Write_PE5
                                  ffff2aae        18   func ,g         * 
  _R_PG_IO_PORT_Write_PE6
                                  ffff2ac6        18   func ,g         * 
  _R_PG_IO_PORT_Write_PE7
                                  ffff2ade        18   func ,g         * 
FILE=C:\WorkSpace\rx62n_sci_async\rx62n_sci_async\Debug\R_PG_Timer_MTU_U0.obj
                                  ffff2af6  ffff2b03         e
  _R_PG_Timer_StopModule_MTU_U0
                                  ffff2af6         e   func ,g         * 
FILE=C:\WorkSpace\rx62n_sci_async\rx62n_sci_async\Debug\R_PG_Timer_MTU_U0_C0.obj
                                  ffff2b04  ffff2ef1       3ee
  _R_PG_Timer_Set_MTU_U0_C0
                                  ffff2b04        91   func ,g         * 
  _R_PG_Timer_StartCount_MTU_U0_C0
                                  ffff2b95        33   func ,g         * 
  _R_PG_Timer_HaltCount_MTU_U0_C0
                                  ffff2bc8        33   func ,g         * 
  _R_PG_Timer_GetCounterValue_MTU_U0_C0
                                  ffff2bfb        34   func ,g         * 
  _R_PG_Timer_SetCounterValue_MTU_U0_C0
                                  ffff2c2f        36   func ,g         * 
  _R_PG_Timer_GetTGR_MTU_U0_C0
                                  ffff2c65        8f   func ,g         * 
  _R_PG_Timer_SetTGR_A_MTU_U0_C0
                                  ffff2cf4        36   func ,g         * 
  _R_PG_Timer_SetTGR_B_MTU_U0_C0
                                  ffff2d2a        36   func ,g         * 
  _R_PG_Timer_SetTGR_C_MTU_U0_C0
                                  ffff2d60        36   func ,g         * 
  _R_PG_Timer_SetTGR_D_MTU_U0_C0
                                  ffff2d96        36   func ,g         * 
  _R_PG_Timer_SetTGR_E_MTU_U0_C0
                                  ffff2dcc        36   func ,g         * 
  _R_PG_Timer_SetTGR_F_MTU_U0_C0
                                  ffff2e02        36   func ,g         * 
  _R_PG_Timer_GetRequestFlag_MTU_U0_C0
                                  ffff2e38        ba   func ,g         * 
FILE=C:\WorkSpace\rx62n_sci_async\rx62n_sci_async\Debug\R_PG_Timer_MTU_U1.obj
                                  ffff2ef2  ffff2eff         e
  _R_PG_Timer_StopModule_MTU_U1
                                  ffff2ef2         e   func ,g         * 
FILE=C:\WorkSpace\rx62n_sci_async\rx62n_sci_async\Debug\R_PG_Timer_MTU_U1_C6.obj
                                  ffff2f00  ffff3310       411
  _R_PG_Timer_Set_MTU_U1_C6
                                  ffff2f00        b4   func ,g         * 
  _R_PG_Timer_StartCount_MTU_U1_C6
                                  ffff2fb4        33   func ,g         * 
  _R_PG_Timer_HaltCount_MTU_U1_C6
                                  ffff2fe7        33   func ,g         * 
  _R_PG_Timer_GetCounterValue_MTU_U1_C6
                                  ffff301a        34   func ,g         * 
  _R_PG_Timer_SetCounterValue_MTU_U1_C6
                                  ffff304e        36   func ,g         * 
  _R_PG_Timer_GetTGR_MTU_U1_C6
                                  ffff3084        8f   func ,g         * 
  _R_PG_Timer_SetTGR_A_MTU_U1_C6
                                  ffff3113        36   func ,g         * 
  _R_PG_Timer_SetTGR_B_MTU_U1_C6
                                  ffff3149        36   func ,g         * 
  _R_PG_Timer_SetTGR_C_MTU_U1_C6
                                  ffff317f        36   func ,g         * 
  _R_PG_Timer_SetTGR_D_MTU_U1_C6
                                  ffff31b5        36   func ,g         * 
  _R_PG_Timer_SetTGR_E_MTU_U1_C6
                                  ffff31eb        36   func ,g         * 
  _R_PG_Timer_SetTGR_F_MTU_U1_C6
                                  ffff3221        36   func ,g         * 
  _R_PG_Timer_GetRequestFlag_MTU_U1_C6
                                  ffff3257        ba   func ,g         * 
FILE=C:\WorkSpace\rx62n_sci_async\rx62n_sci_async\Debug\R_PG_Timer_MTU_U1_C7.obj
                                  ffff3311  ffff35f5       2e5
  _R_PG_Timer_Set_MTU_U1_C7
                                  ffff3311        af   func ,g         * 
  _R_PG_Timer_StartCount_MTU_U1_C7
                                  ffff33c0        33   func ,g         * 
  _R_PG_Timer_HaltCount_MTU_U1_C7
                                  ffff33f3        33   func ,g         * 
  _R_PG_Timer_GetCounterValue_MTU_U1_C7
                                  ffff3426        34   func ,g         * 
  _R_PG_Timer_SetCounterValue_MTU_U1_C7
                                  ffff345a        36   func ,g         * 
  _R_PG_Timer_GetTGR_MTU_U1_C7
                                  ffff3490        52   func ,g         * 
  _R_PG_Timer_SetTGR_A_MTU_U1_C7
                                  ffff34e2        36   func ,g         * 
  _R_PG_Timer_SetTGR_B_MTU_U1_C7
                                  ffff3518        36   func ,g         * 
  _R_PG_Timer_GetRequestFlag_MTU_U1_C7
                                  ffff354e        a8   func ,g         * 
FILE=R_CGC_ControlAll
                                  ffff35f6  ffff3661        6c
  _R_CGC_ControlAll
                                  ffff35f6        6c   func ,g         * 
FILE=R_CGC_SetAll
                                  ffff3662  ffff388a       229
  _R_CGC_SetAll
                                  ffff3662       229   func ,g         * 
FILE=R_IO_PORT_ReadDataAll
                                  ffff388b  ffff38a6        1c
  _R_IO_PORT_ReadDataAll
                                  ffff388b        1c   func ,g         * 
FILE=R_IO_PORT_ReadDataRegisterAll
                                  ffff38a7  ffff38b4         e
  _R_IO_PORT_ReadDataRegisterAll
                                  ffff38a7         e   func ,g         * 
FILE=R_IO_PORT_SetAll
                                  ffff38b5  ffff3973        bf
  _R_IO_PORT_SetAll
                                  ffff38b5        bf   func ,g         * 
FILE=R_IO_PORT_WriteAll
                                  ffff3974  ffff3997        24
  _R_IO_PORT_WriteAll
                                  ffff3974        24   func ,g         * 
FILE=R_IO_PORT_WriteRegisterAll
                                  ffff3998  ffff39a5         e
  _R_IO_PORT_WriteRegisterAll
                                  ffff3998         e   func ,g         * 
FILE=R_MTU2_ControlChannelAll
                                  ffff39a6  ffff3df7       452
  _R_MTU2_ControlChannelAll
                                  ffff39a6       452   func ,g         * 
FILE=R_MTU2_CreateAll
                                  ffff3df8  ffff662b      2834
  _R_MTU2_CreateAll
                                  ffff3df8      2834   func ,g         * 
FILE=R_MTU2_DestroyAll
                                  ffff662c  ffff66c5        9a
  _R_MTU2_DestroyAll
                                  ffff662c        9a   func ,g         * 
FILE=R_MTU2_ReadChannelAll
                                  ffff66c6  ffff6c49       584
  _R_MTU2_ReadChannelAll
                                  ffff66c6       584   func ,g         * 
FILE=R_MTU2_SetAll
                                  ffff6c4a  ffff6cfc        b3
  _R_MTU2_SetAll
                                  ffff6c4a        b3   func ,g         * 
FILE=utilities_ADC_10
                                  ffff6cfd  ffff6d54        58
  _rpdl_ADC_10_Start
                                  ffff6cfd        19   func ,g         * 
  _rpdl_ADC_10_ModifyIEN
                                  ffff6d16        3f   func ,g         * 
FILE=utilities_MTU2
                                  ffff6d55  ffff74f7       7a3
  _R_MTU2_Create_load_defaults
                                  ffff6d55        36   func ,g         * 
  _rpdl_MTU2_DisableIER
                                  ffff6d8b       1c4   func ,g         * 
  _rpdl_MTU2_EnableTGRAIER
                                  ffff6f4f        f8   func ,g         * 
  _rpdl_MTU2_EnableTGRBIER
                                  ffff7047        f8   func ,g         * 
  _rpdl_MTU2_EnableTGRCIER
                                  ffff713f        a1   func ,g         * 
  _rpdl_MTU2_EnableTGRDIER
                                  ffff71e0        a1   func ,g         * 
  _rpdl_MTU2_EnableTGREIER
                                  ffff7281        37   func ,g         * 
  _rpdl_MTU2_EnableTGRFIER
                                  ffff72b8        37   func ,g         * 
  _rpdl_MTU2_EnableTGRUIER
                                  ffff72ef        37   func ,g         * 
  _rpdl_MTU2_EnableTGRVIER
                                  ffff7326        37   func ,g         * 
  _rpdl_MTU2_EnableTGRWIER
                                  ffff735d        37   func ,g         * 
  _rpdl_MTU2_EnableTCIVIER
                                  ffff7394        f8   func ,g         * 
  _rpdl_MTU2_EnableTCIUIER
                                  ffff748c        6c   func ,g         * 
FILE=__initsct
                                  ffff74f8  ffff7541        4a
  __INITSCT
                                  ffff74f8         0   none ,g         * 
  loop1
                                  ffff750a         0   none ,l         * 
  next_loop1
                                  ffff7518         0   none ,l         * 
  loop3
                                  ffff752a         0   none ,l         * 
  next_loop3
                                  ffff753b         0   none ,l         * 

SECTION=PResetPRG
FILE=C:\WorkSpace\rx62n_sci_async\rx62n_sci_async\Debug\resetprg.obj
                                  ffffd000  ffffd034        35
  _PowerON_Reset_PC
                                  ffffd000        35   entry,g         * 

SECTION=C_1
FILE=globals_MTU2
                                  ffffd100  ffffd104         5
  _rpdl_MTU2_TSTR_mask
                                  ffffd100         5   data ,g         * 
FILE=globals_ADC_10
                                  ffffd105  ffffd108         4
  _rpdl_ADC_10_div_value
                                  ffffd105         4   data ,g         * 
FILE=globals_CGC
                                  ffffd109  ffffd10c         4
  _rpdl_CGC_xCLK_mul_value
                                  ffffd109         4   data ,g         * 

SECTION=C
FILE=C:\WorkSpace\rx62n_sci_async\rx62n_sci_async\Debug\command.obj
                                  ffffd110  ffffd13b        2c
  _commandTable
                                  ffffd110        28   data ,g         * 
  _COMMAND_COUNT
                                  ffffd138         4   data ,g         * 
FILE=C:\WorkSpace\rx62n_sci_async\rx62n_sci_async\Debug\dbsct.obj
                                  ffffd13c  ffffd153        18
  __CTBL
                                  ffffd13c        18   data ,g         * 

SECTION=C$DSEC
FILE=C:\WorkSpace\rx62n_sci_async\rx62n_sci_async\Debug\dbsct.obj
                                  ffffd154  ffffd177        24
  __DTBL
                                  ffffd154        24   data ,g         * 

SECTION=C$BSEC
FILE=C:\WorkSpace\rx62n_sci_async\rx62n_sci_async\Debug\dbsct.obj
                                  ffffd178  ffffd18f        18
  __BTBL
                                  ffffd178        18   data ,g         * 

SECTION=C$VECT
FILE=C:\WorkSpace\rx62n_sci_async\rx62n_sci_async\Debug\resetprg.obj
                                  ffffd190  ffffd58f       400

SECTION=D_1
FILE=C:\WorkSpace\rx62n_sci_async\rx62n_sci_async\Debug\main.obj
                                  ffffd590  ffffd59d         e
FILE=C:\WorkSpace\rx62n_sci_async\rx62n_sci_async\Debug\sci.obj
                                  ffffd59e  ffffd5a0         3

SECTION=D
FILE=C:\WorkSpace\rx62n_sci_async\rx62n_sci_async\Debug\iicComExe.obj
                                  ffffd5a4  ffffd5a7         4
FILE=C:\WorkSpace\rx62n_sci_async\rx62n_sci_async\Debug\main.obj
                                  ffffd5a8  ffffd5db        34
FILE=C:\WorkSpace\rx62n_sci_async\rx62n_sci_async\Debug\sbrk.obj
                                  ffffd5dc  ffffd5df         4
FILE=globals_INTC
                                  ffffd5e0  ffffd637        58

SECTION=L
FILE=C:\WorkSpace\rx62n_sci_async\rx62n_sci_async\Debug\command.obj
                                  ffffd638  ffffd64b        14
FILE=C:\WorkSpace\rx62n_sci_async\rx62n_sci_async\Debug\main.obj
                                  ffffd64c  ffffd64f         4

SECTION=FIXEDVECT
FILE=C:\WorkSpace\rx62n_sci_async\rx62n_sci_async\Debug\Interrupt_INTC.obj
                                  ffffffd0  ffffffff        30
  _Fixed_Vectors
                                  ffffffd0        30   data ,g         * 

*** Unfilled Areas ***

AREA                                START    END

*** Delete Symbols ***

SYMBOL                                SIZE    INFO
