Renesas Optimizing Linker (W3.07.00 )             02-Nov-2025 17:02:41

*** Options ***

-MAKEUD=C:\WorkSpace\rx62n_sci_async\rx62n_sci_async\Debug\rx62n_sci_async.lk.ud
-subcommand=C:\WorkSpace\rx62n_sci_async\rx62n_sci_async\Debug\rx62n_sci_async.clnk
-noprelink
-nomessage
-list=C:\WorkSpace\rx62n_sci_async\rx62n_sci_async\Debug\rx62n_sci_async.map
-show=symbol,total_size
-nooptimize
-start=B_1,R_1,B_2,R_2,B,R,SU,SI,W*/00001000,P/0FFFF0000,PResetPRG/0FFFFD000,C_1,C_2,C,C$*,D_1,D_2,D,PIntPRG,L/0FFFFD100,FIXEDVECT/0FFFFFFD0
-rom=D=R,D_1=R_1,D_2=R_2
-nologo
-input=C:\WorkSpace\rx62n_sci_async\rx62n_sci_async\Debug\command.obj
-input=C:\WorkSpace\rx62n_sci_async\rx62n_sci_async\Debug\dbsct.obj
-input=C:\WorkSpace\rx62n_sci_async\rx62n_sci_async\Debug\hwsetup.obj
-input=C:\WorkSpace\rx62n_sci_async\rx62n_sci_async\Debug\iic.obj
-input=C:\WorkSpace\rx62n_sci_async\rx62n_sci_async\Debug\iicComExe.obj
-input=C:\WorkSpace\rx62n_sci_async\rx62n_sci_async\Debug\main.obj
-input=C:\WorkSpace\rx62n_sci_async\rx62n_sci_async\Debug\resetprg.obj
-input=C:\WorkSpace\rx62n_sci_async\rx62n_sci_async\Debug\sbrk.obj
-input=C:\WorkSpace\rx62n_sci_async\rx62n_sci_async\Debug\sci.obj
-input=C:\WorkSpace\rx62n_sci_async\rx62n_sci_async\Debug\Interrupt_INTC.obj
-input=C:\WorkSpace\rx62n_sci_async\rx62n_sci_async\Debug\Interrupt_MTU2.obj
-input=C:\WorkSpace\rx62n_sci_async\rx62n_sci_async\Debug\R_PG_Clock.obj
-input=C:\WorkSpace\rx62n_sci_async\rx62n_sci_async\Debug\R_PG_IO_PORT_P1.obj
-input=C:\WorkSpace\rx62n_sci_async\rx62n_sci_async\Debug\R_PG_IO_PORT_PE.obj
-input=C:\WorkSpace\rx62n_sci_async\rx62n_sci_async\Debug\R_PG_Timer_MTU_U0.obj
-input=C:\WorkSpace\rx62n_sci_async\rx62n_sci_async\Debug\R_PG_Timer_MTU_U0_C0.obj
-input=C:\WorkSpace\rx62n_sci_async\rx62n_sci_async\Debug\R_PG_Timer_MTU_U1.obj
-input=C:\WorkSpace\rx62n_sci_async\rx62n_sci_async\Debug\R_PG_Timer_MTU_U1_C6.obj
-input=C:\WorkSpace\rx62n_sci_async\rx62n_sci_async\Debug\R_PG_Timer_MTU_U1_C7.obj
-library=C:\Renesas\PDG2\lib\RX62N\RX62N_library_144_little.lib
-library=C:\WorkSpace\rx62n_sci_async\rx62n_sci_async\Debug\rx62n_sci_async.lib
-output=C:\WorkSpace\rx62n_sci_async\rx62n_sci_async\Debug\rx62n_sci_async.abs
-end

*** Error information ***

W0561100:Cannot find "PIntPRG" specified in option "start"

*** Mapping List ***

SECTION                            START      END         SIZE   ALIGN
B_1
                                  00001000  0000104c        4d   1
R_1
                                  0000104d  0000105d        11   1
B_2
                                  0000105e  00001061         4   2
R_2
                                  00001062  00001062         0   1
B
                                  00001064  00001653       5f0   4
R
                                  00001654  000016e7        94   4
SU
                                  000016e8  000017e7       100   4
SI
                                  000017e8  00001ae7       300   4
W
                                  00001ae8  00001ae8         0   4
W_1
                                  00001ae8  00001b57        70   1
W_2
                                  00001b58  00001cc5       16e   2
P
                                  ffff0000  ffff74e5      74e6   1
PResetPRG
                                  ffffd000  ffffd034        35   1
C_1
                                  ffffd100  ffffd10c         d   1
C_2
                                  ffffd10d  ffffd10d         0   1
C
                                  ffffd110  ffffd167        58   4
C$DSEC
                                  ffffd168  ffffd18b        24   4
C$BSEC
                                  ffffd18c  ffffd1a3        18   4
C$VECT
                                  ffffd1a4  ffffd5a3       400   4
D_1
                                  ffffd5a4  ffffd5b4        11   1
D_2
                                  ffffd5b5  ffffd5b5         0   1
D
                                  ffffd5b8  ffffd64b        94   4
L
                                  ffffd64c  ffffd663        18   4
FIXEDVECT
                                  ffffffd0  ffffffff        30   4

*** Total Section Size ***

RAMDATA SECTION:  00000ae6 Byte(s)
ROMDATA SECTION:  0000076c Byte(s)
PROGRAM SECTION:  0000751b Byte(s)

*** Symbol List ***

SECTION=
FILE=                               START        END    SIZE
  SYMBOL                            ADDR        SIZE    INFO      COUNTS  OPT

SECTION=B_1
FILE=C:\WorkSpace\rx62n_sci_async\rx62n_sci_async\Debug\iicComExe.obj
                                  00001000  0000101b        1c
  _trm_eeprom_adr
                                  00001000         2   data ,g         * 
  _rcv_eeprom_adr
                                  00001002         2   data ,g         * 
  _trm_buff
                                  00001004         c   data ,g         * 
  _rcv_buff
                                  00001010         c   data ,g         * 
FILE=C:\WorkSpace\rx62n_sci_async\rx62n_sci_async\Debug\main.obj
                                  0000101c  00001043        28
  _rx_buf
                                  0000101c        20   data ,l         * 
  _isRbuffFull
                                  0000103c         1   data ,g         * 
  _write_data
                                  0000103d         3   data ,g         * 
  _addr
                                  00001040         2   data ,g         * 
  _tr
                                  00001042         1   data ,g         * 
  _rcv
                                  00001043         1   data ,g         * 
FILE=C:\WorkSpace\rx62n_sci_async\rx62n_sci_async\Debug\sci.obj
                                  00001044  00001046         3
  _tx_cnt
                                  00001044         1   data ,l         * 
  _rx_cnt
                                  00001045         1   data ,l         * 
  _last_received_byte
                                  00001046         1   data ,g         * 
FILE=globals_INTC
                                  00001047  00001048         2
  _rpdl_INTC_brk_command
                                  00001047         1   data ,g         * 
  _rpdl_INTC_brk_data8
                                  00001048         1   data ,g         * 
FILE=globals_MTU2
                                  00001049  0000104a         2
  _rpdl_MTU2_tmdr_copy
                                  00001049         2   data ,g         * 
FILE=globals_ADC_10
                                  0000104b  0000104c         2
  _rpdl_adcsr0_copy
                                  0000104b         1   data ,g         * 
  _rpdl_adcsr1_copy
                                  0000104c         1   data ,g         * 

SECTION=R_1
FILE=C:\WorkSpace\rx62n_sci_async\rx62n_sci_async\Debug\main.obj
                                  0000104d  0000105a         e
  _sci_state
                                  0000104d         1   data ,l         * 
  _tx_buf
                                  0000104e         5   data ,l         * 
  _lastCmd
                                  00001053         8   data ,g         * 
FILE=C:\WorkSpace\rx62n_sci_async\rx62n_sci_async\Debug\sci.obj
                                  0000105b  0000105d         3
  _state
                                  0000105b         1   data ,l         * 
  _rx_index
                                  0000105c         1   data ,g         * 
  _data_received_flag
                                  0000105d         1   data ,g         * 

SECTION=B_2
FILE=C:\WorkSpace\rx62n_sci_async\rx62n_sci_async\Debug\iic.obj
                                  0000105e  0000105f         2
  _ssr
                                  0000105e         2   data ,g         * 
FILE=C:\WorkSpace\rx62n_sci_async\rx62n_sci_async\Debug\main.obj
                                  00001060  00001061         2
  _Under_over_flow_cnt
                                  00001060         2   data ,g         * 

SECTION=B
FILE=C:\WorkSpace\rx62n_sci_async\rx62n_sci_async\Debug\iic.obj
                                  00001064  00001083        20
  _iic_buff
                                  00001064        10   data ,l         * 
  _iic_mode
                                  00001074         4   data ,l         * 
  _iic_status
                                  00001078         4   data ,l         * 
  _iic_trm_cnt
                                  0000107c         4   data ,l         * 
  _iic_rcv_cnt
                                  00001080         4   data ,l         * 
FILE=C:\WorkSpace\rx62n_sci_async\rx62n_sci_async\Debug\iicComExe.obj
                                  00001084  000010a3        20
  _iic_buff_prm
                                  00001084        20   data ,g         * 
FILE=C:\WorkSpace\rx62n_sci_async\rx62n_sci_async\Debug\main.obj
                                  000010a4  000010a7         4
  _f_pwm$1
                                  000010a4         4   data ,l         * 
FILE=C:\WorkSpace\rx62n_sci_async\rx62n_sci_async\Debug\sbrk.obj
                                  000010a8  000014a7       400
  _heap_area
                                  000010a8       400   data ,l         * 
FILE=C:\WorkSpace\rx62n_sci_async\rx62n_sci_async\Debug\sci.obj
                                  000014a8  000014bb        14
  _pbuf_tx
                                  000014a8         4   data ,l         * 
  _pbuf_rx
                                  000014ac         4   data ,l         * 
  _pcb_sci_tx_end
                                  000014b0         4   data ,g         * 
  _pcb_sci_rx_end
                                  000014b4         4   data ,g         * 
  _pcb_sci_rx_error
                                  000014b8         4   data ,g         * 
FILE=globals_INTC
                                  000014bc  000014bf         4
  _rpdl_INTC_saved_isp
                                  000014bc         4   data ,g         * 
FILE=globals_MTU2
                                  000014c0  0000163f       180
  _rpdl_MTU2_func1_callback_func
                                  000014c0        30   data ,g         * 
  _rpdl_MTU2_func2_callback_func
                                  000014f0        30   data ,g         * 
  _rpdl_MTU2_func3_callback_func
                                  00001520        30   data ,g         * 
  _rpdl_MTU2_func4_callback_func
                                  00001550        30   data ,g         * 
  _rpdl_MTU2_TGRE_callback_func
                                  00001580        30   data ,g         * 
  _rpdl_MTU2_TGRF_callback_func
                                  000015b0        30   data ,g         * 
  _rpdl_MTU2_Overflow_callback_func
                                  000015e0        30   data ,g         * 
  _rpdl_MTU2_Underflow_callback_func
                                  00001610        30   data ,g         * 
FILE=globals_ADC_10
                                  00001640  00001647         8
  _rpdl_ADC_10_callback_func
                                  00001640         8   data ,g         * 
FILE=globals_CGC
                                  00001648  00001653         c
  _rpdl_CGC_f_pclk
                                  00001648         4   data ,g         * 
  _rpdl_CGC_f_iclk
                                  0000164c         4   data ,g         * 
  _rpdl_CGC_f_bclk
                                  00001650         4   data ,g         * 

SECTION=R
FILE=C:\WorkSpace\rx62n_sci_async\rx62n_sci_async\Debug\iicComExe.obj
                                  00001654  00001657         4
  _g_txEndCb
                                  00001654         4   data ,l         * 
FILE=C:\WorkSpace\rx62n_sci_async\rx62n_sci_async\Debug\main.obj
                                  00001658  0000168b        34
  _received_value
                                  00001658         4   data ,g         * 
  _motorParams
                                  0000165c        18   data ,g         * 
  _isGetData
                                  00001674         4   data ,g         * 
  _nextFunc
                                  00001678         4   data ,l         * 
  _nextFuncVal
                                  0000167c         4   data ,l         * 
  _isProcessNextFunc
                                  00001680         4   data ,g         * 
  _cnt
                                  00001684         4   data ,g         * 
  _a
                                  00001688         4   data ,g         * 
FILE=C:\WorkSpace\rx62n_sci_async\rx62n_sci_async\Debug\sbrk.obj
                                  0000168c  0000168f         4
  _brk
                                  0000168c         4   data ,l         * 
FILE=globals_INTC
                                  00001690  000016e7        58
  _rpdl_INTC_callback_func
                                  00001690        58   data ,g         * 

SECTION=SU
FILE=C:\WorkSpace\rx62n_sci_async\rx62n_sci_async\Debug\resetprg.obj
                                  000016e8  000017e7       100

SECTION=SI
FILE=C:\WorkSpace\rx62n_sci_async\rx62n_sci_async\Debug\resetprg.obj
                                  000017e8  00001ae7       300

SECTION=W_1
FILE=R_IO_PORT_SetAll
                                  00001ae8  00001aef         8
FILE=R_MTU2_ControlChannelAll
                                  00001af0  00001b13        24
FILE=R_MTU2_CreateAll
                                  00001b14  00001b57        44

SECTION=W_2
FILE=C:\WorkSpace\rx62n_sci_async\rx62n_sci_async\Debug\Interrupt_INTC.obj
                                  00001b58  00001b6b        14
FILE=R_MTU2_ControlChannelAll
                                  00001b6c  00001b83        18
FILE=R_MTU2_CreateAll
                                  00001b84  00001c0b        88
FILE=R_MTU2_ReadChannelAll
                                  00001c0c  00001c6b        60
FILE=utilities_MTU2
                                  00001c6c  00001cc5        5a

SECTION=P
FILE=C:\WorkSpace\rx62n_sci_async\rx62n_sci_async\Debug\command.obj
                                  ffff0000  ffff0119       11a
  _findCommand
                                  ffff0000        58   func ,g         * 
  _CommandSpd
                                  ffff0058        1b   func ,g         * 
  _CommandPval
                                  ffff0073        1e   func ,g         * 
  _CommandIval
                                  ffff0091        1e   func ,g         * 
  _CommandDval
                                  ffff00af        1e   func ,g         * 
  _CommandRead
                                  ffff00cd        1e   func ,g         * 
  _CommandReadRom
                                  ffff00eb        2f   func ,g         * 
FILE=C:\WorkSpace\rx62n_sci_async\rx62n_sci_async\Debug\hwsetup.obj
                                  ffff011a  ffff013e        25
  _HardwareSetup
                                  ffff011a        25   func ,g         * 
FILE=C:\WorkSpace\rx62n_sci_async\rx62n_sci_async\Debug\iic.obj
                                  ffff013f  ffff087e       740
  _IIC_Create
                                  ffff013f        b7   func ,g         * 
  _IIC_Destroy
                                  ffff01f6        16   func ,g         * 
  _IIC_EepWrite
                                  ffff020c        73   func ,g         * 
  _IIC_RandomRead
                                  ffff027f        a5   func ,g         * 
  _IIC_GetStatus
                                  ffff0324        2b   func ,g         * 
  _IIC_EEI_Int
                                  ffff034f        a6   func ,g         * 
  _IIC_EEI_IntTimeOut
                                  ffff03f5         4   func ,l         * 
  _IIC_EEI_IntAL
                                  ffff03f9         4   func ,l         * 
  _IIC_EEI_IntSP
                                  ffff03fd        9c   func ,l         * 
  _IIC_EEI_IntST
                                  ffff0499        21   func ,l         * 
  _IIC_EEI_IntNack
                                  ffff04ba        39   func ,l         * 
  _IIC_RXI_Int
                                  ffff04f3        1f   func ,g         * 
  _IIC_RXI_IntEepRead
                                  ffff0512        d3   func ,l         * 
  _IIC_TXI_Int
                                  ffff05e5        1c   func ,g         * 
  _IIC_TXI_IntEepWrite
                                  ffff0601        8d   func ,l         * 
  _IIC_TXI_IntEepRead
                                  ffff068e        60   func ,l         * 
  _IIC_TEI_Int
                                  ffff06ee        1c   func ,g         * 
  _IIC_TEI_IntEepWrite
                                  ffff070a        18   func ,l         * 
  _IIC_TEI_IntEepRead
                                  ffff0722        20   func ,l         * 
  _IIC_GenClkSP
                                  ffff0742       137   func ,l         * 
  _IIC_Error
                                  ffff0879         6   func ,l         * 
FILE=C:\WorkSpace\rx62n_sci_async\rx62n_sci_async\Debug\iicComExe.obj
                                  ffff087f  ffff0c4f       3d1
  _regTxEnd
                                  ffff087f         e   func ,g         * 
  _SampleEepromWrite
                                  ffff088d        ee   func ,g         * 
  _EepromWrite
                                  ffff097b        b7   func ,g         * 
  _SampleEepromRead
                                  ffff0a32        a0   func ,g         * 
  _EepromReadAndResponse
                                  ffff0ad2        aa   func ,g         * 
  _txEndWrapper
                                  ffff0b7c        18   func ,g         * 
  _Test
                                  ffff0b94        27   func ,g         * 
  _IICAckPolling
                                  ffff0bbb        95   func ,g         * 
FILE=C:\WorkSpace\rx62n_sci_async\rx62n_sci_async\Debug\main.obj
                                  ffff0c50  ffff1157       508
  _main
                                  ffff0c50       16d   func ,g         * 
  _port_init
                                  ffff0dbd         1   func ,l         * 
  _CpuCreate
                                  ffff0dbe        12   func ,l         * 
  _CpuIntCreate
                                  ffff0dd0        90   func ,l         * 
  _IICPortCreate
                                  ffff0e60        1f   func ,l         * 
  _peripheral_init
                                  ffff0e7f         5   func ,l         * 
  _cb_sci_tx_end
                                  ffff0e84         a   func ,l         * 
  _txEndWithMorterspd
                                  ffff0e8e        17   func ,l         * 
  _cb_sci_rx_end
                                  ffff0ea5       225   func ,l         * 
  _cb_sci_rx_error
                                  ffff10ca        14   func ,l         * 
  _Mtu0IcCmAIntFunc
                                  ffff10de        4c   func ,g         * 
  _Mtu6IcCmBIntFunc
                                  ffff112a         1   func ,g         * 
  _Mtu6IcCmCIntFunc
                                  ffff112b         4   func ,g         * 
  _irMtu7_A
                                  ffff112f         f   func ,l         * 
  _Mtu7OvIntFunc
                                  ffff113e         d   func ,g         * 
  _Mtu7UnIntFunc
                                  ffff114b         d   func ,g         * 
FILE=C:\WorkSpace\rx62n_sci_async\rx62n_sci_async\Debug\sbrk.obj
                                  ffff1158  ffff1193        3c
  _sbrk
                                  ffff1158        3c   func ,g         * 
FILE=C:\WorkSpace\rx62n_sci_async\rx62n_sci_async\Debug\sci.obj
                                  ffff1194  ffff15f9       466
  _SCI_Init
                                  ffff1194        d7   func ,g         * 
  _SCI_StartReceive
                                  ffff126b        86   func ,g         * 
  _SCI_StartTransmit
                                  ffff12f1        65   func ,g         * 
  _SCI_GetState
                                  ffff1356         9   func ,g         * 
  _sci_txi_isr
                                  ffff135f        52   func ,l         * 
  _sci_tei_isr
                                  ffff13b1        2a   func ,l         * 
  _sci_rxi_isr
                                  ffff13db        70   func ,l         * 
  _sci_eri_isr
                                  ffff144b       11d   func ,l         * 
  _Excep_SCIn_ERIn
                                  ffff1568        3e   func ,l         * 
  _Excep_SCIn_RXIn
                                  ffff15a6         d   func ,l         * 
  _Excep_SCIn_TXIn
                                  ffff15b3         d   func ,l         * 
  _Excep_SCIn_TEIn
                                  ffff15c0        3a   func ,l         * 
FILE=C:\WorkSpace\rx62n_sci_async\rx62n_sci_async\Debug\Interrupt_INTC.obj
                                  ffff15fa  ffff1b5a       561
  _Interrupt_IRQ0
                                  ffff15fa        29   func ,g         * 
  _Interrupt_IRQ1
                                  ffff1623        29   func ,g         * 
  _Interrupt_IRQ2
                                  ffff164c        29   func ,g         * 
  _Interrupt_IRQ3
                                  ffff1675        29   func ,g         * 
  _Interrupt_IRQ4
                                  ffff169e        29   func ,g         * 
  _Interrupt_IRQ5
                                  ffff16c7        29   func ,g         * 
  _Interrupt_IRQ6
                                  ffff16f0        29   func ,g         * 
  _Interrupt_IRQ7
                                  ffff1719        29   func ,g         * 
  _Interrupt_IRQ8
                                  ffff1742        29   func ,g         * 
  _Interrupt_IRQ9
                                  ffff176b        29   func ,g         * 
  _Interrupt_IRQ10
                                  ffff1794        29   func ,g         * 
  _Interrupt_IRQ11
                                  ffff17bd        29   func ,g         * 
  _Interrupt_IRQ12
                                  ffff17e6        29   func ,g         * 
  _Interrupt_IRQ13
                                  ffff180f        29   func ,g         * 
  _Interrupt_IRQ14
                                  ffff1838        29   func ,g         * 
  _Interrupt_IRQ15
                                  ffff1861        29   func ,g         * 
  _Interrupt_SWINT
                                  ffff188a        29   func ,g         * 
  _Interrupt_BRK
                                  ffff18b3       1a2   func ,g         * 
  _Excep_PrivilegedInst
                                  ffff1a55        29   func ,g         * 
  _Excep_Access
                                  ffff1a7e        29   func ,g         * 
  _Excep_UndefinedInst
                                  ffff1aa7        29   func ,g         * 
  _Excep_FloatingPoint
                                  ffff1ad0        29   func ,g         * 
  _Interrupt_NMI
                                  ffff1af9        29   func ,g         * 
  _Excep_RIIC0_EEI0
                                  ffff1b22         e   func ,g         * 
  _Excep_RIIC0_RXI0
                                  ffff1b30         e   func ,g         * 
  _Excep_RIIC0_TXI0
                                  ffff1b3e         e   func ,g         * 
  _Excep_RIIC0_TEI0
                                  ffff1b4c         e   func ,g         * 
  _Dummy
                                  ffff1b5a         1   func ,g         * 
FILE=C:\WorkSpace\rx62n_sci_async\rx62n_sci_async\Debug\Interrupt_MTU2.obj
                                  ffff1b5b  ffff2452       8f8
  _Interrupt_MTU0_TGIA0
                                  ffff1b5b        29   func ,g         * 
  _Interrupt_MTU1_TGIA1
                                  ffff1b84        29   func ,g         * 
  _Interrupt_MTU2_TGIA2
                                  ffff1bad        29   func ,g         * 
  _Interrupt_MTU3_TGIA3
                                  ffff1bd6        29   func ,g         * 
  _Interrupt_MTU4_TGIA4
                                  ffff1bff        29   func ,g         * 
  _Interrupt_MTU6_TGIA6
                                  ffff1c28        29   func ,g         * 
  _Interrupt_MTU7_TGIA7
                                  ffff1c51        29   func ,g         * 
  _Interrupt_MTU8_TGIA8
                                  ffff1c7a        29   func ,g         * 
  _Interrupt_MTU9_TGIA9
                                  ffff1ca3        29   func ,g         * 
  _Interrupt_MTU10_TGIA10
                                  ffff1ccc        29   func ,g         * 
  _Interrupt_MTU0_TGIB0
                                  ffff1cf5        29   func ,g         * 
  _Interrupt_MTU1_TGIB1
                                  ffff1d1e        29   func ,g         * 
  _Interrupt_MTU2_TGIB2
                                  ffff1d47        29   func ,g         * 
  _Interrupt_MTU3_TGIB3
                                  ffff1d70        29   func ,g         * 
  _Interrupt_MTU4_TGIB4
                                  ffff1d99        29   func ,g         * 
  _Interrupt_MTU6_TGIB6
                                  ffff1dc2        29   func ,g         * 
  _Interrupt_MTU7_TGIB7
                                  ffff1deb        29   func ,g         * 
  _Interrupt_MTU8_TGIB8
                                  ffff1e14        29   func ,g         * 
  _Interrupt_MTU9_TGIB9
                                  ffff1e3d        29   func ,g         * 
  _Interrupt_MTU10_TGIB10
                                  ffff1e66        29   func ,g         * 
  _Interrupt_MTU0_TGIC0
                                  ffff1e8f        29   func ,g         * 
  _Interrupt_MTU3_TGIC3
                                  ffff1eb8        29   func ,g         * 
  _Interrupt_MTU4_TGIC4
                                  ffff1ee1        29   func ,g         * 
  _Interrupt_MTU6_TGIC6
                                  ffff1f0a        29   func ,g         * 
  _Interrupt_MTU9_TGIC9
                                  ffff1f33        29   func ,g         * 
  _Interrupt_MTU10_TGIC10
                                  ffff1f5c        29   func ,g         * 
  _Interrupt_MTU0_TGID0
                                  ffff1f85        29   func ,g         * 
  _Interrupt_MTU3_TGID3
                                  ffff1fae        29   func ,g         * 
  _Interrupt_MTU4_TGID4
                                  ffff1fd7        29   func ,g         * 
  _Interrupt_MTU6_TGID6
                                  ffff2000        29   func ,g         * 
  _Interrupt_MTU9_TGID9
                                  ffff2029        29   func ,g         * 
  _Interrupt_MTU10_TGID10
                                  ffff2052        29   func ,g         * 
  _Interrupt_MTU0_TGIE0
                                  ffff207b        29   func ,g         * 
  _Interrupt_MTU6_TGIE6
                                  ffff20a4        29   func ,g         * 
  _Interrupt_MTU0_TGIF0
                                  ffff20cd        29   func ,g         * 
  _Interrupt_MTU6_TGIF6
                                  ffff20f6        29   func ,g         * 
  _Interrupt_MTU0_TCIV0
                                  ffff211f        29   func ,g         * 
  _Interrupt_MTU1_TCIV1
                                  ffff2148        29   func ,g         * 
  _Interrupt_MTU2_TCIV2
                                  ffff2171        29   func ,g         * 
  _Interrupt_MTU3_TCIV3
                                  ffff219a        29   func ,g         * 
  _Interrupt_MTU4_TCIV4
                                  ffff21c3        29   func ,g         * 
  _Interrupt_MTU6_TCIV6
                                  ffff21ec        29   func ,g         * 
  _Interrupt_MTU7_TCIV7
                                  ffff2215        29   func ,g         * 
  _Interrupt_MTU8_TCIV8
                                  ffff223e        29   func ,g         * 
  _Interrupt_MTU9_TCIV9
                                  ffff2267        29   func ,g         * 
  _Interrupt_MTU10_TCIV10
                                  ffff2290        29   func ,g         * 
  _Interrupt_MTU1_TCIU1
                                  ffff22b9        29   func ,g         * 
  _Interrupt_MTU2_TCIU2
                                  ffff22e2        29   func ,g         * 
  _Interrupt_MTU7_TCIU7
                                  ffff230b        29   func ,g         * 
  _Interrupt_MTU8_TCIU8
                                  ffff2334        29   func ,g         * 
  _Interrupt_MTU5_TGIU5
                                  ffff235d        29   func ,g         * 
  _Interrupt_MTU11_TGIU11
                                  ffff2386        29   func ,g         * 
  _Interrupt_MTU5_TGIV5
                                  ffff23af        29   func ,g         * 
  _Interrupt_MTU11_TGIV11
                                  ffff23d8        29   func ,g         * 
  _Interrupt_MTU5_TGIW5
                                  ffff2401        29   func ,g         * 
  _Interrupt_MTU11_TGIW11
                                  ffff242a        29   func ,g         * 
FILE=C:\WorkSpace\rx62n_sci_async\rx62n_sci_async\Debug\R_PG_Clock.obj
                                  ffff2453  ffff2491        3f
  _R_PG_Clock_Set
                                  ffff2453        23   func ,g         * 
  _R_PG_Clock_Start_SUB
                                  ffff2476         e   func ,g         * 
  _R_PG_Clock_Stop_SUB
                                  ffff2484         e   func ,g         * 
FILE=C:\WorkSpace\rx62n_sci_async\rx62n_sci_async\Debug\R_PG_IO_PORT_P1.obj
                                  ffff2492  ffff269a       209
  _R_PG_IO_PORT_Set_P1
                                  ffff2492        54   func ,g         * 
  _R_PG_IO_PORT_Set_P12
                                  ffff24e6        16   func ,g         * 
  _R_PG_IO_PORT_Set_P13
                                  ffff24fc        16   func ,g         * 
  _R_PG_IO_PORT_Read_P1
                                  ffff2512        1f   func ,g         * 
  _R_PG_IO_PORT_Read_P12
                                  ffff2531        21   func ,g         * 
  _R_PG_IO_PORT_Read_P13
                                  ffff2552        21   func ,g         * 
  _R_PG_IO_PORT_Read_P14
                                  ffff2573        22   func ,g         * 
  _R_PG_IO_PORT_Read_P15
                                  ffff2595        22   func ,g         * 
  _R_PG_IO_PORT_Read_P16
                                  ffff25b7        22   func ,g         * 
  _R_PG_IO_PORT_Read_P17
                                  ffff25d9        22   func ,g         * 
  _R_PG_IO_PORT_Write_P1
                                  ffff25fb        12   func ,g         * 
  _R_PG_IO_PORT_Write_P12
                                  ffff260d        17   func ,g         * 
  _R_PG_IO_PORT_Write_P13
                                  ffff2624        17   func ,g         * 
  _R_PG_IO_PORT_Write_P14
                                  ffff263b        18   func ,g         * 
  _R_PG_IO_PORT_Write_P15
                                  ffff2653        18   func ,g         * 
  _R_PG_IO_PORT_Write_P16
                                  ffff266b        18   func ,g         * 
  _R_PG_IO_PORT_Write_P17
                                  ffff2683        18   func ,g         * 
FILE=C:\WorkSpace\rx62n_sci_async\rx62n_sci_async\Debug\R_PG_IO_PORT_PE.obj
                                  ffff269b  ffff2a9a       400
  _R_PG_IO_PORT_Set_PE
                                  ffff269b       153   func ,g         * 
  _R_PG_IO_PORT_Set_PE0
                                  ffff27ee        16   func ,g         * 
  _R_PG_IO_PORT_Set_PE1
                                  ffff2804        16   func ,g         * 
  _R_PG_IO_PORT_Set_PE2
                                  ffff281a        16   func ,g         * 
  _R_PG_IO_PORT_Set_PE3
                                  ffff2830        16   func ,g         * 
  _R_PG_IO_PORT_Set_PE4
                                  ffff2846        17   func ,g         * 
  _R_PG_IO_PORT_Set_PE5
                                  ffff285d        17   func ,g         * 
  _R_PG_IO_PORT_Set_PE6
                                  ffff2874        17   func ,g         * 
  _R_PG_IO_PORT_Set_PE7
                                  ffff288b        17   func ,g         * 
  _R_PG_IO_PORT_Read_PE
                                  ffff28a2        1f   func ,g         * 
  _R_PG_IO_PORT_Read_PE0
                                  ffff28c1        21   func ,g         * 
  _R_PG_IO_PORT_Read_PE1
                                  ffff28e2        21   func ,g         * 
  _R_PG_IO_PORT_Read_PE2
                                  ffff2903        21   func ,g         * 
  _R_PG_IO_PORT_Read_PE3
                                  ffff2924        21   func ,g         * 
  _R_PG_IO_PORT_Read_PE4
                                  ffff2945        22   func ,g         * 
  _R_PG_IO_PORT_Read_PE5
                                  ffff2967        22   func ,g         * 
  _R_PG_IO_PORT_Read_PE6
                                  ffff2989        22   func ,g         * 
  _R_PG_IO_PORT_Read_PE7
                                  ffff29ab        22   func ,g         * 
  _R_PG_IO_PORT_Write_PE
                                  ffff29cd        12   func ,g         * 
  _R_PG_IO_PORT_Write_PE0
                                  ffff29df        17   func ,g         * 
  _R_PG_IO_PORT_Write_PE1
                                  ffff29f6        17   func ,g         * 
  _R_PG_IO_PORT_Write_PE2
                                  ffff2a0d        17   func ,g         * 
  _R_PG_IO_PORT_Write_PE3
                                  ffff2a24        17   func ,g         * 
  _R_PG_IO_PORT_Write_PE4
                                  ffff2a3b        18   func ,g         * 
  _R_PG_IO_PORT_Write_PE5
                                  ffff2a53        18   func ,g         * 
  _R_PG_IO_PORT_Write_PE6
                                  ffff2a6b        18   func ,g         * 
  _R_PG_IO_PORT_Write_PE7
                                  ffff2a83        18   func ,g         * 
FILE=C:\WorkSpace\rx62n_sci_async\rx62n_sci_async\Debug\R_PG_Timer_MTU_U0.obj
                                  ffff2a9b  ffff2aa8         e
  _R_PG_Timer_StopModule_MTU_U0
                                  ffff2a9b         e   func ,g         * 
FILE=C:\WorkSpace\rx62n_sci_async\rx62n_sci_async\Debug\R_PG_Timer_MTU_U0_C0.obj
                                  ffff2aa9  ffff2e96       3ee
  _R_PG_Timer_Set_MTU_U0_C0
                                  ffff2aa9        91   func ,g         * 
  _R_PG_Timer_StartCount_MTU_U0_C0
                                  ffff2b3a        33   func ,g         * 
  _R_PG_Timer_HaltCount_MTU_U0_C0
                                  ffff2b6d        33   func ,g         * 
  _R_PG_Timer_GetCounterValue_MTU_U0_C0
                                  ffff2ba0        34   func ,g         * 
  _R_PG_Timer_SetCounterValue_MTU_U0_C0
                                  ffff2bd4        36   func ,g         * 
  _R_PG_Timer_GetTGR_MTU_U0_C0
                                  ffff2c0a        8f   func ,g         * 
  _R_PG_Timer_SetTGR_A_MTU_U0_C0
                                  ffff2c99        36   func ,g         * 
  _R_PG_Timer_SetTGR_B_MTU_U0_C0
                                  ffff2ccf        36   func ,g         * 
  _R_PG_Timer_SetTGR_C_MTU_U0_C0
                                  ffff2d05        36   func ,g         * 
  _R_PG_Timer_SetTGR_D_MTU_U0_C0
                                  ffff2d3b        36   func ,g         * 
  _R_PG_Timer_SetTGR_E_MTU_U0_C0
                                  ffff2d71        36   func ,g         * 
  _R_PG_Timer_SetTGR_F_MTU_U0_C0
                                  ffff2da7        36   func ,g         * 
  _R_PG_Timer_GetRequestFlag_MTU_U0_C0
                                  ffff2ddd        ba   func ,g         * 
FILE=C:\WorkSpace\rx62n_sci_async\rx62n_sci_async\Debug\R_PG_Timer_MTU_U1.obj
                                  ffff2e97  ffff2ea4         e
  _R_PG_Timer_StopModule_MTU_U1
                                  ffff2e97         e   func ,g         * 
FILE=C:\WorkSpace\rx62n_sci_async\rx62n_sci_async\Debug\R_PG_Timer_MTU_U1_C6.obj
                                  ffff2ea5  ffff32b7       413
  _R_PG_Timer_Set_MTU_U1_C6
                                  ffff2ea5        b6   func ,g         * 
  _R_PG_Timer_StartCount_MTU_U1_C6
                                  ffff2f5b        33   func ,g         * 
  _R_PG_Timer_HaltCount_MTU_U1_C6
                                  ffff2f8e        33   func ,g         * 
  _R_PG_Timer_GetCounterValue_MTU_U1_C6
                                  ffff2fc1        34   func ,g         * 
  _R_PG_Timer_SetCounterValue_MTU_U1_C6
                                  ffff2ff5        36   func ,g         * 
  _R_PG_Timer_GetTGR_MTU_U1_C6
                                  ffff302b        8f   func ,g         * 
  _R_PG_Timer_SetTGR_A_MTU_U1_C6
                                  ffff30ba        36   func ,g         * 
  _R_PG_Timer_SetTGR_B_MTU_U1_C6
                                  ffff30f0        36   func ,g         * 
  _R_PG_Timer_SetTGR_C_MTU_U1_C6
                                  ffff3126        36   func ,g         * 
  _R_PG_Timer_SetTGR_D_MTU_U1_C6
                                  ffff315c        36   func ,g         * 
  _R_PG_Timer_SetTGR_E_MTU_U1_C6
                                  ffff3192        36   func ,g         * 
  _R_PG_Timer_SetTGR_F_MTU_U1_C6
                                  ffff31c8        36   func ,g         * 
  _R_PG_Timer_GetRequestFlag_MTU_U1_C6
                                  ffff31fe        ba   func ,g         * 
FILE=C:\WorkSpace\rx62n_sci_async\rx62n_sci_async\Debug\R_PG_Timer_MTU_U1_C7.obj
                                  ffff32b8  ffff3599       2e2
  _R_PG_Timer_Set_MTU_U1_C7
                                  ffff32b8        ac   func ,g         * 
  _R_PG_Timer_StartCount_MTU_U1_C7
                                  ffff3364        33   func ,g         * 
  _R_PG_Timer_HaltCount_MTU_U1_C7
                                  ffff3397        33   func ,g         * 
  _R_PG_Timer_GetCounterValue_MTU_U1_C7
                                  ffff33ca        34   func ,g         * 
  _R_PG_Timer_SetCounterValue_MTU_U1_C7
                                  ffff33fe        36   func ,g         * 
  _R_PG_Timer_GetTGR_MTU_U1_C7
                                  ffff3434        52   func ,g         * 
  _R_PG_Timer_SetTGR_A_MTU_U1_C7
                                  ffff3486        36   func ,g         * 
  _R_PG_Timer_SetTGR_B_MTU_U1_C7
                                  ffff34bc        36   func ,g         * 
  _R_PG_Timer_GetRequestFlag_MTU_U1_C7
                                  ffff34f2        a8   func ,g         * 
FILE=R_CGC_ControlAll
                                  ffff359a  ffff3605        6c
  _R_CGC_ControlAll
                                  ffff359a        6c   func ,g         * 
FILE=R_CGC_SetAll
                                  ffff3606  ffff382e       229
  _R_CGC_SetAll
                                  ffff3606       229   func ,g         * 
FILE=R_IO_PORT_ReadDataAll
                                  ffff382f  ffff384a        1c
  _R_IO_PORT_ReadDataAll
                                  ffff382f        1c   func ,g         * 
FILE=R_IO_PORT_ReadDataRegisterAll
                                  ffff384b  ffff3858         e
  _R_IO_PORT_ReadDataRegisterAll
                                  ffff384b         e   func ,g         * 
FILE=R_IO_PORT_SetAll
                                  ffff3859  ffff3917        bf
  _R_IO_PORT_SetAll
                                  ffff3859        bf   func ,g         * 
FILE=R_IO_PORT_WriteAll
                                  ffff3918  ffff393b        24
  _R_IO_PORT_WriteAll
                                  ffff3918        24   func ,g         * 
FILE=R_IO_PORT_WriteRegisterAll
                                  ffff393c  ffff3949         e
  _R_IO_PORT_WriteRegisterAll
                                  ffff393c         e   func ,g         * 
FILE=R_MTU2_ControlChannelAll
                                  ffff394a  ffff3d9b       452
  _R_MTU2_ControlChannelAll
                                  ffff394a       452   func ,g         * 
FILE=R_MTU2_CreateAll
                                  ffff3d9c  ffff65cf      2834
  _R_MTU2_CreateAll
                                  ffff3d9c      2834   func ,g         * 
FILE=R_MTU2_DestroyAll
                                  ffff65d0  ffff6669        9a
  _R_MTU2_DestroyAll
                                  ffff65d0        9a   func ,g         * 
FILE=R_MTU2_ReadChannelAll
                                  ffff666a  ffff6bed       584
  _R_MTU2_ReadChannelAll
                                  ffff666a       584   func ,g         * 
FILE=R_MTU2_SetAll
                                  ffff6bee  ffff6ca0        b3
  _R_MTU2_SetAll
                                  ffff6bee        b3   func ,g         * 
FILE=utilities_ADC_10
                                  ffff6ca1  ffff6cf8        58
  _rpdl_ADC_10_Start
                                  ffff6ca1        19   func ,g         * 
  _rpdl_ADC_10_ModifyIEN
                                  ffff6cba        3f   func ,g         * 
FILE=utilities_MTU2
                                  ffff6cf9  ffff749b       7a3
  _R_MTU2_Create_load_defaults
                                  ffff6cf9        36   func ,g         * 
  _rpdl_MTU2_DisableIER
                                  ffff6d2f       1c4   func ,g         * 
  _rpdl_MTU2_EnableTGRAIER
                                  ffff6ef3        f8   func ,g         * 
  _rpdl_MTU2_EnableTGRBIER
                                  ffff6feb        f8   func ,g         * 
  _rpdl_MTU2_EnableTGRCIER
                                  ffff70e3        a1   func ,g         * 
  _rpdl_MTU2_EnableTGRDIER
                                  ffff7184        a1   func ,g         * 
  _rpdl_MTU2_EnableTGREIER
                                  ffff7225        37   func ,g         * 
  _rpdl_MTU2_EnableTGRFIER
                                  ffff725c        37   func ,g         * 
  _rpdl_MTU2_EnableTGRUIER
                                  ffff7293        37   func ,g         * 
  _rpdl_MTU2_EnableTGRVIER
                                  ffff72ca        37   func ,g         * 
  _rpdl_MTU2_EnableTGRWIER
                                  ffff7301        37   func ,g         * 
  _rpdl_MTU2_EnableTCIVIER
                                  ffff7338        f8   func ,g         * 
  _rpdl_MTU2_EnableTCIUIER
                                  ffff7430        6c   func ,g         * 
FILE=__initsct
                                  ffff749c  ffff74e5        4a
  __INITSCT
                                  ffff749c         0   none ,g         * 
  loop1
                                  ffff74ae         0   none ,l         * 
  next_loop1
                                  ffff74bc         0   none ,l         * 
  loop3
                                  ffff74ce         0   none ,l         * 
  next_loop3
                                  ffff74df         0   none ,l         * 

SECTION=PResetPRG
FILE=C:\WorkSpace\rx62n_sci_async\rx62n_sci_async\Debug\resetprg.obj
                                  ffffd000  ffffd034        35
  _PowerON_Reset_PC
                                  ffffd000        35   entry,g         * 

SECTION=C_1
FILE=globals_MTU2
                                  ffffd100  ffffd104         5
  _rpdl_MTU2_TSTR_mask
                                  ffffd100         5   data ,g         * 
FILE=globals_ADC_10
                                  ffffd105  ffffd108         4
  _rpdl_ADC_10_div_value
                                  ffffd105         4   data ,g         * 
FILE=globals_CGC
                                  ffffd109  ffffd10c         4
  _rpdl_CGC_xCLK_mul_value
                                  ffffd109         4   data ,g         * 

SECTION=C
FILE=C:\WorkSpace\rx62n_sci_async\rx62n_sci_async\Debug\command.obj
                                  ffffd110  ffffd14f        40
  _commandTable
                                  ffffd110        3c   data ,g         * 
  _COMMAND_COUNT
                                  ffffd14c         4   data ,g         * 
FILE=C:\WorkSpace\rx62n_sci_async\rx62n_sci_async\Debug\dbsct.obj
                                  ffffd150  ffffd167        18
  __CTBL
                                  ffffd150        18   data ,g         * 

SECTION=C$DSEC
FILE=C:\WorkSpace\rx62n_sci_async\rx62n_sci_async\Debug\dbsct.obj
                                  ffffd168  ffffd18b        24
  __DTBL
                                  ffffd168        24   data ,g         * 

SECTION=C$BSEC
FILE=C:\WorkSpace\rx62n_sci_async\rx62n_sci_async\Debug\dbsct.obj
                                  ffffd18c  ffffd1a3        18
  __BTBL
                                  ffffd18c        18   data ,g         * 

SECTION=C$VECT
FILE=C:\WorkSpace\rx62n_sci_async\rx62n_sci_async\Debug\resetprg.obj
                                  ffffd1a4  ffffd5a3       400

SECTION=D_1
FILE=C:\WorkSpace\rx62n_sci_async\rx62n_sci_async\Debug\main.obj
                                  ffffd5a4  ffffd5b1         e
FILE=C:\WorkSpace\rx62n_sci_async\rx62n_sci_async\Debug\sci.obj
                                  ffffd5b2  ffffd5b4         3

SECTION=D
FILE=C:\WorkSpace\rx62n_sci_async\rx62n_sci_async\Debug\iicComExe.obj
                                  ffffd5b8  ffffd5bb         4
FILE=C:\WorkSpace\rx62n_sci_async\rx62n_sci_async\Debug\main.obj
                                  ffffd5bc  ffffd5ef        34
FILE=C:\WorkSpace\rx62n_sci_async\rx62n_sci_async\Debug\sbrk.obj
                                  ffffd5f0  ffffd5f3         4
FILE=globals_INTC
                                  ffffd5f4  ffffd64b        58

SECTION=L
FILE=C:\WorkSpace\rx62n_sci_async\rx62n_sci_async\Debug\command.obj
                                  ffffd64c  ffffd65f        14
FILE=C:\WorkSpace\rx62n_sci_async\rx62n_sci_async\Debug\main.obj
                                  ffffd660  ffffd663         4

SECTION=FIXEDVECT
FILE=C:\WorkSpace\rx62n_sci_async\rx62n_sci_async\Debug\Interrupt_INTC.obj
                                  ffffffd0  ffffffff        30
  _Fixed_Vectors
                                  ffffffd0        30   data ,g         * 

*** Unfilled Areas ***

AREA                                START    END

*** Delete Symbols ***

SYMBOL                                SIZE    INFO
