Renesas Optimizing Linker (W3.07.00 )             23-Oct-2025 23:31:19

*** Options ***

-MAKEUD=C:\WorkSpace\rx62n_sci_async\rx62n_sci_async\Debug\rx62n_sci_async.lk.ud
-subcommand=C:\WorkSpace\rx62n_sci_async\rx62n_sci_async\Debug\rx62n_sci_async.clnk
-noprelink
-nomessage
-list=C:\WorkSpace\rx62n_sci_async\rx62n_sci_async\Debug\rx62n_sci_async.map
-show=symbol,total_size
-nooptimize
-start=B_1,R_1,B_2,R_2,B,R,SU,SI,W*/00001000,P/0FFFF0000,PResetPRG/0FFFFD000,C_1,C_2,C,C$*,D_1,D_2,D,PIntPRG,L/0FFFFD100,FIXEDVECT/0FFFFFFD0
-rom=D=R,D_1=R_1,D_2=R_2
-nologo
-input=C:\WorkSpace\rx62n_sci_async\rx62n_sci_async\Debug\dbsct.obj
-input=C:\WorkSpace\rx62n_sci_async\rx62n_sci_async\Debug\main.obj
-input=C:\WorkSpace\rx62n_sci_async\rx62n_sci_async\Debug\resetprg.obj
-input=C:\WorkSpace\rx62n_sci_async\rx62n_sci_async\Debug\sbrk.obj
-input=C:\WorkSpace\rx62n_sci_async\rx62n_sci_async\Debug\sci.obj
-input=C:\WorkSpace\rx62n_sci_async\rx62n_sci_async\Debug\hwsetup.obj
-input=C:\WorkSpace\rx62n_sci_async\rx62n_sci_async\Debug\iic.obj
-input=C:\WorkSpace\rx62n_sci_async\rx62n_sci_async\Debug\Interrupt_INTC.obj
-input=C:\WorkSpace\rx62n_sci_async\rx62n_sci_async\Debug\Interrupt_MTU2.obj
-input=C:\WorkSpace\rx62n_sci_async\rx62n_sci_async\Debug\R_PG_Clock.obj
-input=C:\WorkSpace\rx62n_sci_async\rx62n_sci_async\Debug\R_PG_IO_PORT_P1.obj
-input=C:\WorkSpace\rx62n_sci_async\rx62n_sci_async\Debug\R_PG_IO_PORT_PE.obj
-input=C:\WorkSpace\rx62n_sci_async\rx62n_sci_async\Debug\R_PG_Timer_MTU_U0.obj
-input=C:\WorkSpace\rx62n_sci_async\rx62n_sci_async\Debug\R_PG_Timer_MTU_U0_C0.obj
-input=C:\WorkSpace\rx62n_sci_async\rx62n_sci_async\Debug\R_PG_Timer_MTU_U1.obj
-input=C:\WorkSpace\rx62n_sci_async\rx62n_sci_async\Debug\R_PG_Timer_MTU_U1_C6.obj
-input=C:\WorkSpace\rx62n_sci_async\rx62n_sci_async\Debug\R_PG_Timer_MTU_U1_C7.obj
-input=C:\WorkSpace\rx62n_sci_async\rx62n_sci_async\Debug\command.obj
-input=C:\WorkSpace\rx62n_sci_async\rx62n_sci_async\Debug\iicComExe.obj
-library=C:\Renesas\PDG2\lib\RX62N\RX62N_library_144_little.lib
-library=C:\WorkSpace\rx62n_sci_async\rx62n_sci_async\Debug\rx62n_sci_async.lib
-output=C:\WorkSpace\rx62n_sci_async\rx62n_sci_async\Debug\rx62n_sci_async.abs
-end

*** Error information ***

W0561100:Cannot find "PIntPRG" specified in option "start"

*** Mapping List ***

SECTION                            START      END         SIZE   ALIGN
B_1
                                  00001000  00001038        39   1
R_1
                                  00001039  00001041         9   1
B_2
                                  00001042  00001045         4   2
R_2
                                  00001046  00001046         0   1
B
                                  00001048  00001637       5f0   4
R
                                  00001638  000016a3        6c   4
SU
                                  000016a4  000017a3       100   4
SI
                                  000017a4  00001aa3       300   4
W
                                  00001aa4  00001aa4         0   4
W_1
                                  00001aa4  00001b13        70   1
W_2
                                  00001b14  00001c81       16e   2
P
                                  ffff0000  ffff60fa      60fb   1
PResetPRG
                                  ffffd000  ffffd034        35   1
C_1
                                  ffffd100  ffffd20c       10d   1
C_2
                                  ffffd20d  ffffd20d         0   1
C
                                  ffffd210  ffffd25b        4c   4
C$DSEC
                                  ffffd25c  ffffd27f        24   4
C$BSEC
                                  ffffd280  ffffd297        18   4
C$VECT
                                  ffffd298  ffffd697       400   4
D_1
                                  ffffd698  ffffd6a0         9   1
D_2
                                  ffffd6a1  ffffd6a1         0   1
D
                                  ffffd6a4  ffffd70f        6c   4
L
                                  ffffd710  ffffd71f        10   4
FIXEDVECT
                                  ffffffd0  ffffffff        30   4

*** Total Section Size ***

RAMDATA SECTION:  00000aa2 Byte(s)
ROMDATA SECTION:  00000828 Byte(s)
PROGRAM SECTION:  00006130 Byte(s)

*** Symbol List ***

SECTION=
FILE=                               START        END    SIZE
  SYMBOL                            ADDR        SIZE    INFO      COUNTS  OPT

SECTION=B_1
FILE=C:\WorkSpace\rx62n_sci_async\rx62n_sci_async\Debug\main.obj
                                  00001000  00001013        14
  _rx_buf
                                  00001000         c   data ,l         * 
  _isRbuffFull
                                  0000100c         1   data ,g         * 
  _write_data
                                  0000100d         3   data ,g         * 
  _addr
                                  00001010         2   data ,g         * 
  _tr
                                  00001012         1   data ,g         * 
  _rcv
                                  00001013         1   data ,g         * 
FILE=C:\WorkSpace\rx62n_sci_async\rx62n_sci_async\Debug\sci.obj
                                  00001014  00001016         3
  _tx_cnt
                                  00001014         1   data ,l         * 
  _rx_cnt
                                  00001015         1   data ,l         * 
  _last_received_byte
                                  00001016         1   data ,g         * 
FILE=C:\WorkSpace\rx62n_sci_async\rx62n_sci_async\Debug\iicComExe.obj
                                  00001017  00001032        1c
  _trm_eeprom_adr
                                  00001017         2   data ,g         * 
  _rcv_eeprom_adr
                                  00001019         2   data ,g         * 
  _trm_buff
                                  0000101b         c   data ,g         * 
  _rcv_buff
                                  00001027         c   data ,g         * 
FILE=globals_INTC
                                  00001033  00001034         2
  _rpdl_INTC_brk_command
                                  00001033         1   data ,g         * 
  _rpdl_INTC_brk_data8
                                  00001034         1   data ,g         * 
FILE=globals_MTU2
                                  00001035  00001036         2
  _rpdl_MTU2_tmdr_copy
                                  00001035         2   data ,g         * 
FILE=globals_ADC_10
                                  00001037  00001038         2
  _rpdl_adcsr0_copy
                                  00001037         1   data ,g         * 
  _rpdl_adcsr1_copy
                                  00001038         1   data ,g         * 

SECTION=R_1
FILE=C:\WorkSpace\rx62n_sci_async\rx62n_sci_async\Debug\main.obj
                                  00001039  0000103e         6
  _sci_state
                                  00001039         1   data ,l         * 
  _tx_buf
                                  0000103a         5   data ,l         * 
FILE=C:\WorkSpace\rx62n_sci_async\rx62n_sci_async\Debug\sci.obj
                                  0000103f  00001041         3
  _state
                                  0000103f         1   data ,l         * 
  _rx_index
                                  00001040         1   data ,g         * 
  _data_received_flag
                                  00001041         1   data ,g         * 

SECTION=B_2
FILE=C:\WorkSpace\rx62n_sci_async\rx62n_sci_async\Debug\main.obj
                                  00001042  00001043         2
  _Under_over_flow_cnt
                                  00001042         2   data ,g         * 
FILE=C:\WorkSpace\rx62n_sci_async\rx62n_sci_async\Debug\iic.obj
                                  00001044  00001045         2
  _ssr
                                  00001044         2   data ,g         * 

SECTION=B
FILE=C:\WorkSpace\rx62n_sci_async\rx62n_sci_async\Debug\sbrk.obj
                                  00001048  00001447       400
  _heap_area
                                  00001048       400   data ,l         * 
FILE=C:\WorkSpace\rx62n_sci_async\rx62n_sci_async\Debug\sci.obj
                                  00001448  0000145b        14
  _pbuf_tx
                                  00001448         4   data ,l         * 
  _pbuf_rx
                                  0000144c         4   data ,l         * 
  _pcb_sci_tx_end
                                  00001450         4   data ,g         * 
  _pcb_sci_rx_end
                                  00001454         4   data ,g         * 
  _pcb_sci_rx_error
                                  00001458         4   data ,g         * 
FILE=C:\WorkSpace\rx62n_sci_async\rx62n_sci_async\Debug\iic.obj
                                  0000145c  0000147b        20
  _iic_buff
                                  0000145c        10   data ,l         * 
  _iic_mode
                                  0000146c         4   data ,l         * 
  _iic_status
                                  00001470         4   data ,l         * 
  _iic_trm_cnt
                                  00001474         4   data ,l         * 
  _iic_rcv_cnt
                                  00001478         4   data ,l         * 
FILE=C:\WorkSpace\rx62n_sci_async\rx62n_sci_async\Debug\iicComExe.obj
                                  0000147c  0000149b        20
  _iic_buff_prm
                                  0000147c        20   data ,g         * 
FILE=globals_INTC
                                  0000149c  0000149f         4
  _rpdl_INTC_saved_isp
                                  0000149c         4   data ,g         * 
FILE=globals_MTU2
                                  000014a0  0000161f       180
  _rpdl_MTU2_func1_callback_func
                                  000014a0        30   data ,g         * 
  _rpdl_MTU2_func2_callback_func
                                  000014d0        30   data ,g         * 
  _rpdl_MTU2_func3_callback_func
                                  00001500        30   data ,g         * 
  _rpdl_MTU2_func4_callback_func
                                  00001530        30   data ,g         * 
  _rpdl_MTU2_TGRE_callback_func
                                  00001560        30   data ,g         * 
  _rpdl_MTU2_TGRF_callback_func
                                  00001590        30   data ,g         * 
  _rpdl_MTU2_Overflow_callback_func
                                  000015c0        30   data ,g         * 
  _rpdl_MTU2_Underflow_callback_func
                                  000015f0        30   data ,g         * 
FILE=globals_ADC_10
                                  00001620  00001627         8
  _rpdl_ADC_10_callback_func
                                  00001620         8   data ,g         * 
FILE=globals_CGC
                                  00001628  00001633         c
  _rpdl_CGC_f_pclk
                                  00001628         4   data ,g         * 
  _rpdl_CGC_f_iclk
                                  0000162c         4   data ,g         * 
  _rpdl_CGC_f_bclk
                                  00001630         4   data ,g         * 
FILE=_errno
                                  00001634  00001637         4
  __errno
                                  00001634         4   data ,g         * 

SECTION=R
FILE=C:\WorkSpace\rx62n_sci_async\rx62n_sci_async\Debug\main.obj
                                  00001638  00001647        10
  _received_value
                                  00001638         4   data ,g         * 
  _isReadI2C
                                  0000163c         4   data ,g         * 
  _cnt
                                  00001640         4   data ,g         * 
  _a
                                  00001644         4   data ,g         * 
FILE=C:\WorkSpace\rx62n_sci_async\rx62n_sci_async\Debug\sbrk.obj
                                  00001648  0000164b         4
  _brk
                                  00001648         4   data ,l         * 
FILE=globals_INTC
                                  0000164c  000016a3        58
  _rpdl_INTC_callback_func
                                  0000164c        58   data ,g         * 

SECTION=SU
FILE=C:\WorkSpace\rx62n_sci_async\rx62n_sci_async\Debug\resetprg.obj
                                  000016a4  000017a3       100

SECTION=SI
FILE=C:\WorkSpace\rx62n_sci_async\rx62n_sci_async\Debug\resetprg.obj
                                  000017a4  00001aa3       300

SECTION=W_1
FILE=R_IO_PORT_SetAll
                                  00001aa4  00001aab         8
FILE=R_MTU2_ControlChannelAll
                                  00001aac  00001acf        24
FILE=R_MTU2_CreateAll
                                  00001ad0  00001b13        44

SECTION=W_2
FILE=C:\WorkSpace\rx62n_sci_async\rx62n_sci_async\Debug\Interrupt_INTC.obj
                                  00001b14  00001b27        14
FILE=R_MTU2_ControlChannelAll
                                  00001b28  00001b3f        18
FILE=R_MTU2_CreateAll
                                  00001b40  00001bc7        88
FILE=R_MTU2_ReadChannelAll
                                  00001bc8  00001c27        60
FILE=utilities_MTU2
                                  00001c28  00001c81        5a

SECTION=P
FILE=C:\WorkSpace\rx62n_sci_async\rx62n_sci_async\Debug\main.obj
                                  ffff0000  ffff0280       281
  _main
                                  ffff0000        9b   func ,g         * 
  _port_init
                                  ffff009b         1   func ,l         * 
  _CpuCreate
                                  ffff009c        12   func ,l         * 
  _CpuIntCreate
                                  ffff00ae        59   func ,l         * 
  _IICPortCreate
                                  ffff0107        10   func ,l         * 
  _peripheral_init
                                  ffff0117         4   func ,l         * 
  _cb_sci_tx_end
                                  ffff011b         a   func ,l         * 
  _cb_sci_rx_end
                                  ffff0125        d6   func ,l         * 
  _cb_sci_rx_error
                                  ffff01fb        14   func ,l         * 
  _Mtu0IcCmAIntFunc
                                  ffff020f        49   func ,g         * 
  _Mtu6IcCmBIntFunc
                                  ffff0258         1   func ,g         * 
  _Mtu6IcCmCIntFunc
                                  ffff0259         0   func ,g         * 
  _irMtu7_A
                                  ffff0259         e   func ,l         * 
  _Mtu7OvIntFunc
                                  ffff0267         d   func ,g         * 
  _Mtu7UnIntFunc
                                  ffff0274         d   func ,g         * 
FILE=C:\WorkSpace\rx62n_sci_async\rx62n_sci_async\Debug\sbrk.obj
                                  ffff0281  ffff02a1        21
  _sbrk
                                  ffff0281        21   func ,g         * 
FILE=C:\WorkSpace\rx62n_sci_async\rx62n_sci_async\Debug\sci.obj
                                  ffff02a2  ffff0553       2b2
  _SCI_Init
                                  ffff02a2        8a   func ,g         * 
  _SCI_StartReceive
                                  ffff032c        48   func ,g         * 
  _SCI_StartTransmit
                                  ffff0374        3a   func ,g         * 
  _SCI_GetState
                                  ffff03ae         9   func ,g         * 
  _sci_txi_isr
                                  ffff03b7        34   func ,l         * 
  _sci_tei_isr
                                  ffff03eb        25   func ,l         * 
  _sci_rxi_isr
                                  ffff0410        50   func ,l         * 
  _sci_eri_isr
                                  ffff0460        8e   func ,l         * 
  _Excep_SCIn_ERIn
                                  ffff04ee        28   func ,l         * 
  _Excep_SCIn_RXIn
                                  ffff0516         d   func ,l         * 
  _Excep_SCIn_TXIn
                                  ffff0523         d   func ,l         * 
  _Excep_SCIn_TEIn
                                  ffff0530        24   func ,l         * 
FILE=C:\WorkSpace\rx62n_sci_async\rx62n_sci_async\Debug\hwsetup.obj
                                  ffff0554  ffff0577        24
  _HardwareSetup
                                  ffff0554        24   func ,g         * 
FILE=C:\WorkSpace\rx62n_sci_async\rx62n_sci_async\Debug\iic.obj
                                  ffff0578  ffff09a2       42b
  _IIC_Create
                                  ffff0578        6f   func ,g         * 
  _IIC_Destroy
                                  ffff05e7         c   func ,g         * 
  _IIC_EepWrite
                                  ffff05f3        57   func ,g         * 
  _IIC_RandomRead
                                  ffff064a        6a   func ,g         * 
  _IIC_GetStatus
                                  ffff06b4        18   func ,g         * 
  _IIC_EEI_Int
                                  ffff06cc        3d   func ,g         * 
  _IIC_EEI_IntTimeOut
                                  ffff0709         3   func ,l         * 
  _IIC_EEI_IntAL
                                  ffff070c         3   func ,l         * 
  _IIC_EEI_IntSP
                                  ffff070f        66   func ,l         * 
  _IIC_EEI_IntST
                                  ffff0775        17   func ,l         * 
  _IIC_EEI_IntNack
                                  ffff078c        20   func ,l         * 
  _IIC_RXI_Int
                                  ffff07ac        19   func ,g         * 
  _IIC_RXI_IntEepRead
                                  ffff07c5        73   func ,l         * 
  _IIC_TXI_Int
                                  ffff0838        16   func ,g         * 
  _IIC_TXI_IntEepWrite
                                  ffff084e        4d   func ,l         * 
  _IIC_TXI_IntEepRead
                                  ffff089b        39   func ,l         * 
  _IIC_TEI_Int
                                  ffff08d4        16   func ,g         * 
  _IIC_TEI_IntEepWrite
                                  ffff08ea         e   func ,l         * 
  _IIC_TEI_IntEepRead
                                  ffff08f8        11   func ,l         * 
  _IIC_GenClkSP
                                  ffff0909        98   func ,l         * 
  _IIC_Error
                                  ffff09a1         2   func ,l         * 
FILE=C:\WorkSpace\rx62n_sci_async\rx62n_sci_async\Debug\Interrupt_INTC.obj
                                  ffff09a3  ffff0d53       3b1
  _Interrupt_IRQ0
                                  ffff09a3        1c   func ,g         * 
  _Interrupt_IRQ1
                                  ffff09bf        1c   func ,g         * 
  _Interrupt_IRQ2
                                  ffff09db        1c   func ,g         * 
  _Interrupt_IRQ3
                                  ffff09f7        1c   func ,g         * 
  _Interrupt_IRQ4
                                  ffff0a13        1c   func ,g         * 
  _Interrupt_IRQ5
                                  ffff0a2f        1c   func ,g         * 
  _Interrupt_IRQ6
                                  ffff0a4b        1c   func ,g         * 
  _Interrupt_IRQ7
                                  ffff0a67        1c   func ,g         * 
  _Interrupt_IRQ8
                                  ffff0a83        1c   func ,g         * 
  _Interrupt_IRQ9
                                  ffff0a9f        1c   func ,g         * 
  _Interrupt_IRQ10
                                  ffff0abb        1c   func ,g         * 
  _Interrupt_IRQ11
                                  ffff0ad7        1c   func ,g         * 
  _Interrupt_IRQ12
                                  ffff0af3        1c   func ,g         * 
  _Interrupt_IRQ13
                                  ffff0b0f        1c   func ,g         * 
  _Interrupt_IRQ14
                                  ffff0b2b        1c   func ,g         * 
  _Interrupt_IRQ15
                                  ffff0b47        1c   func ,g         * 
  _Interrupt_SWINT
                                  ffff0b63        1c   func ,g         * 
  _Interrupt_BRK
                                  ffff0b7f       110   func ,g         * 
  _Excep_PrivilegedInst
                                  ffff0c8f        1c   func ,g         * 
  _Excep_Access
                                  ffff0cab        1c   func ,g         * 
  _Excep_UndefinedInst
                                  ffff0cc7        1c   func ,g         * 
  _Excep_FloatingPoint
                                  ffff0ce3        1c   func ,g         * 
  _Interrupt_NMI
                                  ffff0cff        1c   func ,g         * 
  _Excep_RIIC0_EEI0
                                  ffff0d1b         e   func ,g         * 
  _Excep_RIIC0_RXI0
                                  ffff0d29         e   func ,g         * 
  _Excep_RIIC0_TXI0
                                  ffff0d37         e   func ,g         * 
  _Excep_RIIC0_TEI0
                                  ffff0d45         e   func ,g         * 
  _Dummy
                                  ffff0d53         1   func ,g         * 
FILE=C:\WorkSpace\rx62n_sci_async\rx62n_sci_async\Debug\Interrupt_MTU2.obj
                                  ffff0d54  ffff1373       620
  _Interrupt_MTU0_TGIA0
                                  ffff0d54        1c   func ,g         * 
  _Interrupt_MTU1_TGIA1
                                  ffff0d70        1c   func ,g         * 
  _Interrupt_MTU2_TGIA2
                                  ffff0d8c        1c   func ,g         * 
  _Interrupt_MTU3_TGIA3
                                  ffff0da8        1c   func ,g         * 
  _Interrupt_MTU4_TGIA4
                                  ffff0dc4        1c   func ,g         * 
  _Interrupt_MTU6_TGIA6
                                  ffff0de0        1c   func ,g         * 
  _Interrupt_MTU7_TGIA7
                                  ffff0dfc        1c   func ,g         * 
  _Interrupt_MTU8_TGIA8
                                  ffff0e18        1c   func ,g         * 
  _Interrupt_MTU9_TGIA9
                                  ffff0e34        1c   func ,g         * 
  _Interrupt_MTU10_TGIA10
                                  ffff0e50        1c   func ,g         * 
  _Interrupt_MTU0_TGIB0
                                  ffff0e6c        1c   func ,g         * 
  _Interrupt_MTU1_TGIB1
                                  ffff0e88        1c   func ,g         * 
  _Interrupt_MTU2_TGIB2
                                  ffff0ea4        1c   func ,g         * 
  _Interrupt_MTU3_TGIB3
                                  ffff0ec0        1c   func ,g         * 
  _Interrupt_MTU4_TGIB4
                                  ffff0edc        1c   func ,g         * 
  _Interrupt_MTU6_TGIB6
                                  ffff0ef8        1c   func ,g         * 
  _Interrupt_MTU7_TGIB7
                                  ffff0f14        1c   func ,g         * 
  _Interrupt_MTU8_TGIB8
                                  ffff0f30        1c   func ,g         * 
  _Interrupt_MTU9_TGIB9
                                  ffff0f4c        1c   func ,g         * 
  _Interrupt_MTU10_TGIB10
                                  ffff0f68        1c   func ,g         * 
  _Interrupt_MTU0_TGIC0
                                  ffff0f84        1c   func ,g         * 
  _Interrupt_MTU3_TGIC3
                                  ffff0fa0        1c   func ,g         * 
  _Interrupt_MTU4_TGIC4
                                  ffff0fbc        1c   func ,g         * 
  _Interrupt_MTU6_TGIC6
                                  ffff0fd8        1c   func ,g         * 
  _Interrupt_MTU9_TGIC9
                                  ffff0ff4        1c   func ,g         * 
  _Interrupt_MTU10_TGIC10
                                  ffff1010        1c   func ,g         * 
  _Interrupt_MTU0_TGID0
                                  ffff102c        1c   func ,g         * 
  _Interrupt_MTU3_TGID3
                                  ffff1048        1c   func ,g         * 
  _Interrupt_MTU4_TGID4
                                  ffff1064        1c   func ,g         * 
  _Interrupt_MTU6_TGID6
                                  ffff1080        1c   func ,g         * 
  _Interrupt_MTU9_TGID9
                                  ffff109c        1c   func ,g         * 
  _Interrupt_MTU10_TGID10
                                  ffff10b8        1c   func ,g         * 
  _Interrupt_MTU0_TGIE0
                                  ffff10d4        1c   func ,g         * 
  _Interrupt_MTU6_TGIE6
                                  ffff10f0        1c   func ,g         * 
  _Interrupt_MTU0_TGIF0
                                  ffff110c        1c   func ,g         * 
  _Interrupt_MTU6_TGIF6
                                  ffff1128        1c   func ,g         * 
  _Interrupt_MTU0_TCIV0
                                  ffff1144        1c   func ,g         * 
  _Interrupt_MTU1_TCIV1
                                  ffff1160        1c   func ,g         * 
  _Interrupt_MTU2_TCIV2
                                  ffff117c        1c   func ,g         * 
  _Interrupt_MTU3_TCIV3
                                  ffff1198        1c   func ,g         * 
  _Interrupt_MTU4_TCIV4
                                  ffff11b4        1c   func ,g         * 
  _Interrupt_MTU6_TCIV6
                                  ffff11d0        1c   func ,g         * 
  _Interrupt_MTU7_TCIV7
                                  ffff11ec        1c   func ,g         * 
  _Interrupt_MTU8_TCIV8
                                  ffff1208        1c   func ,g         * 
  _Interrupt_MTU9_TCIV9
                                  ffff1224        1c   func ,g         * 
  _Interrupt_MTU10_TCIV10
                                  ffff1240        1c   func ,g         * 
  _Interrupt_MTU1_TCIU1
                                  ffff125c        1c   func ,g         * 
  _Interrupt_MTU2_TCIU2
                                  ffff1278        1c   func ,g         * 
  _Interrupt_MTU7_TCIU7
                                  ffff1294        1c   func ,g         * 
  _Interrupt_MTU8_TCIU8
                                  ffff12b0        1c   func ,g         * 
  _Interrupt_MTU5_TGIU5
                                  ffff12cc        1c   func ,g         * 
  _Interrupt_MTU11_TGIU11
                                  ffff12e8        1c   func ,g         * 
  _Interrupt_MTU5_TGIV5
                                  ffff1304        1c   func ,g         * 
  _Interrupt_MTU11_TGIV11
                                  ffff1320        1c   func ,g         * 
  _Interrupt_MTU5_TGIW5
                                  ffff133c        1c   func ,g         * 
  _Interrupt_MTU11_TGIW11
                                  ffff1358        1c   func ,g         * 
FILE=C:\WorkSpace\rx62n_sci_async\rx62n_sci_async\Debug\R_PG_Clock.obj
                                  ffff1374  ffff13a3        30
  _R_PG_Clock_Set
                                  ffff1374        20   func ,g         * 
  _R_PG_Clock_Start_SUB
                                  ffff1394         8   func ,g         * 
  _R_PG_Clock_Stop_SUB
                                  ffff139c         8   func ,g         * 
FILE=C:\WorkSpace\rx62n_sci_async\rx62n_sci_async\Debug\R_PG_IO_PORT_P1.obj
                                  ffff13a4  ffff14a4       101
  _R_PG_IO_PORT_Set_P1
                                  ffff13a4        27   func ,g         * 
  _R_PG_IO_PORT_Set_P12
                                  ffff13cb         e   func ,g         * 
  _R_PG_IO_PORT_Set_P13
                                  ffff13d9         e   func ,g         * 
  _R_PG_IO_PORT_Read_P1
                                  ffff13e7         c   func ,g         * 
  _R_PG_IO_PORT_Read_P12
                                  ffff13f3         e   func ,g         * 
  _R_PG_IO_PORT_Read_P13
                                  ffff1401         e   func ,g         * 
  _R_PG_IO_PORT_Read_P14
                                  ffff140f         f   func ,g         * 
  _R_PG_IO_PORT_Read_P15
                                  ffff141e         f   func ,g         * 
  _R_PG_IO_PORT_Read_P16
                                  ffff142d         f   func ,g         * 
  _R_PG_IO_PORT_Read_P17
                                  ffff143c         f   func ,g         * 
  _R_PG_IO_PORT_Write_P1
                                  ffff144b         8   func ,g         * 
  _R_PG_IO_PORT_Write_P12
                                  ffff1453         d   func ,g         * 
  _R_PG_IO_PORT_Write_P13
                                  ffff1460         d   func ,g         * 
  _R_PG_IO_PORT_Write_P14
                                  ffff146d         e   func ,g         * 
  _R_PG_IO_PORT_Write_P15
                                  ffff147b         e   func ,g         * 
  _R_PG_IO_PORT_Write_P16
                                  ffff1489         e   func ,g         * 
  _R_PG_IO_PORT_Write_P17
                                  ffff1497         e   func ,g         * 
FILE=C:\WorkSpace\rx62n_sci_async\rx62n_sci_async\Debug\R_PG_IO_PORT_PE.obj
                                  ffff14a5  ffff169e       1fa
  _R_PG_IO_PORT_Set_PE
                                  ffff14a5        92   func ,g         * 
  _R_PG_IO_PORT_Set_PE0
                                  ffff1537         e   func ,g         * 
  _R_PG_IO_PORT_Set_PE1
                                  ffff1545         e   func ,g         * 
  _R_PG_IO_PORT_Set_PE2
                                  ffff1553         e   func ,g         * 
  _R_PG_IO_PORT_Set_PE3
                                  ffff1561         e   func ,g         * 
  _R_PG_IO_PORT_Set_PE4
                                  ffff156f         f   func ,g         * 
  _R_PG_IO_PORT_Set_PE5
                                  ffff157e         f   func ,g         * 
  _R_PG_IO_PORT_Set_PE6
                                  ffff158d         f   func ,g         * 
  _R_PG_IO_PORT_Set_PE7
                                  ffff159c         f   func ,g         * 
  _R_PG_IO_PORT_Read_PE
                                  ffff15ab         c   func ,g         * 
  _R_PG_IO_PORT_Read_PE0
                                  ffff15b7         e   func ,g         * 
  _R_PG_IO_PORT_Read_PE1
                                  ffff15c5         e   func ,g         * 
  _R_PG_IO_PORT_Read_PE2
                                  ffff15d3         e   func ,g         * 
  _R_PG_IO_PORT_Read_PE3
                                  ffff15e1         e   func ,g         * 
  _R_PG_IO_PORT_Read_PE4
                                  ffff15ef         f   func ,g         * 
  _R_PG_IO_PORT_Read_PE5
                                  ffff15fe         f   func ,g         * 
  _R_PG_IO_PORT_Read_PE6
                                  ffff160d         f   func ,g         * 
  _R_PG_IO_PORT_Read_PE7
                                  ffff161c         f   func ,g         * 
  _R_PG_IO_PORT_Write_PE
                                  ffff162b         8   func ,g         * 
  _R_PG_IO_PORT_Write_PE0
                                  ffff1633         d   func ,g         * 
  _R_PG_IO_PORT_Write_PE1
                                  ffff1640         d   func ,g         * 
  _R_PG_IO_PORT_Write_PE2
                                  ffff164d         d   func ,g         * 
  _R_PG_IO_PORT_Write_PE3
                                  ffff165a         d   func ,g         * 
  _R_PG_IO_PORT_Write_PE4
                                  ffff1667         e   func ,g         * 
  _R_PG_IO_PORT_Write_PE5
                                  ffff1675         e   func ,g         * 
  _R_PG_IO_PORT_Write_PE6
                                  ffff1683         e   func ,g         * 
  _R_PG_IO_PORT_Write_PE7
                                  ffff1691         e   func ,g         * 
FILE=C:\WorkSpace\rx62n_sci_async\rx62n_sci_async\Debug\R_PG_Timer_MTU_U0.obj
                                  ffff169f  ffff16a4         6
  _R_PG_Timer_StopModule_MTU_U0
                                  ffff169f         6   func ,g         * 
FILE=C:\WorkSpace\rx62n_sci_async\rx62n_sci_async\Debug\R_PG_Timer_MTU_U0_C0.obj
                                  ffff16a5  ffff1976       2d2
  _R_PG_Timer_Set_MTU_U0_C0
                                  ffff16a5        66   func ,g         * 
  _R_PG_Timer_StartCount_MTU_U0_C0
                                  ffff170b        29   func ,g         * 
  _R_PG_Timer_HaltCount_MTU_U0_C0
                                  ffff1734        29   func ,g         * 
  _R_PG_Timer_GetCounterValue_MTU_U0_C0
                                  ffff175d        22   func ,g         * 
  _R_PG_Timer_SetCounterValue_MTU_U0_C0
                                  ffff177f        2a   func ,g         * 
  _R_PG_Timer_GetTGR_MTU_U0_C0
                                  ffff17a9        47   func ,g         * 
  _R_PG_Timer_SetTGR_A_MTU_U0_C0
                                  ffff17f0        2a   func ,g         * 
  _R_PG_Timer_SetTGR_B_MTU_U0_C0
                                  ffff181a        2a   func ,g         * 
  _R_PG_Timer_SetTGR_C_MTU_U0_C0
                                  ffff1844        2a   func ,g         * 
  _R_PG_Timer_SetTGR_D_MTU_U0_C0
                                  ffff186e        2a   func ,g         * 
  _R_PG_Timer_SetTGR_E_MTU_U0_C0
                                  ffff1898        2a   func ,g         * 
  _R_PG_Timer_SetTGR_F_MTU_U0_C0
                                  ffff18c2        2a   func ,g         * 
  _R_PG_Timer_GetRequestFlag_MTU_U0_C0
                                  ffff18ec        8b   func ,g         * 
FILE=C:\WorkSpace\rx62n_sci_async\rx62n_sci_async\Debug\R_PG_Timer_MTU_U1.obj
                                  ffff1977  ffff197c         6
  _R_PG_Timer_StopModule_MTU_U1
                                  ffff1977         6   func ,g         * 
FILE=C:\WorkSpace\rx62n_sci_async\rx62n_sci_async\Debug\R_PG_Timer_MTU_U1_C6.obj
                                  ffff197d  ffff1c60       2e4
  _R_PG_Timer_Set_MTU_U1_C6
                                  ffff197d        74   func ,g         * 
  _R_PG_Timer_StartCount_MTU_U1_C6
                                  ffff19f1        2b   func ,g         * 
  _R_PG_Timer_HaltCount_MTU_U1_C6
                                  ffff1a1c        2b   func ,g         * 
  _R_PG_Timer_GetCounterValue_MTU_U1_C6
                                  ffff1a47        22   func ,g         * 
  _R_PG_Timer_SetCounterValue_MTU_U1_C6
                                  ffff1a69        2a   func ,g         * 
  _R_PG_Timer_GetTGR_MTU_U1_C6
                                  ffff1a93        47   func ,g         * 
  _R_PG_Timer_SetTGR_A_MTU_U1_C6
                                  ffff1ada        2a   func ,g         * 
  _R_PG_Timer_SetTGR_B_MTU_U1_C6
                                  ffff1b04        2a   func ,g         * 
  _R_PG_Timer_SetTGR_C_MTU_U1_C6
                                  ffff1b2e        2a   func ,g         * 
  _R_PG_Timer_SetTGR_D_MTU_U1_C6
                                  ffff1b58        2a   func ,g         * 
  _R_PG_Timer_SetTGR_E_MTU_U1_C6
                                  ffff1b82        2a   func ,g         * 
  _R_PG_Timer_SetTGR_F_MTU_U1_C6
                                  ffff1bac        2a   func ,g         * 
  _R_PG_Timer_GetRequestFlag_MTU_U1_C6
                                  ffff1bd6        8b   func ,g         * 
FILE=C:\WorkSpace\rx62n_sci_async\rx62n_sci_async\Debug\R_PG_Timer_MTU_U1_C7.obj
                                  ffff1c61  ffff1e5f       1ff
  _R_PG_Timer_Set_MTU_U1_C7
                                  ffff1c61        67   func ,g         * 
  _R_PG_Timer_StartCount_MTU_U1_C7
                                  ffff1cc8        2b   func ,g         * 
  _R_PG_Timer_HaltCount_MTU_U1_C7
                                  ffff1cf3        2b   func ,g         * 
  _R_PG_Timer_GetCounterValue_MTU_U1_C7
                                  ffff1d1e        22   func ,g         * 
  _R_PG_Timer_SetCounterValue_MTU_U1_C7
                                  ffff1d40        2a   func ,g         * 
  _R_PG_Timer_GetTGR_MTU_U1_C7
                                  ffff1d6a        29   func ,g         * 
  _R_PG_Timer_SetTGR_A_MTU_U1_C7
                                  ffff1d93        2a   func ,g         * 
  _R_PG_Timer_SetTGR_B_MTU_U1_C7
                                  ffff1dbd        2a   func ,g         * 
  _R_PG_Timer_GetRequestFlag_MTU_U1_C7
                                  ffff1de7        79   func ,g         * 
FILE=C:\WorkSpace\rx62n_sci_async\rx62n_sci_async\Debug\command.obj
                                  ffff1e60  ffff1e8c        2d
  _findCommand
                                  ffff1e60        29   func ,g         * 
  _CommandSpd
                                  ffff1e89         1   func ,g         * 
  _CommandPval
                                  ffff1e8a         1   func ,g         * 
  _CommandIval
                                  ffff1e8b         1   func ,g         * 
  _CommandDval
                                  ffff1e8c         1   func ,g         * 
FILE=C:\WorkSpace\rx62n_sci_async\rx62n_sci_async\Debug\iicComExe.obj
                                  ffff1e8d  ffff1fd2       146
  _SampleEepromWrite
                                  ffff1e8d        68   func ,g         * 
  _SampleEepromRead
                                  ffff1ef5        6d   func ,g         * 
  _IICAckPolling
                                  ffff1f62        71   func ,g         * 
FILE=R_CGC_ControlAll
                                  ffff1fd3  ffff203e        6c
  _R_CGC_ControlAll
                                  ffff1fd3        6c   func ,g         * 
FILE=R_CGC_SetAll
                                  ffff203f  ffff2267       229
  _R_CGC_SetAll
                                  ffff203f       229   func ,g         * 
FILE=R_IO_PORT_ReadDataAll
                                  ffff2268  ffff2283        1c
  _R_IO_PORT_ReadDataAll
                                  ffff2268        1c   func ,g         * 
FILE=R_IO_PORT_ReadDataRegisterAll
                                  ffff2284  ffff2291         e
  _R_IO_PORT_ReadDataRegisterAll
                                  ffff2284         e   func ,g         * 
FILE=R_IO_PORT_SetAll
                                  ffff2292  ffff2350        bf
  _R_IO_PORT_SetAll
                                  ffff2292        bf   func ,g         * 
FILE=R_IO_PORT_WriteAll
                                  ffff2351  ffff2374        24
  _R_IO_PORT_WriteAll
                                  ffff2351        24   func ,g         * 
FILE=R_IO_PORT_WriteRegisterAll
                                  ffff2375  ffff2382         e
  _R_IO_PORT_WriteRegisterAll
                                  ffff2375         e   func ,g         * 
FILE=R_MTU2_ControlChannelAll
                                  ffff2383  ffff27d4       452
  _R_MTU2_ControlChannelAll
                                  ffff2383       452   func ,g         * 
FILE=R_MTU2_CreateAll
                                  ffff27d5  ffff5008      2834
  _R_MTU2_CreateAll
                                  ffff27d5      2834   func ,g         * 
FILE=R_MTU2_DestroyAll
                                  ffff5009  ffff50a2        9a
  _R_MTU2_DestroyAll
                                  ffff5009        9a   func ,g         * 
FILE=R_MTU2_ReadChannelAll
                                  ffff50a3  ffff5626       584
  _R_MTU2_ReadChannelAll
                                  ffff50a3       584   func ,g         * 
FILE=R_MTU2_SetAll
                                  ffff5627  ffff56d9        b3
  _R_MTU2_SetAll
                                  ffff5627        b3   func ,g         * 
FILE=utilities_ADC_10
                                  ffff56da  ffff5731        58
  _rpdl_ADC_10_Start
                                  ffff56da        19   func ,g         * 
  _rpdl_ADC_10_ModifyIEN
                                  ffff56f3        3f   func ,g         * 
FILE=utilities_MTU2
                                  ffff5732  ffff5ed4       7a3
  _R_MTU2_Create_load_defaults
                                  ffff5732        36   func ,g         * 
  _rpdl_MTU2_DisableIER
                                  ffff5768       1c4   func ,g         * 
  _rpdl_MTU2_EnableTGRAIER
                                  ffff592c        f8   func ,g         * 
  _rpdl_MTU2_EnableTGRBIER
                                  ffff5a24        f8   func ,g         * 
  _rpdl_MTU2_EnableTGRCIER
                                  ffff5b1c        a1   func ,g         * 
  _rpdl_MTU2_EnableTGRDIER
                                  ffff5bbd        a1   func ,g         * 
  _rpdl_MTU2_EnableTGREIER
                                  ffff5c5e        37   func ,g         * 
  _rpdl_MTU2_EnableTGRFIER
                                  ffff5c95        37   func ,g         * 
  _rpdl_MTU2_EnableTGRUIER
                                  ffff5ccc        37   func ,g         * 
  _rpdl_MTU2_EnableTGRVIER
                                  ffff5d03        37   func ,g         * 
  _rpdl_MTU2_EnableTGRWIER
                                  ffff5d3a        37   func ,g         * 
  _rpdl_MTU2_EnableTCIVIER
                                  ffff5d71        f8   func ,g         * 
  _rpdl_MTU2_EnableTCIUIER
                                  ffff5e69        6c   func ,g         * 
FILE=atoi
                                  ffff5ed5  ffff5edc         8
  _atoi
                                  ffff5ed5         8   func ,g         * 
FILE=__initsct
                                  ffff5edd  ffff5f26        4a
  __INITSCT
                                  ffff5edd         0   none ,g         * 
  loop1
                                  ffff5eef         0   none ,l         * 
  next_loop1
                                  ffff5efd         0   none ,l         * 
  loop3
                                  ffff5f0f         0   none ,l         * 
  next_loop3
                                  ffff5f20         0   none ,l         * 
FILE=memset
                                  ffff5f27  ffff5f2d         7
  _memset
                                  ffff5f27         7   func ,g         * 
FILE=strtol
                                  ffff5f2e  ffff60dc       1af
  _strtol
                                  ffff5f2e       1af   func ,g         * 
FILE=_strchek
                                  ffff60dd  ffff60fa        1e
  __strchek
                                  ffff60dd        1e   func ,g         * 

SECTION=PResetPRG
FILE=C:\WorkSpace\rx62n_sci_async\rx62n_sci_async\Debug\resetprg.obj
                                  ffffd000  ffffd034        35
  _PowerON_Reset_PC
                                  ffffd000        35   entry,g         * 

SECTION=C_1
FILE=globals_MTU2
                                  ffffd100  ffffd104         5
  _rpdl_MTU2_TSTR_mask
                                  ffffd100         5   data ,g         * 
FILE=globals_ADC_10
                                  ffffd105  ffffd108         4
  _rpdl_ADC_10_div_value
                                  ffffd105         4   data ,g         * 
FILE=globals_CGC
                                  ffffd109  ffffd10c         4
  _rpdl_CGC_xCLK_mul_value
                                  ffffd109         4   data ,g         * 
FILE=_ctype
                                  ffffd10d  ffffd20c       100
  __ctype
                                  ffffd10d       100   data ,g         * 

SECTION=C
FILE=C:\WorkSpace\rx62n_sci_async\rx62n_sci_async\Debug\dbsct.obj
                                  ffffd210  ffffd227        18
  __CTBL
                                  ffffd210        18   data ,g         * 
FILE=C:\WorkSpace\rx62n_sci_async\rx62n_sci_async\Debug\command.obj
                                  ffffd228  ffffd25b        34
  _commandTable
                                  ffffd228        30   data ,g         * 
  _COMMAND_COUNT
                                  ffffd258         4   data ,g         * 

SECTION=C$DSEC
FILE=C:\WorkSpace\rx62n_sci_async\rx62n_sci_async\Debug\dbsct.obj
                                  ffffd25c  ffffd27f        24
  __DTBL
                                  ffffd25c        24   data ,g         * 

SECTION=C$BSEC
FILE=C:\WorkSpace\rx62n_sci_async\rx62n_sci_async\Debug\dbsct.obj
                                  ffffd280  ffffd297        18
  __BTBL
                                  ffffd280        18   data ,g         * 

SECTION=C$VECT
FILE=C:\WorkSpace\rx62n_sci_async\rx62n_sci_async\Debug\resetprg.obj
                                  ffffd298  ffffd697       400

SECTION=D_1
FILE=C:\WorkSpace\rx62n_sci_async\rx62n_sci_async\Debug\main.obj
                                  ffffd698  ffffd69d         6
FILE=C:\WorkSpace\rx62n_sci_async\rx62n_sci_async\Debug\sci.obj
                                  ffffd69e  ffffd6a0         3

SECTION=D
FILE=C:\WorkSpace\rx62n_sci_async\rx62n_sci_async\Debug\main.obj
                                  ffffd6a4  ffffd6b3        10
FILE=C:\WorkSpace\rx62n_sci_async\rx62n_sci_async\Debug\sbrk.obj
                                  ffffd6b4  ffffd6b7         4
FILE=globals_INTC
                                  ffffd6b8  ffffd70f        58

SECTION=L
FILE=C:\WorkSpace\rx62n_sci_async\rx62n_sci_async\Debug\command.obj
                                  ffffd710  ffffd71f        10

SECTION=FIXEDVECT
FILE=C:\WorkSpace\rx62n_sci_async\rx62n_sci_async\Debug\Interrupt_INTC.obj
                                  ffffffd0  ffffffff        30
  _Fixed_Vectors
                                  ffffffd0        30   data ,g         * 

*** Unfilled Areas ***

AREA                                START    END

*** Delete Symbols ***

SYMBOL                                SIZE    INFO
