Renesas Optimizing Linker (W3.07.00 )             20-Nov-2025 21:53:49

*** Options ***

-MAKEUD=C:\WorkSpace\rx62n_sci_async\rx62n_sci_async\Debug\rx62n_sci_async.lk.ud
-subcommand=C:\WorkSpace\rx62n_sci_async\rx62n_sci_async\Debug\rx62n_sci_async.clnk
-noprelink
-nomessage
-list=C:\WorkSpace\rx62n_sci_async\rx62n_sci_async\Debug\rx62n_sci_async.map
-show=symbol,total_size
-nooptimize
-start=B_1,R_1,B_2,R_2,B,R,SU,SI,W*/00001000,P/0FFFF0000,PResetPRG/0FFFFD000,C_1,C_2,C,C$*,D_1,D_2,D,PIntPRG,L/0FFFFD100,FIXEDVECT/0FFFFFFD0
-rom=D=R,D_1=R_1,D_2=R_2
-nologo
-input=C:\WorkSpace\rx62n_sci_async\rx62n_sci_async\Debug\command.obj
-input=C:\WorkSpace\rx62n_sci_async\rx62n_sci_async\Debug\dbsct.obj
-input=C:\WorkSpace\rx62n_sci_async\rx62n_sci_async\Debug\hwsetup.obj
-input=C:\WorkSpace\rx62n_sci_async\rx62n_sci_async\Debug\iic.obj
-input=C:\WorkSpace\rx62n_sci_async\rx62n_sci_async\Debug\iicComExe.obj
-input=C:\WorkSpace\rx62n_sci_async\rx62n_sci_async\Debug\main.obj
-input=C:\WorkSpace\rx62n_sci_async\rx62n_sci_async\Debug\resetprg.obj
-input=C:\WorkSpace\rx62n_sci_async\rx62n_sci_async\Debug\sbrk.obj
-input=C:\WorkSpace\rx62n_sci_async\rx62n_sci_async\Debug\sci.obj
-input=C:\WorkSpace\rx62n_sci_async\rx62n_sci_async\Debug\Interrupt_INTC.obj
-input=C:\WorkSpace\rx62n_sci_async\rx62n_sci_async\Debug\Interrupt_MTU2.obj
-input=C:\WorkSpace\rx62n_sci_async\rx62n_sci_async\Debug\R_PG_Clock.obj
-input=C:\WorkSpace\rx62n_sci_async\rx62n_sci_async\Debug\R_PG_IO_PORT_P1.obj
-input=C:\WorkSpace\rx62n_sci_async\rx62n_sci_async\Debug\R_PG_IO_PORT_PE.obj
-input=C:\WorkSpace\rx62n_sci_async\rx62n_sci_async\Debug\R_PG_Timer_MTU_U0.obj
-input=C:\WorkSpace\rx62n_sci_async\rx62n_sci_async\Debug\R_PG_Timer_MTU_U0_C0.obj
-input=C:\WorkSpace\rx62n_sci_async\rx62n_sci_async\Debug\R_PG_Timer_MTU_U1.obj
-input=C:\WorkSpace\rx62n_sci_async\rx62n_sci_async\Debug\R_PG_Timer_MTU_U1_C6.obj
-input=C:\WorkSpace\rx62n_sci_async\rx62n_sci_async\Debug\R_PG_Timer_MTU_U1_C7.obj
-library=C:\Renesas\PDG2\lib\RX62N\RX62N_library_144_little.lib
-library=C:\WorkSpace\rx62n_sci_async\rx62n_sci_async\Debug\rx62n_sci_async.lib
-output=C:\WorkSpace\rx62n_sci_async\rx62n_sci_async\Debug\rx62n_sci_async.abs
-end

*** Error information ***

W0561100:Cannot find "PIntPRG" specified in option "start"

*** Mapping List ***

SECTION                            START      END         SIZE   ALIGN
B_1
                                  00001000  0000104c        4d   1
R_1
                                  0000104d  0000105d        11   1
B_2
                                  0000105e  00001067         a   2
R_2
                                  00001068  00001068         0   1
B
                                  00001068  0000165b       5f4   4
R
                                  0000165c  000016ef        94   4
SU
                                  000016f0  000017ef       100   4
SI
                                  000017f0  00001aef       300   4
W
                                  00001af0  00001af0         0   4
W_1
                                  00001af0  00001b5f        70   1
W_2
                                  00001b60  00001ccd       16e   2
P
                                  ffff0000  ffff7542      7543   1
PResetPRG
                                  ffffd000  ffffd034        35   1
C_1
                                  ffffd100  ffffd10c         d   1
C_2
                                  ffffd10d  ffffd10d         0   1
C
                                  ffffd110  ffffd167        58   4
C$DSEC
                                  ffffd168  ffffd18b        24   4
C$BSEC
                                  ffffd18c  ffffd1a3        18   4
C$VECT
                                  ffffd1a4  ffffd5a3       400   4
D_1
                                  ffffd5a4  ffffd5b4        11   1
D_2
                                  ffffd5b5  ffffd5b5         0   1
D
                                  ffffd5b8  ffffd64b        94   4
L
                                  ffffd64c  ffffd663        18   4
FIXEDVECT
                                  ffffffd0  ffffffff        30   4

*** Total Section Size ***

RAMDATA SECTION:  00000af0 Byte(s)
ROMDATA SECTION:  0000076c Byte(s)
PROGRAM SECTION:  00007578 Byte(s)

*** Symbol List ***

SECTION=
FILE=                               START        END    SIZE
  SYMBOL                            ADDR        SIZE    INFO      COUNTS  OPT

SECTION=B_1
FILE=C:\WorkSpace\rx62n_sci_async\rx62n_sci_async\Debug\iicComExe.obj
                                  00001000  0000101b        1c
  _trm_eeprom_adr
                                  00001000         2   data ,g         * 
  _rcv_eeprom_adr
                                  00001002         2   data ,g         * 
  _trm_buff
                                  00001004         c   data ,g         * 
  _rcv_buff
                                  00001010         c   data ,g         * 
FILE=C:\WorkSpace\rx62n_sci_async\rx62n_sci_async\Debug\main.obj
                                  0000101c  00001043        28
  _rx_buf
                                  0000101c        20   data ,l         * 
  _isRbuffFull
                                  0000103c         1   data ,g         * 
  _write_data
                                  0000103d         3   data ,g         * 
  _addr
                                  00001040         2   data ,g         * 
  _tr
                                  00001042         1   data ,g         * 
  _rcv
                                  00001043         1   data ,g         * 
FILE=C:\WorkSpace\rx62n_sci_async\rx62n_sci_async\Debug\sci.obj
                                  00001044  00001046         3
  _tx_cnt
                                  00001044         1   data ,l         * 
  _rx_cnt
                                  00001045         1   data ,l         * 
  _last_received_byte
                                  00001046         1   data ,g         * 
FILE=globals_INTC
                                  00001047  00001048         2
  _rpdl_INTC_brk_command
                                  00001047         1   data ,g         * 
  _rpdl_INTC_brk_data8
                                  00001048         1   data ,g         * 
FILE=globals_MTU2
                                  00001049  0000104a         2
  _rpdl_MTU2_tmdr_copy
                                  00001049         2   data ,g         * 
FILE=globals_ADC_10
                                  0000104b  0000104c         2
  _rpdl_adcsr0_copy
                                  0000104b         1   data ,g         * 
  _rpdl_adcsr1_copy
                                  0000104c         1   data ,g         * 

SECTION=R_1
FILE=C:\WorkSpace\rx62n_sci_async\rx62n_sci_async\Debug\main.obj
                                  0000104d  0000105a         e
  _sci_state
                                  0000104d         1   data ,l         * 
  _tx_buf
                                  0000104e         5   data ,l         * 
  _lastCmd
                                  00001053         8   data ,g         * 
FILE=C:\WorkSpace\rx62n_sci_async\rx62n_sci_async\Debug\sci.obj
                                  0000105b  0000105d         3
  _state
                                  0000105b         1   data ,l         * 
  _rx_index
                                  0000105c         1   data ,g         * 
  _data_received_flag
                                  0000105d         1   data ,g         * 

SECTION=B_2
FILE=C:\WorkSpace\rx62n_sci_async\rx62n_sci_async\Debug\iic.obj
                                  0000105e  0000105f         2
  _ssr
                                  0000105e         2   data ,g         * 
FILE=C:\WorkSpace\rx62n_sci_async\rx62n_sci_async\Debug\main.obj
                                  00001060  00001067         8
  _Under_over_flow_cnt
                                  00001060         2   data ,g         * 
  _TGRA1_data
                                  00001062         2   data ,g         * 
  _TGRB1_data_old
                                  00001064         2   data ,g         * 
  _TGRB1_data_diff
                                  00001066         2   data ,g         * 

SECTION=B
FILE=C:\WorkSpace\rx62n_sci_async\rx62n_sci_async\Debug\iic.obj
                                  00001068  00001087        20
  _iic_buff
                                  00001068        10   data ,l         * 
  _iic_mode
                                  00001078         4   data ,l         * 
  _iic_status
                                  0000107c         4   data ,l         * 
  _iic_trm_cnt
                                  00001080         4   data ,l         * 
  _iic_rcv_cnt
                                  00001084         4   data ,l         * 
FILE=C:\WorkSpace\rx62n_sci_async\rx62n_sci_async\Debug\iicComExe.obj
                                  00001088  000010a7        20
  _iic_buff_prm
                                  00001088        20   data ,g         * 
FILE=C:\WorkSpace\rx62n_sci_async\rx62n_sci_async\Debug\main.obj
                                  000010a8  000010af         8
  _TGRD0_B0_data_diff
                                  000010a8         4   data ,g         * 
  _f_pwm$1
                                  000010ac         4   data ,l         * 
FILE=C:\WorkSpace\rx62n_sci_async\rx62n_sci_async\Debug\sbrk.obj
                                  000010b0  000014af       400
  _heap_area
                                  000010b0       400   data ,l         * 
FILE=C:\WorkSpace\rx62n_sci_async\rx62n_sci_async\Debug\sci.obj
                                  000014b0  000014c3        14
  _pbuf_tx
                                  000014b0         4   data ,l         * 
  _pbuf_rx
                                  000014b4         4   data ,l         * 
  _pcb_sci_tx_end
                                  000014b8         4   data ,g         * 
  _pcb_sci_rx_end
                                  000014bc         4   data ,g         * 
  _pcb_sci_rx_error
                                  000014c0         4   data ,g         * 
FILE=globals_INTC
                                  000014c4  000014c7         4
  _rpdl_INTC_saved_isp
                                  000014c4         4   data ,g         * 
FILE=globals_MTU2
                                  000014c8  00001647       180
  _rpdl_MTU2_func1_callback_func
                                  000014c8        30   data ,g         * 
  _rpdl_MTU2_func2_callback_func
                                  000014f8        30   data ,g         * 
  _rpdl_MTU2_func3_callback_func
                                  00001528        30   data ,g         * 
  _rpdl_MTU2_func4_callback_func
                                  00001558        30   data ,g         * 
  _rpdl_MTU2_TGRE_callback_func
                                  00001588        30   data ,g         * 
  _rpdl_MTU2_TGRF_callback_func
                                  000015b8        30   data ,g         * 
  _rpdl_MTU2_Overflow_callback_func
                                  000015e8        30   data ,g         * 
  _rpdl_MTU2_Underflow_callback_func
                                  00001618        30   data ,g         * 
FILE=globals_ADC_10
                                  00001648  0000164f         8
  _rpdl_ADC_10_callback_func
                                  00001648         8   data ,g         * 
FILE=globals_CGC
                                  00001650  0000165b         c
  _rpdl_CGC_f_pclk
                                  00001650         4   data ,g         * 
  _rpdl_CGC_f_iclk
                                  00001654         4   data ,g         * 
  _rpdl_CGC_f_bclk
                                  00001658         4   data ,g         * 

SECTION=R
FILE=C:\WorkSpace\rx62n_sci_async\rx62n_sci_async\Debug\iicComExe.obj
                                  0000165c  0000165f         4
  _g_txEndCb
                                  0000165c         4   data ,l         * 
FILE=C:\WorkSpace\rx62n_sci_async\rx62n_sci_async\Debug\main.obj
                                  00001660  00001693        34
  _received_value
                                  00001660         4   data ,g         * 
  _motorParams
                                  00001664        18   data ,g         * 
  _isGetData
                                  0000167c         4   data ,g         * 
  _nextFunc
                                  00001680         4   data ,l         * 
  _nextFuncVal
                                  00001684         4   data ,l         * 
  _isProcessNextFunc
                                  00001688         4   data ,g         * 
  _cnt
                                  0000168c         4   data ,g         * 
  _a
                                  00001690         4   data ,g         * 
FILE=C:\WorkSpace\rx62n_sci_async\rx62n_sci_async\Debug\sbrk.obj
                                  00001694  00001697         4
  _brk
                                  00001694         4   data ,l         * 
FILE=globals_INTC
                                  00001698  000016ef        58
  _rpdl_INTC_callback_func
                                  00001698        58   data ,g         * 

SECTION=SU
FILE=C:\WorkSpace\rx62n_sci_async\rx62n_sci_async\Debug\resetprg.obj
                                  000016f0  000017ef       100

SECTION=SI
FILE=C:\WorkSpace\rx62n_sci_async\rx62n_sci_async\Debug\resetprg.obj
                                  000017f0  00001aef       300

SECTION=W_1
FILE=R_IO_PORT_SetAll
                                  00001af0  00001af7         8
FILE=R_MTU2_ControlChannelAll
                                  00001af8  00001b1b        24
FILE=R_MTU2_CreateAll
                                  00001b1c  00001b5f        44

SECTION=W_2
FILE=C:\WorkSpace\rx62n_sci_async\rx62n_sci_async\Debug\Interrupt_INTC.obj
                                  00001b60  00001b73        14
FILE=R_MTU2_ControlChannelAll
                                  00001b74  00001b8b        18
FILE=R_MTU2_CreateAll
                                  00001b8c  00001c13        88
FILE=R_MTU2_ReadChannelAll
                                  00001c14  00001c73        60
FILE=utilities_MTU2
                                  00001c74  00001ccd        5a

SECTION=P
FILE=C:\WorkSpace\rx62n_sci_async\rx62n_sci_async\Debug\command.obj
                                  ffff0000  ffff0119       11a
  _findCommand
                                  ffff0000        58   func ,g         * 
  _CommandSpd
                                  ffff0058        1b   func ,g         * 
  _CommandPval
                                  ffff0073        1e   func ,g         * 
  _CommandIval
                                  ffff0091        1e   func ,g         * 
  _CommandDval
                                  ffff00af        1e   func ,g         * 
  _CommandRead
                                  ffff00cd        1e   func ,g         * 
  _CommandReadRom
                                  ffff00eb        2f   func ,g         * 
FILE=C:\WorkSpace\rx62n_sci_async\rx62n_sci_async\Debug\hwsetup.obj
                                  ffff011a  ffff013e        25
  _HardwareSetup
                                  ffff011a        25   func ,g         * 
FILE=C:\WorkSpace\rx62n_sci_async\rx62n_sci_async\Debug\iic.obj
                                  ffff013f  ffff087e       740
  _IIC_Create
                                  ffff013f        b7   func ,g         * 
  _IIC_Destroy
                                  ffff01f6        16   func ,g         * 
  _IIC_EepWrite
                                  ffff020c        73   func ,g         * 
  _IIC_RandomRead
                                  ffff027f        a5   func ,g         * 
  _IIC_GetStatus
                                  ffff0324        2b   func ,g         * 
  _IIC_EEI_Int
                                  ffff034f        a6   func ,g         * 
  _IIC_EEI_IntTimeOut
                                  ffff03f5         4   func ,l         * 
  _IIC_EEI_IntAL
                                  ffff03f9         4   func ,l         * 
  _IIC_EEI_IntSP
                                  ffff03fd        9c   func ,l         * 
  _IIC_EEI_IntST
                                  ffff0499        21   func ,l         * 
  _IIC_EEI_IntNack
                                  ffff04ba        39   func ,l         * 
  _IIC_RXI_Int
                                  ffff04f3        1f   func ,g         * 
  _IIC_RXI_IntEepRead
                                  ffff0512        d3   func ,l         * 
  _IIC_TXI_Int
                                  ffff05e5        1c   func ,g         * 
  _IIC_TXI_IntEepWrite
                                  ffff0601        8d   func ,l         * 
  _IIC_TXI_IntEepRead
                                  ffff068e        60   func ,l         * 
  _IIC_TEI_Int
                                  ffff06ee        1c   func ,g         * 
  _IIC_TEI_IntEepWrite
                                  ffff070a        18   func ,l         * 
  _IIC_TEI_IntEepRead
                                  ffff0722        20   func ,l         * 
  _IIC_GenClkSP
                                  ffff0742       137   func ,l         * 
  _IIC_Error
                                  ffff0879         6   func ,l         * 
FILE=C:\WorkSpace\rx62n_sci_async\rx62n_sci_async\Debug\iicComExe.obj
                                  ffff087f  ffff0c4f       3d1
  _regTxEnd
                                  ffff087f         e   func ,g         * 
  _SampleEepromWrite
                                  ffff088d        ee   func ,g         * 
  _EepromWrite
                                  ffff097b        b7   func ,g         * 
  _SampleEepromRead
                                  ffff0a32        a0   func ,g         * 
  _EepromReadAndResponse
                                  ffff0ad2        aa   func ,g         * 
  _txEndWrapper
                                  ffff0b7c        18   func ,g         * 
  _Test
                                  ffff0b94        27   func ,g         * 
  _IICAckPolling
                                  ffff0bbb        95   func ,g         * 
FILE=C:\WorkSpace\rx62n_sci_async\rx62n_sci_async\Debug\main.obj
                                  ffff0c50  ffff11b3       564
  _main
                                  ffff0c50       16d   func ,g         * 
  _port_init
                                  ffff0dbd         1   func ,l         * 
  _CpuCreate
                                  ffff0dbe        12   func ,l         * 
  _CpuIntCreate
                                  ffff0dd0        90   func ,l         * 
  _IICPortCreate
                                  ffff0e60        1f   func ,l         * 
  _peripheral_init
                                  ffff0e7f         5   func ,l         * 
  _cb_sci_tx_end
                                  ffff0e84         a   func ,l         * 
  _txEndWithMorterspd
                                  ffff0e8e        17   func ,l         * 
  _cb_sci_rx_end
                                  ffff0ea5       225   func ,l         * 
  _cb_sci_rx_error
                                  ffff10ca        14   func ,l         * 
  _Mtu0IcCmAIntFunc
                                  ffff10de        4c   func ,g         * 
  _Mtu6IcCmBIntFunc
                                  ffff112a        30   func ,g         * 
  _Mtu7IcCmBIntFunc
                                  ffff115a        40   func ,g         * 
  _Mtu7OvIntFunc
                                  ffff119a         d   func ,g         * 
  _Mtu7UnIntFunc
                                  ffff11a7         d   func ,g         * 
FILE=C:\WorkSpace\rx62n_sci_async\rx62n_sci_async\Debug\sbrk.obj
                                  ffff11b4  ffff11ef        3c
  _sbrk
                                  ffff11b4        3c   func ,g         * 
FILE=C:\WorkSpace\rx62n_sci_async\rx62n_sci_async\Debug\sci.obj
                                  ffff11f0  ffff1655       466
  _SCI_Init
                                  ffff11f0        d7   func ,g         * 
  _SCI_StartReceive
                                  ffff12c7        86   func ,g         * 
  _SCI_StartTransmit
                                  ffff134d        65   func ,g         * 
  _SCI_GetState
                                  ffff13b2         9   func ,g         * 
  _sci_txi_isr
                                  ffff13bb        52   func ,l         * 
  _sci_tei_isr
                                  ffff140d        2a   func ,l         * 
  _sci_rxi_isr
                                  ffff1437        70   func ,l         * 
  _sci_eri_isr
                                  ffff14a7       11d   func ,l         * 
  _Excep_SCIn_ERIn
                                  ffff15c4        3e   func ,l         * 
  _Excep_SCIn_RXIn
                                  ffff1602         d   func ,l         * 
  _Excep_SCIn_TXIn
                                  ffff160f         d   func ,l         * 
  _Excep_SCIn_TEIn
                                  ffff161c        3a   func ,l         * 
FILE=C:\WorkSpace\rx62n_sci_async\rx62n_sci_async\Debug\Interrupt_INTC.obj
                                  ffff1656  ffff1bb6       561
  _Interrupt_IRQ0
                                  ffff1656        29   func ,g         * 
  _Interrupt_IRQ1
                                  ffff167f        29   func ,g         * 
  _Interrupt_IRQ2
                                  ffff16a8        29   func ,g         * 
  _Interrupt_IRQ3
                                  ffff16d1        29   func ,g         * 
  _Interrupt_IRQ4
                                  ffff16fa        29   func ,g         * 
  _Interrupt_IRQ5
                                  ffff1723        29   func ,g         * 
  _Interrupt_IRQ6
                                  ffff174c        29   func ,g         * 
  _Interrupt_IRQ7
                                  ffff1775        29   func ,g         * 
  _Interrupt_IRQ8
                                  ffff179e        29   func ,g         * 
  _Interrupt_IRQ9
                                  ffff17c7        29   func ,g         * 
  _Interrupt_IRQ10
                                  ffff17f0        29   func ,g         * 
  _Interrupt_IRQ11
                                  ffff1819        29   func ,g         * 
  _Interrupt_IRQ12
                                  ffff1842        29   func ,g         * 
  _Interrupt_IRQ13
                                  ffff186b        29   func ,g         * 
  _Interrupt_IRQ14
                                  ffff1894        29   func ,g         * 
  _Interrupt_IRQ15
                                  ffff18bd        29   func ,g         * 
  _Interrupt_SWINT
                                  ffff18e6        29   func ,g         * 
  _Interrupt_BRK
                                  ffff190f       1a2   func ,g         * 
  _Excep_PrivilegedInst
                                  ffff1ab1        29   func ,g         * 
  _Excep_Access
                                  ffff1ada        29   func ,g         * 
  _Excep_UndefinedInst
                                  ffff1b03        29   func ,g         * 
  _Excep_FloatingPoint
                                  ffff1b2c        29   func ,g         * 
  _Interrupt_NMI
                                  ffff1b55        29   func ,g         * 
  _Excep_RIIC0_EEI0
                                  ffff1b7e         e   func ,g         * 
  _Excep_RIIC0_RXI0
                                  ffff1b8c         e   func ,g         * 
  _Excep_RIIC0_TXI0
                                  ffff1b9a         e   func ,g         * 
  _Excep_RIIC0_TEI0
                                  ffff1ba8         e   func ,g         * 
  _Dummy
                                  ffff1bb6         1   func ,g         * 
FILE=C:\WorkSpace\rx62n_sci_async\rx62n_sci_async\Debug\Interrupt_MTU2.obj
                                  ffff1bb7  ffff24ae       8f8
  _Interrupt_MTU0_TGIA0
                                  ffff1bb7        29   func ,g         * 
  _Interrupt_MTU1_TGIA1
                                  ffff1be0        29   func ,g         * 
  _Interrupt_MTU2_TGIA2
                                  ffff1c09        29   func ,g         * 
  _Interrupt_MTU3_TGIA3
                                  ffff1c32        29   func ,g         * 
  _Interrupt_MTU4_TGIA4
                                  ffff1c5b        29   func ,g         * 
  _Interrupt_MTU6_TGIA6
                                  ffff1c84        29   func ,g         * 
  _Interrupt_MTU7_TGIA7
                                  ffff1cad        29   func ,g         * 
  _Interrupt_MTU8_TGIA8
                                  ffff1cd6        29   func ,g         * 
  _Interrupt_MTU9_TGIA9
                                  ffff1cff        29   func ,g         * 
  _Interrupt_MTU10_TGIA10
                                  ffff1d28        29   func ,g         * 
  _Interrupt_MTU0_TGIB0
                                  ffff1d51        29   func ,g         * 
  _Interrupt_MTU1_TGIB1
                                  ffff1d7a        29   func ,g         * 
  _Interrupt_MTU2_TGIB2
                                  ffff1da3        29   func ,g         * 
  _Interrupt_MTU3_TGIB3
                                  ffff1dcc        29   func ,g         * 
  _Interrupt_MTU4_TGIB4
                                  ffff1df5        29   func ,g         * 
  _Interrupt_MTU6_TGIB6
                                  ffff1e1e        29   func ,g         * 
  _Interrupt_MTU7_TGIB7
                                  ffff1e47        29   func ,g         * 
  _Interrupt_MTU8_TGIB8
                                  ffff1e70        29   func ,g         * 
  _Interrupt_MTU9_TGIB9
                                  ffff1e99        29   func ,g         * 
  _Interrupt_MTU10_TGIB10
                                  ffff1ec2        29   func ,g         * 
  _Interrupt_MTU0_TGIC0
                                  ffff1eeb        29   func ,g         * 
  _Interrupt_MTU3_TGIC3
                                  ffff1f14        29   func ,g         * 
  _Interrupt_MTU4_TGIC4
                                  ffff1f3d        29   func ,g         * 
  _Interrupt_MTU6_TGIC6
                                  ffff1f66        29   func ,g         * 
  _Interrupt_MTU9_TGIC9
                                  ffff1f8f        29   func ,g         * 
  _Interrupt_MTU10_TGIC10
                                  ffff1fb8        29   func ,g         * 
  _Interrupt_MTU0_TGID0
                                  ffff1fe1        29   func ,g         * 
  _Interrupt_MTU3_TGID3
                                  ffff200a        29   func ,g         * 
  _Interrupt_MTU4_TGID4
                                  ffff2033        29   func ,g         * 
  _Interrupt_MTU6_TGID6
                                  ffff205c        29   func ,g         * 
  _Interrupt_MTU9_TGID9
                                  ffff2085        29   func ,g         * 
  _Interrupt_MTU10_TGID10
                                  ffff20ae        29   func ,g         * 
  _Interrupt_MTU0_TGIE0
                                  ffff20d7        29   func ,g         * 
  _Interrupt_MTU6_TGIE6
                                  ffff2100        29   func ,g         * 
  _Interrupt_MTU0_TGIF0
                                  ffff2129        29   func ,g         * 
  _Interrupt_MTU6_TGIF6
                                  ffff2152        29   func ,g         * 
  _Interrupt_MTU0_TCIV0
                                  ffff217b        29   func ,g         * 
  _Interrupt_MTU1_TCIV1
                                  ffff21a4        29   func ,g         * 
  _Interrupt_MTU2_TCIV2
                                  ffff21cd        29   func ,g         * 
  _Interrupt_MTU3_TCIV3
                                  ffff21f6        29   func ,g         * 
  _Interrupt_MTU4_TCIV4
                                  ffff221f        29   func ,g         * 
  _Interrupt_MTU6_TCIV6
                                  ffff2248        29   func ,g         * 
  _Interrupt_MTU7_TCIV7
                                  ffff2271        29   func ,g         * 
  _Interrupt_MTU8_TCIV8
                                  ffff229a        29   func ,g         * 
  _Interrupt_MTU9_TCIV9
                                  ffff22c3        29   func ,g         * 
  _Interrupt_MTU10_TCIV10
                                  ffff22ec        29   func ,g         * 
  _Interrupt_MTU1_TCIU1
                                  ffff2315        29   func ,g         * 
  _Interrupt_MTU2_TCIU2
                                  ffff233e        29   func ,g         * 
  _Interrupt_MTU7_TCIU7
                                  ffff2367        29   func ,g         * 
  _Interrupt_MTU8_TCIU8
                                  ffff2390        29   func ,g         * 
  _Interrupt_MTU5_TGIU5
                                  ffff23b9        29   func ,g         * 
  _Interrupt_MTU11_TGIU11
                                  ffff23e2        29   func ,g         * 
  _Interrupt_MTU5_TGIV5
                                  ffff240b        29   func ,g         * 
  _Interrupt_MTU11_TGIV11
                                  ffff2434        29   func ,g         * 
  _Interrupt_MTU5_TGIW5
                                  ffff245d        29   func ,g         * 
  _Interrupt_MTU11_TGIW11
                                  ffff2486        29   func ,g         * 
FILE=C:\WorkSpace\rx62n_sci_async\rx62n_sci_async\Debug\R_PG_Clock.obj
                                  ffff24af  ffff24ed        3f
  _R_PG_Clock_Set
                                  ffff24af        23   func ,g         * 
  _R_PG_Clock_Start_SUB
                                  ffff24d2         e   func ,g         * 
  _R_PG_Clock_Stop_SUB
                                  ffff24e0         e   func ,g         * 
FILE=C:\WorkSpace\rx62n_sci_async\rx62n_sci_async\Debug\R_PG_IO_PORT_P1.obj
                                  ffff24ee  ffff26f6       209
  _R_PG_IO_PORT_Set_P1
                                  ffff24ee        54   func ,g         * 
  _R_PG_IO_PORT_Set_P12
                                  ffff2542        16   func ,g         * 
  _R_PG_IO_PORT_Set_P13
                                  ffff2558        16   func ,g         * 
  _R_PG_IO_PORT_Read_P1
                                  ffff256e        1f   func ,g         * 
  _R_PG_IO_PORT_Read_P12
                                  ffff258d        21   func ,g         * 
  _R_PG_IO_PORT_Read_P13
                                  ffff25ae        21   func ,g         * 
  _R_PG_IO_PORT_Read_P14
                                  ffff25cf        22   func ,g         * 
  _R_PG_IO_PORT_Read_P15
                                  ffff25f1        22   func ,g         * 
  _R_PG_IO_PORT_Read_P16
                                  ffff2613        22   func ,g         * 
  _R_PG_IO_PORT_Read_P17
                                  ffff2635        22   func ,g         * 
  _R_PG_IO_PORT_Write_P1
                                  ffff2657        12   func ,g         * 
  _R_PG_IO_PORT_Write_P12
                                  ffff2669        17   func ,g         * 
  _R_PG_IO_PORT_Write_P13
                                  ffff2680        17   func ,g         * 
  _R_PG_IO_PORT_Write_P14
                                  ffff2697        18   func ,g         * 
  _R_PG_IO_PORT_Write_P15
                                  ffff26af        18   func ,g         * 
  _R_PG_IO_PORT_Write_P16
                                  ffff26c7        18   func ,g         * 
  _R_PG_IO_PORT_Write_P17
                                  ffff26df        18   func ,g         * 
FILE=C:\WorkSpace\rx62n_sci_async\rx62n_sci_async\Debug\R_PG_IO_PORT_PE.obj
                                  ffff26f7  ffff2af6       400
  _R_PG_IO_PORT_Set_PE
                                  ffff26f7       153   func ,g         * 
  _R_PG_IO_PORT_Set_PE0
                                  ffff284a        16   func ,g         * 
  _R_PG_IO_PORT_Set_PE1
                                  ffff2860        16   func ,g         * 
  _R_PG_IO_PORT_Set_PE2
                                  ffff2876        16   func ,g         * 
  _R_PG_IO_PORT_Set_PE3
                                  ffff288c        16   func ,g         * 
  _R_PG_IO_PORT_Set_PE4
                                  ffff28a2        17   func ,g         * 
  _R_PG_IO_PORT_Set_PE5
                                  ffff28b9        17   func ,g         * 
  _R_PG_IO_PORT_Set_PE6
                                  ffff28d0        17   func ,g         * 
  _R_PG_IO_PORT_Set_PE7
                                  ffff28e7        17   func ,g         * 
  _R_PG_IO_PORT_Read_PE
                                  ffff28fe        1f   func ,g         * 
  _R_PG_IO_PORT_Read_PE0
                                  ffff291d        21   func ,g         * 
  _R_PG_IO_PORT_Read_PE1
                                  ffff293e        21   func ,g         * 
  _R_PG_IO_PORT_Read_PE2
                                  ffff295f        21   func ,g         * 
  _R_PG_IO_PORT_Read_PE3
                                  ffff2980        21   func ,g         * 
  _R_PG_IO_PORT_Read_PE4
                                  ffff29a1        22   func ,g         * 
  _R_PG_IO_PORT_Read_PE5
                                  ffff29c3        22   func ,g         * 
  _R_PG_IO_PORT_Read_PE6
                                  ffff29e5        22   func ,g         * 
  _R_PG_IO_PORT_Read_PE7
                                  ffff2a07        22   func ,g         * 
  _R_PG_IO_PORT_Write_PE
                                  ffff2a29        12   func ,g         * 
  _R_PG_IO_PORT_Write_PE0
                                  ffff2a3b        17   func ,g         * 
  _R_PG_IO_PORT_Write_PE1
                                  ffff2a52        17   func ,g         * 
  _R_PG_IO_PORT_Write_PE2
                                  ffff2a69        17   func ,g         * 
  _R_PG_IO_PORT_Write_PE3
                                  ffff2a80        17   func ,g         * 
  _R_PG_IO_PORT_Write_PE4
                                  ffff2a97        18   func ,g         * 
  _R_PG_IO_PORT_Write_PE5
                                  ffff2aaf        18   func ,g         * 
  _R_PG_IO_PORT_Write_PE6
                                  ffff2ac7        18   func ,g         * 
  _R_PG_IO_PORT_Write_PE7
                                  ffff2adf        18   func ,g         * 
FILE=C:\WorkSpace\rx62n_sci_async\rx62n_sci_async\Debug\R_PG_Timer_MTU_U0.obj
                                  ffff2af7  ffff2b04         e
  _R_PG_Timer_StopModule_MTU_U0
                                  ffff2af7         e   func ,g         * 
FILE=C:\WorkSpace\rx62n_sci_async\rx62n_sci_async\Debug\R_PG_Timer_MTU_U0_C0.obj
                                  ffff2b05  ffff2ef2       3ee
  _R_PG_Timer_Set_MTU_U0_C0
                                  ffff2b05        91   func ,g         * 
  _R_PG_Timer_StartCount_MTU_U0_C0
                                  ffff2b96        33   func ,g         * 
  _R_PG_Timer_HaltCount_MTU_U0_C0
                                  ffff2bc9        33   func ,g         * 
  _R_PG_Timer_GetCounterValue_MTU_U0_C0
                                  ffff2bfc        34   func ,g         * 
  _R_PG_Timer_SetCounterValue_MTU_U0_C0
                                  ffff2c30        36   func ,g         * 
  _R_PG_Timer_GetTGR_MTU_U0_C0
                                  ffff2c66        8f   func ,g         * 
  _R_PG_Timer_SetTGR_A_MTU_U0_C0
                                  ffff2cf5        36   func ,g         * 
  _R_PG_Timer_SetTGR_B_MTU_U0_C0
                                  ffff2d2b        36   func ,g         * 
  _R_PG_Timer_SetTGR_C_MTU_U0_C0
                                  ffff2d61        36   func ,g         * 
  _R_PG_Timer_SetTGR_D_MTU_U0_C0
                                  ffff2d97        36   func ,g         * 
  _R_PG_Timer_SetTGR_E_MTU_U0_C0
                                  ffff2dcd        36   func ,g         * 
  _R_PG_Timer_SetTGR_F_MTU_U0_C0
                                  ffff2e03        36   func ,g         * 
  _R_PG_Timer_GetRequestFlag_MTU_U0_C0
                                  ffff2e39        ba   func ,g         * 
FILE=C:\WorkSpace\rx62n_sci_async\rx62n_sci_async\Debug\R_PG_Timer_MTU_U1.obj
                                  ffff2ef3  ffff2f00         e
  _R_PG_Timer_StopModule_MTU_U1
                                  ffff2ef3         e   func ,g         * 
FILE=C:\WorkSpace\rx62n_sci_async\rx62n_sci_async\Debug\R_PG_Timer_MTU_U1_C6.obj
                                  ffff2f01  ffff3311       411
  _R_PG_Timer_Set_MTU_U1_C6
                                  ffff2f01        b4   func ,g         * 
  _R_PG_Timer_StartCount_MTU_U1_C6
                                  ffff2fb5        33   func ,g         * 
  _R_PG_Timer_HaltCount_MTU_U1_C6
                                  ffff2fe8        33   func ,g         * 
  _R_PG_Timer_GetCounterValue_MTU_U1_C6
                                  ffff301b        34   func ,g         * 
  _R_PG_Timer_SetCounterValue_MTU_U1_C6
                                  ffff304f        36   func ,g         * 
  _R_PG_Timer_GetTGR_MTU_U1_C6
                                  ffff3085        8f   func ,g         * 
  _R_PG_Timer_SetTGR_A_MTU_U1_C6
                                  ffff3114        36   func ,g         * 
  _R_PG_Timer_SetTGR_B_MTU_U1_C6
                                  ffff314a        36   func ,g         * 
  _R_PG_Timer_SetTGR_C_MTU_U1_C6
                                  ffff3180        36   func ,g         * 
  _R_PG_Timer_SetTGR_D_MTU_U1_C6
                                  ffff31b6        36   func ,g         * 
  _R_PG_Timer_SetTGR_E_MTU_U1_C6
                                  ffff31ec        36   func ,g         * 
  _R_PG_Timer_SetTGR_F_MTU_U1_C6
                                  ffff3222        36   func ,g         * 
  _R_PG_Timer_GetRequestFlag_MTU_U1_C6
                                  ffff3258        ba   func ,g         * 
FILE=C:\WorkSpace\rx62n_sci_async\rx62n_sci_async\Debug\R_PG_Timer_MTU_U1_C7.obj
                                  ffff3312  ffff35f6       2e5
  _R_PG_Timer_Set_MTU_U1_C7
                                  ffff3312        af   func ,g         * 
  _R_PG_Timer_StartCount_MTU_U1_C7
                                  ffff33c1        33   func ,g         * 
  _R_PG_Timer_HaltCount_MTU_U1_C7
                                  ffff33f4        33   func ,g         * 
  _R_PG_Timer_GetCounterValue_MTU_U1_C7
                                  ffff3427        34   func ,g         * 
  _R_PG_Timer_SetCounterValue_MTU_U1_C7
                                  ffff345b        36   func ,g         * 
  _R_PG_Timer_GetTGR_MTU_U1_C7
                                  ffff3491        52   func ,g         * 
  _R_PG_Timer_SetTGR_A_MTU_U1_C7
                                  ffff34e3        36   func ,g         * 
  _R_PG_Timer_SetTGR_B_MTU_U1_C7
                                  ffff3519        36   func ,g         * 
  _R_PG_Timer_GetRequestFlag_MTU_U1_C7
                                  ffff354f        a8   func ,g         * 
FILE=R_CGC_ControlAll
                                  ffff35f7  ffff3662        6c
  _R_CGC_ControlAll
                                  ffff35f7        6c   func ,g         * 
FILE=R_CGC_SetAll
                                  ffff3663  ffff388b       229
  _R_CGC_SetAll
                                  ffff3663       229   func ,g         * 
FILE=R_IO_PORT_ReadDataAll
                                  ffff388c  ffff38a7        1c
  _R_IO_PORT_ReadDataAll
                                  ffff388c        1c   func ,g         * 
FILE=R_IO_PORT_ReadDataRegisterAll
                                  ffff38a8  ffff38b5         e
  _R_IO_PORT_ReadDataRegisterAll
                                  ffff38a8         e   func ,g         * 
FILE=R_IO_PORT_SetAll
                                  ffff38b6  ffff3974        bf
  _R_IO_PORT_SetAll
                                  ffff38b6        bf   func ,g         * 
FILE=R_IO_PORT_WriteAll
                                  ffff3975  ffff3998        24
  _R_IO_PORT_WriteAll
                                  ffff3975        24   func ,g         * 
FILE=R_IO_PORT_WriteRegisterAll
                                  ffff3999  ffff39a6         e
  _R_IO_PORT_WriteRegisterAll
                                  ffff3999         e   func ,g         * 
FILE=R_MTU2_ControlChannelAll
                                  ffff39a7  ffff3df8       452
  _R_MTU2_ControlChannelAll
                                  ffff39a7       452   func ,g         * 
FILE=R_MTU2_CreateAll
                                  ffff3df9  ffff662c      2834
  _R_MTU2_CreateAll
                                  ffff3df9      2834   func ,g         * 
FILE=R_MTU2_DestroyAll
                                  ffff662d  ffff66c6        9a
  _R_MTU2_DestroyAll
                                  ffff662d        9a   func ,g         * 
FILE=R_MTU2_ReadChannelAll
                                  ffff66c7  ffff6c4a       584
  _R_MTU2_ReadChannelAll
                                  ffff66c7       584   func ,g         * 
FILE=R_MTU2_SetAll
                                  ffff6c4b  ffff6cfd        b3
  _R_MTU2_SetAll
                                  ffff6c4b        b3   func ,g         * 
FILE=utilities_ADC_10
                                  ffff6cfe  ffff6d55        58
  _rpdl_ADC_10_Start
                                  ffff6cfe        19   func ,g         * 
  _rpdl_ADC_10_ModifyIEN
                                  ffff6d17        3f   func ,g         * 
FILE=utilities_MTU2
                                  ffff6d56  ffff74f8       7a3
  _R_MTU2_Create_load_defaults
                                  ffff6d56        36   func ,g         * 
  _rpdl_MTU2_DisableIER
                                  ffff6d8c       1c4   func ,g         * 
  _rpdl_MTU2_EnableTGRAIER
                                  ffff6f50        f8   func ,g         * 
  _rpdl_MTU2_EnableTGRBIER
                                  ffff7048        f8   func ,g         * 
  _rpdl_MTU2_EnableTGRCIER
                                  ffff7140        a1   func ,g         * 
  _rpdl_MTU2_EnableTGRDIER
                                  ffff71e1        a1   func ,g         * 
  _rpdl_MTU2_EnableTGREIER
                                  ffff7282        37   func ,g         * 
  _rpdl_MTU2_EnableTGRFIER
                                  ffff72b9        37   func ,g         * 
  _rpdl_MTU2_EnableTGRUIER
                                  ffff72f0        37   func ,g         * 
  _rpdl_MTU2_EnableTGRVIER
                                  ffff7327        37   func ,g         * 
  _rpdl_MTU2_EnableTGRWIER
                                  ffff735e        37   func ,g         * 
  _rpdl_MTU2_EnableTCIVIER
                                  ffff7395        f8   func ,g         * 
  _rpdl_MTU2_EnableTCIUIER
                                  ffff748d        6c   func ,g         * 
FILE=__initsct
                                  ffff74f9  ffff7542        4a
  __INITSCT
                                  ffff74f9         0   none ,g         * 
  loop1
                                  ffff750b         0   none ,l         * 
  next_loop1
                                  ffff7519         0   none ,l         * 
  loop3
                                  ffff752b         0   none ,l         * 
  next_loop3
                                  ffff753c         0   none ,l         * 

SECTION=PResetPRG
FILE=C:\WorkSpace\rx62n_sci_async\rx62n_sci_async\Debug\resetprg.obj
                                  ffffd000  ffffd034        35
  _PowerON_Reset_PC
                                  ffffd000        35   entry,g         * 

SECTION=C_1
FILE=globals_MTU2
                                  ffffd100  ffffd104         5
  _rpdl_MTU2_TSTR_mask
                                  ffffd100         5   data ,g         * 
FILE=globals_ADC_10
                                  ffffd105  ffffd108         4
  _rpdl_ADC_10_div_value
                                  ffffd105         4   data ,g         * 
FILE=globals_CGC
                                  ffffd109  ffffd10c         4
  _rpdl_CGC_xCLK_mul_value
                                  ffffd109         4   data ,g         * 

SECTION=C
FILE=C:\WorkSpace\rx62n_sci_async\rx62n_sci_async\Debug\command.obj
                                  ffffd110  ffffd14f        40
  _commandTable
                                  ffffd110        3c   data ,g         * 
  _COMMAND_COUNT
                                  ffffd14c         4   data ,g         * 
FILE=C:\WorkSpace\rx62n_sci_async\rx62n_sci_async\Debug\dbsct.obj
                                  ffffd150  ffffd167        18
  __CTBL
                                  ffffd150        18   data ,g         * 

SECTION=C$DSEC
FILE=C:\WorkSpace\rx62n_sci_async\rx62n_sci_async\Debug\dbsct.obj
                                  ffffd168  ffffd18b        24
  __DTBL
                                  ffffd168        24   data ,g         * 

SECTION=C$BSEC
FILE=C:\WorkSpace\rx62n_sci_async\rx62n_sci_async\Debug\dbsct.obj
                                  ffffd18c  ffffd1a3        18
  __BTBL
                                  ffffd18c        18   data ,g         * 

SECTION=C$VECT
FILE=C:\WorkSpace\rx62n_sci_async\rx62n_sci_async\Debug\resetprg.obj
                                  ffffd1a4  ffffd5a3       400

SECTION=D_1
FILE=C:\WorkSpace\rx62n_sci_async\rx62n_sci_async\Debug\main.obj
                                  ffffd5a4  ffffd5b1         e
FILE=C:\WorkSpace\rx62n_sci_async\rx62n_sci_async\Debug\sci.obj
                                  ffffd5b2  ffffd5b4         3

SECTION=D
FILE=C:\WorkSpace\rx62n_sci_async\rx62n_sci_async\Debug\iicComExe.obj
                                  ffffd5b8  ffffd5bb         4
FILE=C:\WorkSpace\rx62n_sci_async\rx62n_sci_async\Debug\main.obj
                                  ffffd5bc  ffffd5ef        34
FILE=C:\WorkSpace\rx62n_sci_async\rx62n_sci_async\Debug\sbrk.obj
                                  ffffd5f0  ffffd5f3         4
FILE=globals_INTC
                                  ffffd5f4  ffffd64b        58

SECTION=L
FILE=C:\WorkSpace\rx62n_sci_async\rx62n_sci_async\Debug\command.obj
                                  ffffd64c  ffffd65f        14
FILE=C:\WorkSpace\rx62n_sci_async\rx62n_sci_async\Debug\main.obj
                                  ffffd660  ffffd663         4

SECTION=FIXEDVECT
FILE=C:\WorkSpace\rx62n_sci_async\rx62n_sci_async\Debug\Interrupt_INTC.obj
                                  ffffffd0  ffffffff        30
  _Fixed_Vectors
                                  ffffffd0        30   data ,g         * 

*** Unfilled Areas ***

AREA                                START    END

*** Delete Symbols ***

SYMBOL                                SIZE    INFO
